<html>
<body>
<pre>
<h1>µVision Build Log</h1>
<h2>Tool Versions:</h2>
IDE-Version: µVision V5.31.0.0
Copyright (C) 2020 ARM Ltd and ARM Germany GmbH. All rights reserved.
License Information: Howard Krupsky, San Francisco State University, LIC=----
 
Tool Versions:
Toolchain:       MDK-Lite  Version: 5.31.0.0
Toolchain Path:  E:\Keil\ARM\ARMCC\Bin
C Compiler:      Armcc.exe V5.06 update 6 (build 750)
Assembler:       Armasm.exe V5.06 update 6 (build 750)
Linker/Locator:  ArmLink.exe V5.06 update 6 (build 750)
Library Manager: ArmAr.exe V5.06 update 6 (build 750)
Hex Converter:   FromElf.exe V5.06 update 6 (build 750)
CPU DLL:         SARMCM3.DLL V5.31.0.0
Dialog DLL:      DCM.DLL V1.17.3.0
Target DLL:      lmidk-agdi.dll V???
Dialog DLL:      TCM.DLL V1.46.0.0
 
<h2>Project:</h2>
E:\ti\TivaWare_C_Series-2.1.4.178\examples\boards\my_projects\final_project\final_project.uvproj
Project File Date:  12/02/2020

<h2>Output:</h2>
*** Using Compiler 'V5.06 update 6 (build 750)', folder: 'E:\Keil\ARM\ARMCC\Bin'
Rebuild target 'final_project'
compiling midi.c...
assembling startup_rvmdk.S...
compiling midi-tune.c...
compiling utilities.c...
compiling Strings.c...
compiling list.c...
compiling queue.c...
compiling heap_1.c...
compiling tasks.c...
compiling timers.c...
compiling port.c...
compiling HAL_NVIC.c...
compiling HAL_GPIO.c...
compiling HAL_PLL.c...
compiling HAL_PWM.c...
compiling final_project.c...
final_project.c(382): warning:  #177-D: function "ErrHandler"  was declared but never referenced
  static void ErrHandler(void)
final_project.c(530): warning:  #177-D: function "InitHardware"  was declared but never referenced
  static int InitHardware(void)
final_project.c: 2 warnings, 0 errors
linking...
Program Size: Code=5032 RO-data=1180 RW-data=180 ZI-data=436  
".\Objects\final_project.axf" - 0 Error(s), 2 Warning(s).
Build Time Elapsed:  00:00:01
</pre>
</body>
</html>
