Component: ARM Compiler 5.06 update 6 (build 750) Tool: armlink [4d35ed]

==============================================================================

Section Cross References

    project.o(i.InitHardware) refers to hal_pll.o(i.PLL_Init80MHz) for PLL_Init80MHz
    project.o(i.InitHardware) refers to hal_pll.o(i.PLL_GetBusClockFreq) for PLL_GetBusClockFreq
    project.o(i.InitHardware) refers to hal_gpio.o(i.GPIO_EnableDI) for GPIO_EnableDI
    project.o(i.InitHardware) refers to hal_gpio.o(i.GPIO_EnableInterrupt) for GPIO_EnableInterrupt
    project.o(i.InitHardware) refers to hal_pwm.o(i.PWM_SetClockDivisor) for PWM_SetClockDivisor
    project.o(i.InitHardware) refers to project.o(.data) for SystemCoreClock
    project.o(i.InitHardware) refers to project.o(.constdata) for .constdata
    project.o(i.InitHardware) refers to project.o(i.SwitchHandler) for SwitchHandler
    project.o(i.IsPlaying) refers to project.o(.data) for trackParams_
    project.o(i.IsPlaying) refers to midi-tune.o(.data) for midi_tune
    project.o(i.PlayNote) refers to hal_pwm.o(i.PWM_Disable) for PWM_Disable
    project.o(i.PlayNote) refers to hal_pwm.o(i.PWM_Configure) for PWM_Configure
    project.o(i.PlayNote) refers to hal_pwm.o(i.PWM_Enable) for PWM_Enable
    project.o(i.PlayNote) refers to midi.o(.constdata) for Midi_NotePwmPeriods
    project.o(i.SwitchHandler) refers to hal_gpio.o(i.GPIO_DisarmInterrupt) for GPIO_DisarmInterrupt
    project.o(i.SwitchHandler) refers to queue.o(i.xQueueGiveFromISR) for xQueueGiveFromISR
    project.o(i.SwitchHandler) refers to project.o(.constdata) for .constdata
    project.o(i.SwitchHandler) refers to project.o(.data) for switchPressed_
    project.o(i.main) refers to project.o(i.InitHardware) for InitHardware
    project.o(i.main) refers to project.o(i.ErrHandler) for ErrHandler
    project.o(i.main) refers to queue.o(i.xQueueGenericCreate) for xQueueGenericCreate
    project.o(i.main) refers to queue.o(i.xQueueCreateCountingSemaphore) for xQueueCreateCountingSemaphore
    project.o(i.main) refers to tasks.o(i.xTaskCreate) for xTaskCreate
    project.o(i.main) refers to tasks.o(i.vTaskStartScheduler) for vTaskStartScheduler
    project.o(i.main) refers to project.o(.data) for playSemaphore_
    project.o(i.main) refers to project.o(i.vSwitchTask) for vSwitchTask
    project.o(i.main) refers to midi-tune.o(.data) for midi_tune
    project.o(i.main) refers to project.o(i.vTrackTask) for vTrackTask
    project.o(i.vSwitchTask) refers to queue.o(i.xQueueSemaphoreTake) for xQueueSemaphoreTake
    project.o(i.vSwitchTask) refers to project.o(i.IsPlaying) for IsPlaying
    project.o(i.vSwitchTask) refers to queue.o(i.xQueueGenericSend) for xQueueGenericSend
    project.o(i.vSwitchTask) refers to tasks.o(i.xTaskAbortDelay) for xTaskAbortDelay
    project.o(i.vSwitchTask) refers to tasks.o(i.vTaskDelay) for vTaskDelay
    project.o(i.vSwitchTask) refers to hal_gpio.o(i.GPIO_RearmInterrupt) for GPIO_RearmInterrupt
    project.o(i.vSwitchTask) refers to project.o(.data) for playSemaphore_
    project.o(i.vSwitchTask) refers to midi-tune.o(.data) for midi_tune
    project.o(i.vSwitchTask) refers to project.o(.constdata) for .constdata
    project.o(i.vTrackTask) refers to queue.o(i.xQueueSemaphoreTake) for xQueueSemaphoreTake
    project.o(i.vTrackTask) refers to tasks.o(i.xTaskGetTickCount) for xTaskGetTickCount
    project.o(i.vTrackTask) refers to tasks.o(i.vTaskDelayUntil) for vTaskDelayUntil
    project.o(i.vTrackTask) refers to project.o(i.PlayNote) for PlayNote
    project.o(i.vTrackTask) refers to hal_pwm.o(i.PWM_Disable) for PWM_Disable
    project.o(i.vTrackTask) refers to project.o(.data) for trackSemaphore_
    startup_rvmdk.o(RESET) refers to startup_rvmdk.o(STACK) for StackMem
    startup_rvmdk.o(RESET) refers to port.o(.emb_text) for SVC_Handler
    startup_rvmdk.o(RESET) refers to port.o(i.SysTick_Handler) for SysTick_Handler
    startup_rvmdk.o(RESET) refers to hal_gpio.o(i.GPIO_PortFHandler) for GPIO_PortFHandler
    startup_rvmdk.o(RESET) refers to entry.o(.ARM.Collect$$$$00000000) for __main
    hal_gpio.o(i.GPIO_DisarmInterrupt) refers to hal_gpio.o(.data) for GPIOBaseAddress
    hal_gpio.o(i.GPIO_EnableAltAnalog) refers to hal_gpio.o(i.GPIO_InitPort) for GPIO_InitPort
    hal_gpio.o(i.GPIO_EnableAltAnalog) refers to hal_gpio.o(.data) for GPIOBaseAddress
    hal_gpio.o(i.GPIO_EnableAltDigital) refers to hal_gpio.o(i.GPIO_InitPort) for GPIO_InitPort
    hal_gpio.o(i.GPIO_EnableAltDigital) refers to hal_gpio.o(.data) for GPIOBaseAddress
    hal_gpio.o(i.GPIO_EnableDI) refers to hal_gpio.o(i.GPIO_InitPort) for GPIO_InitPort
    hal_gpio.o(i.GPIO_EnableDI) refers to hal_gpio.o(.data) for GPIOBaseAddress
    hal_gpio.o(i.GPIO_EnableDO) refers to hal_gpio.o(i.GPIO_InitPort) for GPIO_InitPort
    hal_gpio.o(i.GPIO_EnableDO) refers to hal_gpio.o(.data) for GPIOBaseAddress
    hal_gpio.o(i.GPIO_EnableInterrupt) refers to hal_nvic.o(i.NVIC_EnableIRQ) for NVIC_EnableIRQ
    hal_gpio.o(i.GPIO_EnableInterrupt) refers to hal_gpio.o(.data) for GPIOBaseAddress
    hal_gpio.o(i.GPIO_GetBitBandIOAddress) refers to hal_gpio.o(i.GetPinNumber) for GetPinNumber
    hal_gpio.o(i.GPIO_GetBitBandIOAddress) refers to hal_gpio.o(.data) for GPIOBaseAddress
    hal_gpio.o(i.GPIO_PortFHandler) refers to hal_gpio.o(i.HandleInterrupt) for HandleInterrupt
    hal_gpio.o(i.GPIO_PortFHandler) refers to hal_gpio.o(.data) for GPIOBaseAddress
    hal_gpio.o(i.GPIO_RearmInterrupt) refers to hal_gpio.o(.data) for GPIOBaseAddress
    hal_nvic.o(i.NVIC_EnableIRQ) refers to hal_nvic.o(i.SetPriority) for SetPriority
    hal_pll.o(i.PLL_GetBusClockFreq) refers to hal_pll.o(.data) for busClockFreq_
    hal_pll.o(i.PLL_Init80MHz) refers to hal_pll.o(.data) for busClockFreq_
    hal_pwm.o(i.PWM_Configure) refers to hal_gpio.o(i.GPIO_EnableAltDigital) for GPIO_EnableAltDigital
    hal_pwm.o(i.PWM_Configure) refers to hal_pwm.o(.data) for PWMBaseAddress
    hal_pwm.o(i.PWM_Disable) refers to hal_pwm.o(.data) for PWMBaseAddress
    hal_pwm.o(i.PWM_Enable) refers to hal_pwm.o(.data) for PWMBaseAddress
    hal_pwm.o(i.PWM_SetDuty) refers to hal_pwm.o(.data) for PWMBaseAddress
    strings.o(i.atoi) refers to strings.o(i.isspace) for isspace
    strings.o(i.atoi) refers to strings.o(i.isdigit) for isdigit
    strings.o(i.itoa) refers to strings.o(i.reverse) for reverse
    strings.o(i.reverse) refers to strings.o(i.strlen) for strlen
    queue.o(i.prvCopyDataFromQueue) refers to memcpya.o(.text) for __aeabi_memcpy
    queue.o(i.prvCopyDataToQueue) refers to memcpya.o(.text) for __aeabi_memcpy
    queue.o(i.prvInitialiseNewQueue) refers to queue.o(i.xQueueGenericReset) for xQueueGenericReset
    queue.o(i.prvIsQueueEmpty) refers to port.o(i.vPortEnterCritical) for vPortEnterCritical
    queue.o(i.prvIsQueueEmpty) refers to port.o(i.vPortExitCritical) for vPortExitCritical
    queue.o(i.prvIsQueueFull) refers to port.o(i.vPortEnterCritical) for vPortEnterCritical
    queue.o(i.prvIsQueueFull) refers to port.o(i.vPortExitCritical) for vPortExitCritical
    queue.o(i.prvUnlockQueue) refers to port.o(i.vPortEnterCritical) for vPortEnterCritical
    queue.o(i.prvUnlockQueue) refers to tasks.o(i.xTaskRemoveFromEventList) for xTaskRemoveFromEventList
    queue.o(i.prvUnlockQueue) refers to tasks.o(i.vTaskMissedYield) for vTaskMissedYield
    queue.o(i.prvUnlockQueue) refers to port.o(i.vPortExitCritical) for vPortExitCritical
    queue.o(i.uxQueueMessagesWaiting) refers to port.o(i.vPortEnterCritical) for vPortEnterCritical
    queue.o(i.uxQueueMessagesWaiting) refers to port.o(i.vPortExitCritical) for vPortExitCritical
    queue.o(i.uxQueueSpacesAvailable) refers to port.o(i.vPortEnterCritical) for vPortEnterCritical
    queue.o(i.uxQueueSpacesAvailable) refers to port.o(i.vPortExitCritical) for vPortExitCritical
    queue.o(i.vQueueDelete) refers to heap_1.o(i.vPortFree) for vPortFree
    queue.o(i.vQueueWaitForMessageRestricted) refers to port.o(i.vPortEnterCritical) for vPortEnterCritical
    queue.o(i.vQueueWaitForMessageRestricted) refers to port.o(i.vPortExitCritical) for vPortExitCritical
    queue.o(i.vQueueWaitForMessageRestricted) refers to tasks.o(i.vTaskPlaceOnEventListRestricted) for vTaskPlaceOnEventListRestricted
    queue.o(i.vQueueWaitForMessageRestricted) refers to queue.o(i.prvUnlockQueue) for prvUnlockQueue
    queue.o(i.xQueueCreateCountingSemaphore) refers to queue.o(i.xQueueGenericCreate) for xQueueGenericCreate
    queue.o(i.xQueueGenericCreate) refers to heap_1.o(i.pvPortMalloc) for pvPortMalloc
    queue.o(i.xQueueGenericCreate) refers to queue.o(i.prvInitialiseNewQueue) for prvInitialiseNewQueue
    queue.o(i.xQueueGenericReset) refers to port.o(i.vPortEnterCritical) for vPortEnterCritical
    queue.o(i.xQueueGenericReset) refers to tasks.o(i.xTaskRemoveFromEventList) for xTaskRemoveFromEventList
    queue.o(i.xQueueGenericReset) refers to list.o(i.vListInitialise) for vListInitialise
    queue.o(i.xQueueGenericReset) refers to port.o(i.vPortExitCritical) for vPortExitCritical
    queue.o(i.xQueueGenericSend) refers to tasks.o(i.xTaskGetSchedulerState) for xTaskGetSchedulerState
    queue.o(i.xQueueGenericSend) refers to port.o(i.vPortEnterCritical) for vPortEnterCritical
    queue.o(i.xQueueGenericSend) refers to queue.o(i.prvCopyDataToQueue) for prvCopyDataToQueue
    queue.o(i.xQueueGenericSend) refers to tasks.o(i.xTaskRemoveFromEventList) for xTaskRemoveFromEventList
    queue.o(i.xQueueGenericSend) refers to port.o(i.vPortExitCritical) for vPortExitCritical
    queue.o(i.xQueueGenericSend) refers to tasks.o(i.vTaskInternalSetTimeOutState) for vTaskInternalSetTimeOutState
    queue.o(i.xQueueGenericSend) refers to tasks.o(i.vTaskSuspendAll) for vTaskSuspendAll
    queue.o(i.xQueueGenericSend) refers to tasks.o(i.xTaskCheckForTimeOut) for xTaskCheckForTimeOut
    queue.o(i.xQueueGenericSend) refers to queue.o(i.prvIsQueueFull) for prvIsQueueFull
    queue.o(i.xQueueGenericSend) refers to tasks.o(i.vTaskPlaceOnEventList) for vTaskPlaceOnEventList
    queue.o(i.xQueueGenericSend) refers to queue.o(i.prvUnlockQueue) for prvUnlockQueue
    queue.o(i.xQueueGenericSend) refers to tasks.o(i.xTaskResumeAll) for xTaskResumeAll
    queue.o(i.xQueueGenericSendFromISR) refers to port.o(i.vPortValidateInterruptPriority) for vPortValidateInterruptPriority
    queue.o(i.xQueueGenericSendFromISR) refers to queue.o(i.prvCopyDataToQueue) for prvCopyDataToQueue
    queue.o(i.xQueueGenericSendFromISR) refers to tasks.o(i.xTaskRemoveFromEventList) for xTaskRemoveFromEventList
    queue.o(i.xQueueGiveFromISR) refers to port.o(i.vPortValidateInterruptPriority) for vPortValidateInterruptPriority
    queue.o(i.xQueueGiveFromISR) refers to tasks.o(i.xTaskRemoveFromEventList) for xTaskRemoveFromEventList
    queue.o(i.xQueuePeek) refers to tasks.o(i.xTaskGetSchedulerState) for xTaskGetSchedulerState
    queue.o(i.xQueuePeek) refers to port.o(i.vPortEnterCritical) for vPortEnterCritical
    queue.o(i.xQueuePeek) refers to queue.o(i.prvCopyDataFromQueue) for prvCopyDataFromQueue
    queue.o(i.xQueuePeek) refers to tasks.o(i.xTaskRemoveFromEventList) for xTaskRemoveFromEventList
    queue.o(i.xQueuePeek) refers to port.o(i.vPortExitCritical) for vPortExitCritical
    queue.o(i.xQueuePeek) refers to tasks.o(i.vTaskInternalSetTimeOutState) for vTaskInternalSetTimeOutState
    queue.o(i.xQueuePeek) refers to tasks.o(i.vTaskSuspendAll) for vTaskSuspendAll
    queue.o(i.xQueuePeek) refers to tasks.o(i.xTaskCheckForTimeOut) for xTaskCheckForTimeOut
    queue.o(i.xQueuePeek) refers to queue.o(i.prvIsQueueEmpty) for prvIsQueueEmpty
    queue.o(i.xQueuePeek) refers to tasks.o(i.vTaskPlaceOnEventList) for vTaskPlaceOnEventList
    queue.o(i.xQueuePeek) refers to queue.o(i.prvUnlockQueue) for prvUnlockQueue
    queue.o(i.xQueuePeek) refers to tasks.o(i.xTaskResumeAll) for xTaskResumeAll
    queue.o(i.xQueuePeekFromISR) refers to port.o(i.vPortValidateInterruptPriority) for vPortValidateInterruptPriority
    queue.o(i.xQueuePeekFromISR) refers to queue.o(i.prvCopyDataFromQueue) for prvCopyDataFromQueue
    queue.o(i.xQueueReceive) refers to tasks.o(i.xTaskGetSchedulerState) for xTaskGetSchedulerState
    queue.o(i.xQueueReceive) refers to port.o(i.vPortEnterCritical) for vPortEnterCritical
    queue.o(i.xQueueReceive) refers to queue.o(i.prvCopyDataFromQueue) for prvCopyDataFromQueue
    queue.o(i.xQueueReceive) refers to tasks.o(i.xTaskRemoveFromEventList) for xTaskRemoveFromEventList
    queue.o(i.xQueueReceive) refers to port.o(i.vPortExitCritical) for vPortExitCritical
    queue.o(i.xQueueReceive) refers to tasks.o(i.vTaskInternalSetTimeOutState) for vTaskInternalSetTimeOutState
    queue.o(i.xQueueReceive) refers to tasks.o(i.vTaskSuspendAll) for vTaskSuspendAll
    queue.o(i.xQueueReceive) refers to tasks.o(i.xTaskCheckForTimeOut) for xTaskCheckForTimeOut
    queue.o(i.xQueueReceive) refers to queue.o(i.prvIsQueueEmpty) for prvIsQueueEmpty
    queue.o(i.xQueueReceive) refers to tasks.o(i.vTaskPlaceOnEventList) for vTaskPlaceOnEventList
    queue.o(i.xQueueReceive) refers to queue.o(i.prvUnlockQueue) for prvUnlockQueue
    queue.o(i.xQueueReceive) refers to tasks.o(i.xTaskResumeAll) for xTaskResumeAll
    queue.o(i.xQueueReceiveFromISR) refers to port.o(i.vPortValidateInterruptPriority) for vPortValidateInterruptPriority
    queue.o(i.xQueueReceiveFromISR) refers to queue.o(i.prvCopyDataFromQueue) for prvCopyDataFromQueue
    queue.o(i.xQueueReceiveFromISR) refers to tasks.o(i.xTaskRemoveFromEventList) for xTaskRemoveFromEventList
    queue.o(i.xQueueSemaphoreTake) refers to tasks.o(i.xTaskGetSchedulerState) for xTaskGetSchedulerState
    queue.o(i.xQueueSemaphoreTake) refers to port.o(i.vPortEnterCritical) for vPortEnterCritical
    queue.o(i.xQueueSemaphoreTake) refers to tasks.o(i.xTaskRemoveFromEventList) for xTaskRemoveFromEventList
    queue.o(i.xQueueSemaphoreTake) refers to port.o(i.vPortExitCritical) for vPortExitCritical
    queue.o(i.xQueueSemaphoreTake) refers to tasks.o(i.vTaskInternalSetTimeOutState) for vTaskInternalSetTimeOutState
    queue.o(i.xQueueSemaphoreTake) refers to tasks.o(i.vTaskSuspendAll) for vTaskSuspendAll
    queue.o(i.xQueueSemaphoreTake) refers to tasks.o(i.xTaskCheckForTimeOut) for xTaskCheckForTimeOut
    queue.o(i.xQueueSemaphoreTake) refers to queue.o(i.prvIsQueueEmpty) for prvIsQueueEmpty
    queue.o(i.xQueueSemaphoreTake) refers to tasks.o(i.vTaskPlaceOnEventList) for vTaskPlaceOnEventList
    queue.o(i.xQueueSemaphoreTake) refers to queue.o(i.prvUnlockQueue) for prvUnlockQueue
    queue.o(i.xQueueSemaphoreTake) refers to tasks.o(i.xTaskResumeAll) for xTaskResumeAll
    tasks.o(i.eTaskGetState) refers to port.o(i.vPortEnterCritical) for vPortEnterCritical
    tasks.o(i.eTaskGetState) refers to port.o(i.vPortExitCritical) for vPortExitCritical
    tasks.o(i.eTaskGetState) refers to tasks.o(.data) for pxCurrentTCB
    tasks.o(i.eTaskGetState) refers to tasks.o(.bss) for xSuspendedTaskList
    tasks.o(i.pcTaskGetName) refers to tasks.o(.data) for pxCurrentTCB
    tasks.o(i.prvAddCurrentTaskToDelayedList) refers to list.o(i.uxListRemove) for uxListRemove
    tasks.o(i.prvAddCurrentTaskToDelayedList) refers to list.o(i.vListInsertEnd) for vListInsertEnd
    tasks.o(i.prvAddCurrentTaskToDelayedList) refers to list.o(i.vListInsert) for vListInsert
    tasks.o(i.prvAddCurrentTaskToDelayedList) refers to tasks.o(.data) for xTickCount
    tasks.o(i.prvAddCurrentTaskToDelayedList) refers to tasks.o(.bss) for xSuspendedTaskList
    tasks.o(i.prvAddNewTaskToReadyList) refers to port.o(i.vPortEnterCritical) for vPortEnterCritical
    tasks.o(i.prvAddNewTaskToReadyList) refers to tasks.o(i.prvInitialiseTaskLists) for prvInitialiseTaskLists
    tasks.o(i.prvAddNewTaskToReadyList) refers to list.o(i.vListInsertEnd) for vListInsertEnd
    tasks.o(i.prvAddNewTaskToReadyList) refers to port.o(i.vPortExitCritical) for vPortExitCritical
    tasks.o(i.prvAddNewTaskToReadyList) refers to tasks.o(.data) for uxCurrentNumberOfTasks
    tasks.o(i.prvAddNewTaskToReadyList) refers to tasks.o(.bss) for pxReadyTasksLists
    tasks.o(i.prvCheckTasksWaitingTermination) refers to port.o(i.vPortEnterCritical) for vPortEnterCritical
    tasks.o(i.prvCheckTasksWaitingTermination) refers to list.o(i.uxListRemove) for uxListRemove
    tasks.o(i.prvCheckTasksWaitingTermination) refers to port.o(i.vPortExitCritical) for vPortExitCritical
    tasks.o(i.prvCheckTasksWaitingTermination) refers to tasks.o(i.prvDeleteTCB) for prvDeleteTCB
    tasks.o(i.prvCheckTasksWaitingTermination) refers to tasks.o(.bss) for xTasksWaitingTermination
    tasks.o(i.prvCheckTasksWaitingTermination) refers to tasks.o(.data) for uxCurrentNumberOfTasks
    tasks.o(i.prvDeleteTCB) refers to heap_1.o(i.vPortFree) for vPortFree
    tasks.o(i.prvIdleTask) refers to tasks.o(i.prvCheckTasksWaitingTermination) for prvCheckTasksWaitingTermination
    tasks.o(i.prvInitialiseNewTask) refers to list.o(i.vListInitialiseItem) for vListInitialiseItem
    tasks.o(i.prvInitialiseNewTask) refers to port.o(i.pxPortInitialiseStack) for pxPortInitialiseStack
    tasks.o(i.prvInitialiseTaskLists) refers to list.o(i.vListInitialise) for vListInitialise
    tasks.o(i.prvInitialiseTaskLists) refers to tasks.o(.bss) for pxReadyTasksLists
    tasks.o(i.prvInitialiseTaskLists) refers to tasks.o(.data) for pxDelayedTaskList
    tasks.o(i.prvResetNextTaskUnblockTime) refers to tasks.o(.data) for pxDelayedTaskList
    tasks.o(i.prvTaskIsTaskSuspended) refers to tasks.o(.bss) for xSuspendedTaskList
    tasks.o(i.ulTaskNotifyTake) refers to port.o(i.vPortEnterCritical) for vPortEnterCritical
    tasks.o(i.ulTaskNotifyTake) refers to tasks.o(i.prvAddCurrentTaskToDelayedList) for prvAddCurrentTaskToDelayedList
    tasks.o(i.ulTaskNotifyTake) refers to port.o(i.vPortExitCritical) for vPortExitCritical
    tasks.o(i.ulTaskNotifyTake) refers to tasks.o(.data) for pxCurrentTCB
    tasks.o(i.uxTaskGetNumberOfTasks) refers to tasks.o(.data) for uxCurrentNumberOfTasks
    tasks.o(i.uxTaskPriorityGet) refers to port.o(i.vPortEnterCritical) for vPortEnterCritical
    tasks.o(i.uxTaskPriorityGet) refers to port.o(i.vPortExitCritical) for vPortExitCritical
    tasks.o(i.uxTaskPriorityGet) refers to tasks.o(.data) for pxCurrentTCB
    tasks.o(i.uxTaskPriorityGetFromISR) refers to port.o(i.vPortValidateInterruptPriority) for vPortValidateInterruptPriority
    tasks.o(i.uxTaskPriorityGetFromISR) refers to tasks.o(.data) for pxCurrentTCB
    tasks.o(i.uxTaskResetEventItemValue) refers to tasks.o(.data) for pxCurrentTCB
    tasks.o(i.vTaskDelay) refers to tasks.o(i.vTaskSuspendAll) for vTaskSuspendAll
    tasks.o(i.vTaskDelay) refers to tasks.o(i.prvAddCurrentTaskToDelayedList) for prvAddCurrentTaskToDelayedList
    tasks.o(i.vTaskDelay) refers to tasks.o(i.xTaskResumeAll) for xTaskResumeAll
    tasks.o(i.vTaskDelay) refers to tasks.o(.data) for uxSchedulerSuspended
    tasks.o(i.vTaskDelayUntil) refers to tasks.o(i.vTaskSuspendAll) for vTaskSuspendAll
    tasks.o(i.vTaskDelayUntil) refers to tasks.o(i.prvAddCurrentTaskToDelayedList) for prvAddCurrentTaskToDelayedList
    tasks.o(i.vTaskDelayUntil) refers to tasks.o(i.xTaskResumeAll) for xTaskResumeAll
    tasks.o(i.vTaskDelayUntil) refers to tasks.o(.data) for uxSchedulerSuspended
    tasks.o(i.vTaskDelete) refers to port.o(i.vPortEnterCritical) for vPortEnterCritical
    tasks.o(i.vTaskDelete) refers to list.o(i.uxListRemove) for uxListRemove
    tasks.o(i.vTaskDelete) refers to list.o(i.vListInsertEnd) for vListInsertEnd
    tasks.o(i.vTaskDelete) refers to tasks.o(i.prvDeleteTCB) for prvDeleteTCB
    tasks.o(i.vTaskDelete) refers to tasks.o(i.prvResetNextTaskUnblockTime) for prvResetNextTaskUnblockTime
    tasks.o(i.vTaskDelete) refers to port.o(i.vPortExitCritical) for vPortExitCritical
    tasks.o(i.vTaskDelete) refers to tasks.o(.data) for pxCurrentTCB
    tasks.o(i.vTaskDelete) refers to tasks.o(.bss) for pxReadyTasksLists
    tasks.o(i.vTaskEndScheduler) refers to port.o(i.vPortEndScheduler) for vPortEndScheduler
    tasks.o(i.vTaskEndScheduler) refers to tasks.o(.data) for xSchedulerRunning
    tasks.o(i.vTaskInternalSetTimeOutState) refers to tasks.o(.data) for xNumOfOverflows
    tasks.o(i.vTaskMissedYield) refers to tasks.o(.data) for xYieldPending
    tasks.o(i.vTaskNotifyGiveFromISR) refers to port.o(i.vPortValidateInterruptPriority) for vPortValidateInterruptPriority
    tasks.o(i.vTaskNotifyGiveFromISR) refers to list.o(i.uxListRemove) for uxListRemove
    tasks.o(i.vTaskNotifyGiveFromISR) refers to list.o(i.vListInsertEnd) for vListInsertEnd
    tasks.o(i.vTaskNotifyGiveFromISR) refers to tasks.o(.data) for uxSchedulerSuspended
    tasks.o(i.vTaskNotifyGiveFromISR) refers to tasks.o(.bss) for pxReadyTasksLists
    tasks.o(i.vTaskPlaceOnEventList) refers to list.o(i.vListInsert) for vListInsert
    tasks.o(i.vTaskPlaceOnEventList) refers to tasks.o(i.prvAddCurrentTaskToDelayedList) for prvAddCurrentTaskToDelayedList
    tasks.o(i.vTaskPlaceOnEventList) refers to tasks.o(.data) for pxCurrentTCB
    tasks.o(i.vTaskPlaceOnEventListRestricted) refers to list.o(i.vListInsertEnd) for vListInsertEnd
    tasks.o(i.vTaskPlaceOnEventListRestricted) refers to tasks.o(i.prvAddCurrentTaskToDelayedList) for prvAddCurrentTaskToDelayedList
    tasks.o(i.vTaskPlaceOnEventListRestricted) refers to tasks.o(.data) for pxCurrentTCB
    tasks.o(i.vTaskPlaceOnUnorderedEventList) refers to list.o(i.vListInsertEnd) for vListInsertEnd
    tasks.o(i.vTaskPlaceOnUnorderedEventList) refers to tasks.o(i.prvAddCurrentTaskToDelayedList) for prvAddCurrentTaskToDelayedList
    tasks.o(i.vTaskPlaceOnUnorderedEventList) refers to tasks.o(.data) for uxSchedulerSuspended
    tasks.o(i.vTaskPrioritySet) refers to port.o(i.vPortEnterCritical) for vPortEnterCritical
    tasks.o(i.vTaskPrioritySet) refers to list.o(i.uxListRemove) for uxListRemove
    tasks.o(i.vTaskPrioritySet) refers to list.o(i.vListInsertEnd) for vListInsertEnd
    tasks.o(i.vTaskPrioritySet) refers to port.o(i.vPortExitCritical) for vPortExitCritical
    tasks.o(i.vTaskPrioritySet) refers to tasks.o(.data) for pxCurrentTCB
    tasks.o(i.vTaskPrioritySet) refers to tasks.o(.bss) for pxReadyTasksLists
    tasks.o(i.vTaskRemoveFromUnorderedEventList) refers to list.o(i.uxListRemove) for uxListRemove
    tasks.o(i.vTaskRemoveFromUnorderedEventList) refers to list.o(i.vListInsertEnd) for vListInsertEnd
    tasks.o(i.vTaskRemoveFromUnorderedEventList) refers to tasks.o(.data) for uxSchedulerSuspended
    tasks.o(i.vTaskRemoveFromUnorderedEventList) refers to tasks.o(.bss) for pxReadyTasksLists
    tasks.o(i.vTaskResume) refers to port.o(i.vPortEnterCritical) for vPortEnterCritical
    tasks.o(i.vTaskResume) refers to tasks.o(i.prvTaskIsTaskSuspended) for prvTaskIsTaskSuspended
    tasks.o(i.vTaskResume) refers to list.o(i.uxListRemove) for uxListRemove
    tasks.o(i.vTaskResume) refers to list.o(i.vListInsertEnd) for vListInsertEnd
    tasks.o(i.vTaskResume) refers to port.o(i.vPortExitCritical) for vPortExitCritical
    tasks.o(i.vTaskResume) refers to tasks.o(.data) for pxCurrentTCB
    tasks.o(i.vTaskResume) refers to tasks.o(.bss) for pxReadyTasksLists
    tasks.o(i.vTaskSetTimeOutState) refers to port.o(i.vPortEnterCritical) for vPortEnterCritical
    tasks.o(i.vTaskSetTimeOutState) refers to port.o(i.vPortExitCritical) for vPortExitCritical
    tasks.o(i.vTaskSetTimeOutState) refers to tasks.o(.data) for xNumOfOverflows
    tasks.o(i.vTaskStartScheduler) refers to tasks.o(i.xTaskCreate) for xTaskCreate
    tasks.o(i.vTaskStartScheduler) refers to timers.o(i.xTimerCreateTimerTask) for xTimerCreateTimerTask
    tasks.o(i.vTaskStartScheduler) refers to port.o(i.xPortStartScheduler) for xPortStartScheduler
    tasks.o(i.vTaskStartScheduler) refers to tasks.o(.data) for xIdleTaskHandle
    tasks.o(i.vTaskStartScheduler) refers to tasks.o(i.prvIdleTask) for prvIdleTask
    tasks.o(i.vTaskSuspend) refers to port.o(i.vPortEnterCritical) for vPortEnterCritical
    tasks.o(i.vTaskSuspend) refers to list.o(i.uxListRemove) for uxListRemove
    tasks.o(i.vTaskSuspend) refers to list.o(i.vListInsertEnd) for vListInsertEnd
    tasks.o(i.vTaskSuspend) refers to port.o(i.vPortExitCritical) for vPortExitCritical
    tasks.o(i.vTaskSuspend) refers to tasks.o(i.prvResetNextTaskUnblockTime) for prvResetNextTaskUnblockTime
    tasks.o(i.vTaskSuspend) refers to tasks.o(i.vTaskSwitchContext) for vTaskSwitchContext
    tasks.o(i.vTaskSuspend) refers to tasks.o(.data) for pxCurrentTCB
    tasks.o(i.vTaskSuspend) refers to tasks.o(.bss) for pxReadyTasksLists
    tasks.o(i.vTaskSuspendAll) refers to tasks.o(.data) for uxSchedulerSuspended
    tasks.o(i.vTaskSwitchContext) refers to tasks.o(.data) for uxSchedulerSuspended
    tasks.o(i.vTaskSwitchContext) refers to tasks.o(.bss) for pxReadyTasksLists
    tasks.o(i.xTaskAbortDelay) refers to tasks.o(i.vTaskSuspendAll) for vTaskSuspendAll
    tasks.o(i.xTaskAbortDelay) refers to tasks.o(i.eTaskGetState) for eTaskGetState
    tasks.o(i.xTaskAbortDelay) refers to list.o(i.uxListRemove) for uxListRemove
    tasks.o(i.xTaskAbortDelay) refers to port.o(i.vPortEnterCritical) for vPortEnterCritical
    tasks.o(i.xTaskAbortDelay) refers to port.o(i.vPortExitCritical) for vPortExitCritical
    tasks.o(i.xTaskAbortDelay) refers to list.o(i.vListInsertEnd) for vListInsertEnd
    tasks.o(i.xTaskAbortDelay) refers to tasks.o(i.xTaskResumeAll) for xTaskResumeAll
    tasks.o(i.xTaskAbortDelay) refers to tasks.o(.data) for uxTopReadyPriority
    tasks.o(i.xTaskAbortDelay) refers to tasks.o(.bss) for pxReadyTasksLists
    tasks.o(i.xTaskCheckForTimeOut) refers to port.o(i.vPortEnterCritical) for vPortEnterCritical
    tasks.o(i.xTaskCheckForTimeOut) refers to tasks.o(i.vTaskInternalSetTimeOutState) for vTaskInternalSetTimeOutState
    tasks.o(i.xTaskCheckForTimeOut) refers to port.o(i.vPortExitCritical) for vPortExitCritical
    tasks.o(i.xTaskCheckForTimeOut) refers to tasks.o(.data) for xTickCount
    tasks.o(i.xTaskCreate) refers to heap_1.o(i.pvPortMalloc) for pvPortMalloc
    tasks.o(i.xTaskCreate) refers to heap_1.o(i.vPortFree) for vPortFree
    tasks.o(i.xTaskCreate) refers to tasks.o(i.prvInitialiseNewTask) for prvInitialiseNewTask
    tasks.o(i.xTaskCreate) refers to tasks.o(i.prvAddNewTaskToReadyList) for prvAddNewTaskToReadyList
    tasks.o(i.xTaskGenericNotify) refers to port.o(i.vPortEnterCritical) for vPortEnterCritical
    tasks.o(i.xTaskGenericNotify) refers to list.o(i.uxListRemove) for uxListRemove
    tasks.o(i.xTaskGenericNotify) refers to list.o(i.vListInsertEnd) for vListInsertEnd
    tasks.o(i.xTaskGenericNotify) refers to port.o(i.vPortExitCritical) for vPortExitCritical
    tasks.o(i.xTaskGenericNotify) refers to tasks.o(.data) for uxTopReadyPriority
    tasks.o(i.xTaskGenericNotify) refers to tasks.o(.bss) for pxReadyTasksLists
    tasks.o(i.xTaskGenericNotifyFromISR) refers to port.o(i.vPortValidateInterruptPriority) for vPortValidateInterruptPriority
    tasks.o(i.xTaskGenericNotifyFromISR) refers to list.o(i.uxListRemove) for uxListRemove
    tasks.o(i.xTaskGenericNotifyFromISR) refers to list.o(i.vListInsertEnd) for vListInsertEnd
    tasks.o(i.xTaskGenericNotifyFromISR) refers to tasks.o(.data) for uxSchedulerSuspended
    tasks.o(i.xTaskGenericNotifyFromISR) refers to tasks.o(.bss) for pxReadyTasksLists
    tasks.o(i.xTaskGetSchedulerState) refers to tasks.o(.data) for xSchedulerRunning
    tasks.o(i.xTaskGetTickCount) refers to tasks.o(.data) for xTickCount
    tasks.o(i.xTaskGetTickCountFromISR) refers to port.o(i.vPortValidateInterruptPriority) for vPortValidateInterruptPriority
    tasks.o(i.xTaskGetTickCountFromISR) refers to tasks.o(.data) for xTickCount
    tasks.o(i.xTaskIncrementTick) refers to tasks.o(i.prvResetNextTaskUnblockTime) for prvResetNextTaskUnblockTime
    tasks.o(i.xTaskIncrementTick) refers to list.o(i.uxListRemove) for uxListRemove
    tasks.o(i.xTaskIncrementTick) refers to list.o(i.vListInsertEnd) for vListInsertEnd
    tasks.o(i.xTaskIncrementTick) refers to tasks.o(.data) for uxSchedulerSuspended
    tasks.o(i.xTaskIncrementTick) refers to tasks.o(.bss) for pxReadyTasksLists
    tasks.o(i.xTaskNotifyStateClear) refers to port.o(i.vPortEnterCritical) for vPortEnterCritical
    tasks.o(i.xTaskNotifyStateClear) refers to port.o(i.vPortExitCritical) for vPortExitCritical
    tasks.o(i.xTaskNotifyStateClear) refers to tasks.o(.data) for pxCurrentTCB
    tasks.o(i.xTaskNotifyWait) refers to port.o(i.vPortEnterCritical) for vPortEnterCritical
    tasks.o(i.xTaskNotifyWait) refers to tasks.o(i.prvAddCurrentTaskToDelayedList) for prvAddCurrentTaskToDelayedList
    tasks.o(i.xTaskNotifyWait) refers to port.o(i.vPortExitCritical) for vPortExitCritical
    tasks.o(i.xTaskNotifyWait) refers to tasks.o(.data) for pxCurrentTCB
    tasks.o(i.xTaskRemoveFromEventList) refers to list.o(i.uxListRemove) for uxListRemove
    tasks.o(i.xTaskRemoveFromEventList) refers to list.o(i.vListInsertEnd) for vListInsertEnd
    tasks.o(i.xTaskRemoveFromEventList) refers to tasks.o(.data) for uxSchedulerSuspended
    tasks.o(i.xTaskRemoveFromEventList) refers to tasks.o(.bss) for pxReadyTasksLists
    tasks.o(i.xTaskResumeAll) refers to port.o(i.vPortEnterCritical) for vPortEnterCritical
    tasks.o(i.xTaskResumeAll) refers to list.o(i.uxListRemove) for uxListRemove
    tasks.o(i.xTaskResumeAll) refers to list.o(i.vListInsertEnd) for vListInsertEnd
    tasks.o(i.xTaskResumeAll) refers to tasks.o(i.prvResetNextTaskUnblockTime) for prvResetNextTaskUnblockTime
    tasks.o(i.xTaskResumeAll) refers to tasks.o(i.xTaskIncrementTick) for xTaskIncrementTick
    tasks.o(i.xTaskResumeAll) refers to port.o(i.vPortExitCritical) for vPortExitCritical
    tasks.o(i.xTaskResumeAll) refers to tasks.o(.data) for uxSchedulerSuspended
    tasks.o(i.xTaskResumeAll) refers to tasks.o(.bss) for xPendingReadyList
    tasks.o(i.xTaskResumeFromISR) refers to port.o(i.vPortValidateInterruptPriority) for vPortValidateInterruptPriority
    tasks.o(i.xTaskResumeFromISR) refers to tasks.o(i.prvTaskIsTaskSuspended) for prvTaskIsTaskSuspended
    tasks.o(i.xTaskResumeFromISR) refers to list.o(i.uxListRemove) for uxListRemove
    tasks.o(i.xTaskResumeFromISR) refers to list.o(i.vListInsertEnd) for vListInsertEnd
    tasks.o(i.xTaskResumeFromISR) refers to tasks.o(.data) for uxSchedulerSuspended
    tasks.o(i.xTaskResumeFromISR) refers to tasks.o(.bss) for pxReadyTasksLists
    timers.o(i.prvCheckForValidListAndQueue) refers to port.o(i.vPortEnterCritical) for vPortEnterCritical
    timers.o(i.prvCheckForValidListAndQueue) refers to list.o(i.vListInitialise) for vListInitialise
    timers.o(i.prvCheckForValidListAndQueue) refers to queue.o(i.xQueueGenericCreate) for xQueueGenericCreate
    timers.o(i.prvCheckForValidListAndQueue) refers to port.o(i.vPortExitCritical) for vPortExitCritical
    timers.o(i.prvCheckForValidListAndQueue) refers to timers.o(.data) for xTimerQueue
    timers.o(i.prvCheckForValidListAndQueue) refers to timers.o(.bss) for xActiveTimerList1
    timers.o(i.prvGetNextExpireTime) refers to timers.o(.data) for pxCurrentTimerList
    timers.o(i.prvInitialiseNewTimer) refers to timers.o(i.prvCheckForValidListAndQueue) for prvCheckForValidListAndQueue
    timers.o(i.prvInitialiseNewTimer) refers to list.o(i.vListInitialiseItem) for vListInitialiseItem
    timers.o(i.prvInsertTimerInActiveList) refers to list.o(i.vListInsert) for vListInsert
    timers.o(i.prvInsertTimerInActiveList) refers to timers.o(.data) for pxOverflowTimerList
    timers.o(i.prvProcessExpiredTimer) refers to list.o(i.uxListRemove) for uxListRemove
    timers.o(i.prvProcessExpiredTimer) refers to timers.o(i.prvInsertTimerInActiveList) for prvInsertTimerInActiveList
    timers.o(i.prvProcessExpiredTimer) refers to timers.o(i.xTimerGenericCommand) for xTimerGenericCommand
    timers.o(i.prvProcessExpiredTimer) refers to timers.o(.data) for pxCurrentTimerList
    timers.o(i.prvProcessReceivedCommands) refers to list.o(i.uxListRemove) for uxListRemove
    timers.o(i.prvProcessReceivedCommands) refers to timers.o(i.prvSampleTimeNow) for prvSampleTimeNow
    timers.o(i.prvProcessReceivedCommands) refers to timers.o(i.prvInsertTimerInActiveList) for prvInsertTimerInActiveList
    timers.o(i.prvProcessReceivedCommands) refers to timers.o(i.xTimerGenericCommand) for xTimerGenericCommand
    timers.o(i.prvProcessReceivedCommands) refers to heap_1.o(i.vPortFree) for vPortFree
    timers.o(i.prvProcessReceivedCommands) refers to queue.o(i.xQueueReceive) for xQueueReceive
    timers.o(i.prvProcessReceivedCommands) refers to timers.o(.data) for xTimerQueue
    timers.o(i.prvProcessTimerOrBlockTask) refers to tasks.o(i.vTaskSuspendAll) for vTaskSuspendAll
    timers.o(i.prvProcessTimerOrBlockTask) refers to timers.o(i.prvSampleTimeNow) for prvSampleTimeNow
    timers.o(i.prvProcessTimerOrBlockTask) refers to tasks.o(i.xTaskResumeAll) for xTaskResumeAll
    timers.o(i.prvProcessTimerOrBlockTask) refers to timers.o(i.prvProcessExpiredTimer) for prvProcessExpiredTimer
    timers.o(i.prvProcessTimerOrBlockTask) refers to queue.o(i.vQueueWaitForMessageRestricted) for vQueueWaitForMessageRestricted
    timers.o(i.prvProcessTimerOrBlockTask) refers to timers.o(.data) for pxOverflowTimerList
    timers.o(i.prvSampleTimeNow) refers to tasks.o(i.xTaskGetTickCount) for xTaskGetTickCount
    timers.o(i.prvSampleTimeNow) refers to timers.o(i.prvSwitchTimerLists) for prvSwitchTimerLists
    timers.o(i.prvSampleTimeNow) refers to timers.o(.data) for xLastTime
    timers.o(i.prvSwitchTimerLists) refers to list.o(i.uxListRemove) for uxListRemove
    timers.o(i.prvSwitchTimerLists) refers to list.o(i.vListInsert) for vListInsert
    timers.o(i.prvSwitchTimerLists) refers to timers.o(i.xTimerGenericCommand) for xTimerGenericCommand
    timers.o(i.prvSwitchTimerLists) refers to timers.o(.data) for pxCurrentTimerList
    timers.o(i.prvTimerTask) refers to timers.o(i.prvGetNextExpireTime) for prvGetNextExpireTime
    timers.o(i.prvTimerTask) refers to timers.o(i.prvProcessTimerOrBlockTask) for prvProcessTimerOrBlockTask
    timers.o(i.prvTimerTask) refers to timers.o(i.prvProcessReceivedCommands) for prvProcessReceivedCommands
    timers.o(i.pvTimerGetTimerID) refers to port.o(i.vPortEnterCritical) for vPortEnterCritical
    timers.o(i.pvTimerGetTimerID) refers to port.o(i.vPortExitCritical) for vPortExitCritical
    timers.o(i.vTimerSetTimerID) refers to port.o(i.vPortEnterCritical) for vPortEnterCritical
    timers.o(i.vTimerSetTimerID) refers to port.o(i.vPortExitCritical) for vPortExitCritical
    timers.o(i.xTimerCreate) refers to heap_1.o(i.pvPortMalloc) for pvPortMalloc
    timers.o(i.xTimerCreate) refers to timers.o(i.prvInitialiseNewTimer) for prvInitialiseNewTimer
    timers.o(i.xTimerCreateTimerTask) refers to timers.o(i.prvCheckForValidListAndQueue) for prvCheckForValidListAndQueue
    timers.o(i.xTimerCreateTimerTask) refers to tasks.o(i.xTaskCreate) for xTaskCreate
    timers.o(i.xTimerCreateTimerTask) refers to timers.o(.data) for xTimerQueue
    timers.o(i.xTimerCreateTimerTask) refers to timers.o(i.prvTimerTask) for prvTimerTask
    timers.o(i.xTimerGenericCommand) refers to tasks.o(i.xTaskGetSchedulerState) for xTaskGetSchedulerState
    timers.o(i.xTimerGenericCommand) refers to queue.o(i.xQueueGenericSend) for xQueueGenericSend
    timers.o(i.xTimerGenericCommand) refers to queue.o(i.xQueueGenericSendFromISR) for xQueueGenericSendFromISR
    timers.o(i.xTimerGenericCommand) refers to timers.o(.data) for xTimerQueue
    timers.o(i.xTimerGetTimerDaemonTaskHandle) refers to timers.o(.data) for xTimerTaskHandle
    timers.o(i.xTimerIsTimerActive) refers to port.o(i.vPortEnterCritical) for vPortEnterCritical
    timers.o(i.xTimerIsTimerActive) refers to port.o(i.vPortExitCritical) for vPortExitCritical
    port.o(.emb_text) refers to tasks.o(i.vTaskSwitchContext) for vTaskSwitchContext
    port.o(.emb_text) refers to tasks.o(.data) for pxCurrentTCB
    port.o(i.SysTick_Handler) refers to tasks.o(i.xTaskIncrementTick) for xTaskIncrementTick
    port.o(i.prvTaskExitError) refers to port.o(.data) for uxCriticalNesting
    port.o(i.pxPortInitialiseStack) refers to port.o(i.prvTaskExitError) for prvTaskExitError
    port.o(i.vPortEndScheduler) refers to port.o(.data) for uxCriticalNesting
    port.o(i.vPortEnterCritical) refers to port.o(.data) for uxCriticalNesting
    port.o(i.vPortExitCritical) refers to port.o(.data) for uxCriticalNesting
    port.o(i.vPortSetupTimerInterrupt) refers to project.o(.data) for SystemCoreClock
    port.o(i.vPortValidateInterruptPriority) refers to port.o(.emb_text) for vPortGetIPSR
    port.o(i.vPortValidateInterruptPriority) refers to port.o(.data) for ucMaxSysCallPriority
    port.o(i.xPortStartScheduler) refers to port.o(i.vPortSetupTimerInterrupt) for vPortSetupTimerInterrupt
    port.o(i.xPortStartScheduler) refers to port.o(.emb_text) for __asm___6_port_c_39a90d8d__prvEnableVFP
    port.o(i.xPortStartScheduler) refers to port.o(.data) for ucMaxSysCallPriority
    heap_1.o(i.pvPortMalloc) refers to tasks.o(i.vTaskSuspendAll) for vTaskSuspendAll
    heap_1.o(i.pvPortMalloc) refers to tasks.o(i.xTaskResumeAll) for xTaskResumeAll
    heap_1.o(i.pvPortMalloc) refers to heap_1.o(.data) for pucAlignedHeap
    heap_1.o(i.pvPortMalloc) refers to heap_1.o(.bss) for ucHeap
    heap_1.o(i.vPortInitialiseBlocks) refers to heap_1.o(.data) for xNextFreeByte
    heap_1.o(i.xPortGetFreeHeapSize) refers to heap_1.o(.data) for xNextFreeByte
    entry.o(.ARM.Collect$$$$00000000) refers (Special) to entry10a.o(.ARM.Collect$$$$0000000D) for __rt_final_cpp
    entry.o(.ARM.Collect$$$$00000000) refers (Special) to entry11a.o(.ARM.Collect$$$$0000000F) for __rt_final_exit
    entry.o(.ARM.Collect$$$$00000000) refers (Special) to entry7b.o(.ARM.Collect$$$$00000008) for _main_clock
    entry.o(.ARM.Collect$$$$00000000) refers (Special) to entry8b.o(.ARM.Collect$$$$0000000A) for _main_cpp_init
    entry.o(.ARM.Collect$$$$00000000) refers (Special) to entry9a.o(.ARM.Collect$$$$0000000B) for _main_init
    entry.o(.ARM.Collect$$$$00000000) refers (Special) to entry5.o(.ARM.Collect$$$$00000004) for _main_scatterload
    entry.o(.ARM.Collect$$$$00000000) refers (Special) to entry2.o(.ARM.Collect$$$$00000001) for _main_stk
    entry2.o(.ARM.Collect$$$$00000001) refers to entry2.o(.ARM.Collect$$$$00002712) for __lit__00000000
    entry2.o(.ARM.Collect$$$$00002712) refers to startup_rvmdk.o(STACK) for __initial_sp
    entry2.o(__vectab_stack_and_reset_area) refers to startup_rvmdk.o(STACK) for __initial_sp
    entry2.o(__vectab_stack_and_reset_area) refers to entry.o(.ARM.Collect$$$$00000000) for __main
    entry5.o(.ARM.Collect$$$$00000004) refers to init.o(.text) for __scatterload
    entry9a.o(.ARM.Collect$$$$0000000B) refers to project.o(i.main) for main
    entry9b.o(.ARM.Collect$$$$0000000C) refers to project.o(i.main) for main
    init.o(.text) refers to entry5.o(.ARM.Collect$$$$00000004) for __main_after_scatterload


==============================================================================

Removing Unused input sections from the image.

    Removing startup_rvmdk.o(HEAP), (0 bytes).
    Removing startup_rvmdk.o(.text), (0 bytes).
    Removing hal_gpio.o(i.GPIO_EnableAltAnalog), (68 bytes).
    Removing hal_gpio.o(i.GPIO_EnableDO), (216 bytes).
    Removing hal_gpio.o(i.GPIO_GetBitBandIOAddress), (52 bytes).
    Removing hal_gpio.o(i.GetPinNumber), (28 bytes).
    Removing hal_nvic.o(i.NVIC_DisableIRQ), (52 bytes).
    Removing hal_pwm.o(i.PWM_SetDuty), (68 bytes).
    Removing strings.o(i.atoi), (80 bytes).
    Removing strings.o(i.isdigit), (18 bytes).
    Removing strings.o(i.isspace), (34 bytes).
    Removing strings.o(i.itoa), (70 bytes).
    Removing strings.o(i.reverse), (34 bytes).
    Removing strings.o(i.strlen), (18 bytes).
    Removing strings.o(i.strncpy), (40 bytes).
    Removing queue.o(i.uxQueueMessagesWaiting), (42 bytes).
    Removing queue.o(i.uxQueueMessagesWaitingFromISR), (30 bytes).
    Removing queue.o(i.uxQueueSpacesAvailable), (48 bytes).
    Removing queue.o(i.vQueueDelete), (38 bytes).
    Removing queue.o(i.xQueueIsQueueEmptyFromISR), (38 bytes).
    Removing queue.o(i.xQueueIsQueueFullFromISR), (42 bytes).
    Removing queue.o(i.xQueuePeek), (368 bytes).
    Removing queue.o(i.xQueuePeekFromISR), (176 bytes).
    Removing queue.o(i.xQueueReceiveFromISR), (202 bytes).
    Removing tasks.o(i.pcTaskGetName), (48 bytes).
    Removing tasks.o(i.prvTaskIsTaskSuspended), (88 bytes).
    Removing tasks.o(i.ulTaskNotifyTake), (116 bytes).
    Removing tasks.o(i.uxTaskGetNumberOfTasks), (12 bytes).
    Removing tasks.o(i.uxTaskPriorityGet), (36 bytes).
    Removing tasks.o(i.uxTaskPriorityGetFromISR), (68 bytes).
    Removing tasks.o(i.uxTaskResetEventItemValue), (28 bytes).
    Removing tasks.o(i.vTaskDelete), (244 bytes).
    Removing tasks.o(i.vTaskEndScheduler), (36 bytes).
    Removing tasks.o(i.vTaskNotifyGiveFromISR), (240 bytes).
    Removing tasks.o(i.vTaskPlaceOnUnorderedEventList), (108 bytes).
    Removing tasks.o(i.vTaskPrioritySet), (268 bytes).
    Removing tasks.o(i.vTaskRemoveFromUnorderedEventList), (164 bytes).
    Removing tasks.o(i.vTaskResume), (144 bytes).
    Removing tasks.o(i.vTaskSetTimeOutState), (60 bytes).
    Removing tasks.o(i.vTaskSuspend), (244 bytes).
    Removing tasks.o(i.xTaskGenericNotify), (260 bytes).
    Removing tasks.o(i.xTaskGenericNotifyFromISR), (324 bytes).
    Removing tasks.o(i.xTaskGetTickCountFromISR), (20 bytes).
    Removing tasks.o(i.xTaskNotifyStateClear), (52 bytes).
    Removing tasks.o(i.xTaskNotifyWait), (160 bytes).
    Removing tasks.o(i.xTaskResumeFromISR), (180 bytes).
    Removing timers.o(i.pcTimerGetName), (32 bytes).
    Removing timers.o(i.prvInitialiseNewTimer), (78 bytes).
    Removing timers.o(i.pvTimerGetTimerID), (44 bytes).
    Removing timers.o(i.vTimerSetTimerID), (44 bytes).
    Removing timers.o(i.xTimerCreate), (48 bytes).
    Removing timers.o(i.xTimerGetExpiryTime), (34 bytes).
    Removing timers.o(i.xTimerGetPeriod), (32 bytes).
    Removing timers.o(i.xTimerGetTimerDaemonTaskHandle), (48 bytes).
    Removing timers.o(i.xTimerIsTimerActive), (56 bytes).
    Removing port.o(i.vPortEndScheduler), (48 bytes).
    Removing heap_1.o(i.vPortInitialiseBlocks), (12 bytes).
    Removing heap_1.o(i.xPortGetFreeHeapSize), (16 bytes).

58 unused section(s) (total 5154 bytes) removed from the image.

==============================================================================

Image Symbol Table

    Local Symbols

    Symbol Name                              Value     Ov Type        Size  Object(Section)

    RESET                                    0x00000000   Section      648  startup_rvmdk.o(RESET)
    ../clib/../cmprslib/lz77c.c              0x00000000   Number         0  __dclz77c.o ABSOLUTE
    ../clib/microlib/init/entry.s            0x00000000   Number         0  entry2.o ABSOLUTE
    ../clib/microlib/init/entry.s            0x00000000   Number         0  entry9b.o ABSOLUTE
    ../clib/microlib/init/entry.s            0x00000000   Number         0  entry8b.o ABSOLUTE
    ../clib/microlib/init/entry.s            0x00000000   Number         0  entry9a.o ABSOLUTE
    ../clib/microlib/init/entry.s            0x00000000   Number         0  entry.o ABSOLUTE
    ../clib/microlib/init/entry.s            0x00000000   Number         0  entry11b.o ABSOLUTE
    ../clib/microlib/init/entry.s            0x00000000   Number         0  entry8a.o ABSOLUTE
    ../clib/microlib/init/entry.s            0x00000000   Number         0  entry11a.o ABSOLUTE
    ../clib/microlib/init/entry.s            0x00000000   Number         0  entry10b.o ABSOLUTE
    ../clib/microlib/init/entry.s            0x00000000   Number         0  entry5.o ABSOLUTE
    ../clib/microlib/init/entry.s            0x00000000   Number         0  entry7a.o ABSOLUTE
    ../clib/microlib/init/entry.s            0x00000000   Number         0  entry7b.o ABSOLUTE
    ../clib/microlib/init/entry.s            0x00000000   Number         0  entry10a.o ABSOLUTE
    ../clib/microlib/stdlib/abort.c          0x00000000   Number         0  abort.o ABSOLUTE
    ../clib/microlib/string/memcpy.c         0x00000000   Number         0  memcpyb.o ABSOLUTE
    ../clib/microlib/string/memcpy.c         0x00000000   Number         0  memcpya.o ABSOLUTE
    FreeRTOS\\portable\\RVDS\\ARM_CM4F\\port.c 0x00000000   Number         0  port.o ABSOLUTE
    FreeRTOS\list.c                          0x00000000   Number         0  list.o ABSOLUTE
    FreeRTOS\portable\MemMang\heap_1.c       0x00000000   Number         0  heap_1.o ABSOLUTE
    FreeRTOS\portable\RVDS\ARM_CM4F\port.c   0x00000000   Number         0  port.o ABSOLUTE
    FreeRTOS\queue.c                         0x00000000   Number         0  queue.o ABSOLUTE
    FreeRTOS\tasks.c                         0x00000000   Number         0  tasks.o ABSOLUTE
    FreeRTOS\timers.c                        0x00000000   Number         0  timers.o ABSOLUTE
    dc.s                                     0x00000000   Number         0  dc.o ABSOLUTE
    hal\HAL_GPIO.c                           0x00000000   Number         0  hal_gpio.o ABSOLUTE
    hal\HAL_NVIC.c                           0x00000000   Number         0  hal_nvic.o ABSOLUTE
    hal\HAL_PLL.c                            0x00000000   Number         0  hal_pll.o ABSOLUTE
    hal\HAL_PWM.c                            0x00000000   Number         0  hal_pwm.o ABSOLUTE
    handlers.s                               0x00000000   Number         0  handlers.o ABSOLUTE
    init.s                                   0x00000000   Number         0  init.o ABSOLUTE
    midi.c                                   0x00000000   Number         0  midi.o ABSOLUTE
    midifile\visual-studio\Debug\midi-tune.c 0x00000000   Number         0  midi-tune.o ABSOLUTE
    project.c                                0x00000000   Number         0  project.o ABSOLUTE
    startup_rvmdk.S                          0x00000000   Number         0  startup_rvmdk.o ABSOLUTE
    utilities\Strings.c                      0x00000000   Number         0  strings.o ABSOLUTE
    $v0                                      0x0000026c   Number         0  startup_rvmdk.o(RESET)
    NmiSR                                    0x00000281   Thumb Code     0  startup_rvmdk.o(RESET)
    FaultISR                                 0x00000283   Thumb Code     0  startup_rvmdk.o(RESET)
    IntDefaultHandler                        0x00000285   Thumb Code     0  startup_rvmdk.o(RESET)
    .ARM.Collect$$$$00000000                 0x00000288   Section        0  entry.o(.ARM.Collect$$$$00000000)
    .ARM.Collect$$$$00000001                 0x00000288   Section        4  entry2.o(.ARM.Collect$$$$00000001)
    .ARM.Collect$$$$00000004                 0x0000028c   Section        4  entry5.o(.ARM.Collect$$$$00000004)
    .ARM.Collect$$$$00000008                 0x00000290   Section        0  entry7b.o(.ARM.Collect$$$$00000008)
    .ARM.Collect$$$$0000000A                 0x00000290   Section        0  entry8b.o(.ARM.Collect$$$$0000000A)
    .ARM.Collect$$$$0000000B                 0x00000290   Section        8  entry9a.o(.ARM.Collect$$$$0000000B)
    .ARM.Collect$$$$0000000D                 0x00000298   Section        0  entry10a.o(.ARM.Collect$$$$0000000D)
    .ARM.Collect$$$$0000000F                 0x00000298   Section        0  entry11a.o(.ARM.Collect$$$$0000000F)
    .ARM.Collect$$$$00002712                 0x00000298   Section        4  entry2.o(.ARM.Collect$$$$00002712)
    __lit__00000000                          0x00000298   Data           4  entry2.o(.ARM.Collect$$$$00002712)
    .emb_text                                0x0000029c   Section      190  port.o(.emb_text)
    $v0                                      0x0000029c   Number         0  port.o(.emb_text)
    .text                                    0x0000035a   Section        0  memcpya.o(.text)
    .text                                    0x00000380   Section       36  init.o(.text)
    .text                                    0x000003a4   Section        0  __dclz77c.o(.text)
    i.ErrHandler                             0x00000402   Section        0  project.o(i.ErrHandler)
    ErrHandler                               0x00000403   Thumb Code     4  project.o(i.ErrHandler)
    i.GPIO_DisarmInterrupt                   0x00000408   Section        0  hal_gpio.o(i.GPIO_DisarmInterrupt)
    i.GPIO_EnableAltDigital                  0x00000438   Section        0  hal_gpio.o(i.GPIO_EnableAltDigital)
    i.GPIO_EnableDI                          0x000004a0   Section        0  hal_gpio.o(i.GPIO_EnableDI)
    i.GPIO_EnableInterrupt                   0x00000538   Section        0  hal_gpio.o(i.GPIO_EnableInterrupt)
    i.GPIO_InitPort                          0x00000644   Section        0  hal_gpio.o(i.GPIO_InitPort)
    i.GPIO_PortFHandler                      0x00000674   Section        0  hal_gpio.o(i.GPIO_PortFHandler)
    i.GPIO_RearmInterrupt                    0x00000690   Section        0  hal_gpio.o(i.GPIO_RearmInterrupt)
    i.HandleInterrupt                        0x000006c0   Section        0  hal_gpio.o(i.HandleInterrupt)
    HandleInterrupt                          0x000006c1   Thumb Code    38  hal_gpio.o(i.HandleInterrupt)
    i.InitHardware                           0x000006e8   Section        0  project.o(i.InitHardware)
    InitHardware                             0x000006e9   Thumb Code    76  project.o(i.InitHardware)
    i.IsPlaying                              0x00000740   Section        0  project.o(i.IsPlaying)
    i.NVIC_EnableIRQ                         0x00000768   Section        0  hal_nvic.o(i.NVIC_EnableIRQ)
    i.PLL_GetBusClockFreq                    0x000007ac   Section        0  hal_pll.o(i.PLL_GetBusClockFreq)
    i.PLL_Init80MHz                          0x000007b8   Section        0  hal_pll.o(i.PLL_Init80MHz)
    i.PWM_Configure                          0x00000838   Section        0  hal_pwm.o(i.PWM_Configure)
    i.PWM_Disable                            0x00000940   Section        0  hal_pwm.o(i.PWM_Disable)
    i.PWM_Enable                             0x00000958   Section        0  hal_pwm.o(i.PWM_Enable)
    i.PWM_SetClockDivisor                    0x00000970   Section        0  hal_pwm.o(i.PWM_SetClockDivisor)
    i.PlayNote                               0x000009d4   Section        0  project.o(i.PlayNote)
    PlayNote                                 0x000009d5   Thumb Code    72  project.o(i.PlayNote)
    i.SetPriority                            0x00000a20   Section        0  hal_nvic.o(i.SetPriority)
    SetPriority                              0x00000a21   Thumb Code    50  hal_nvic.o(i.SetPriority)
    i.SwitchHandler                          0x00000a58   Section        0  project.o(i.SwitchHandler)
    i.SysTick_Handler                        0x00000aa0   Section        0  port.o(i.SysTick_Handler)
    i.__scatterload_copy                     0x00000ad4   Section       14  handlers.o(i.__scatterload_copy)
    i.__scatterload_null                     0x00000ae2   Section        2  handlers.o(i.__scatterload_null)
    i.__scatterload_zeroinit                 0x00000ae4   Section       14  handlers.o(i.__scatterload_zeroinit)
    i.eTaskGetState                          0x00000af4   Section        0  tasks.o(i.eTaskGetState)
    i.main                                   0x00000b78   Section        0  project.o(i.main)
    i.prvAddCurrentTaskToDelayedList         0x00000c3c   Section        0  tasks.o(i.prvAddCurrentTaskToDelayedList)
    prvAddCurrentTaskToDelayedList           0x00000c3d   Thumb Code   134  tasks.o(i.prvAddCurrentTaskToDelayedList)
    i.prvAddNewTaskToReadyList               0x00000ce0   Section        0  tasks.o(i.prvAddNewTaskToReadyList)
    prvAddNewTaskToReadyList                 0x00000ce1   Thumb Code   150  tasks.o(i.prvAddNewTaskToReadyList)
    i.prvCheckForValidListAndQueue           0x00000d94   Section        0  timers.o(i.prvCheckForValidListAndQueue)
    prvCheckForValidListAndQueue             0x00000d95   Thumb Code    56  timers.o(i.prvCheckForValidListAndQueue)
    i.prvCheckTasksWaitingTermination        0x00000de0   Section        0  tasks.o(i.prvCheckTasksWaitingTermination)
    prvCheckTasksWaitingTermination          0x00000de1   Thumb Code    60  tasks.o(i.prvCheckTasksWaitingTermination)
    i.prvCopyDataFromQueue                   0x00000e28   Section        0  queue.o(i.prvCopyDataFromQueue)
    prvCopyDataFromQueue                     0x00000e29   Thumb Code    42  queue.o(i.prvCopyDataFromQueue)
    i.prvCopyDataToQueue                     0x00000e52   Section        0  queue.o(i.prvCopyDataToQueue)
    prvCopyDataToQueue                       0x00000e53   Thumb Code   106  queue.o(i.prvCopyDataToQueue)
    i.prvDeleteTCB                           0x00000ebc   Section        0  tasks.o(i.prvDeleteTCB)
    prvDeleteTCB                             0x00000ebd   Thumb Code    18  tasks.o(i.prvDeleteTCB)
    i.prvGetNextExpireTime                   0x00000ed0   Section        0  timers.o(i.prvGetNextExpireTime)
    prvGetNextExpireTime                     0x00000ed1   Thumb Code    36  timers.o(i.prvGetNextExpireTime)
    i.prvIdleTask                            0x00000ef8   Section        0  tasks.o(i.prvIdleTask)
    prvIdleTask                              0x00000ef9   Thumb Code     8  tasks.o(i.prvIdleTask)
    i.prvInitialiseNewQueue                  0x00000f00   Section        0  queue.o(i.prvInitialiseNewQueue)
    prvInitialiseNewQueue                    0x00000f01   Thumb Code    38  queue.o(i.prvInitialiseNewQueue)
    i.prvInitialiseNewTask                   0x00000f26   Section        0  tasks.o(i.prvInitialiseNewTask)
    prvInitialiseNewTask                     0x00000f27   Thumb Code   168  tasks.o(i.prvInitialiseNewTask)
    i.prvInitialiseTaskLists                 0x00000fd0   Section        0  tasks.o(i.prvInitialiseTaskLists)
    prvInitialiseTaskLists                   0x00000fd1   Thumb Code    70  tasks.o(i.prvInitialiseTaskLists)
    i.prvInsertTimerInActiveList             0x00001038   Section        0  timers.o(i.prvInsertTimerInActiveList)
    prvInsertTimerInActiveList               0x00001039   Thumb Code    80  timers.o(i.prvInsertTimerInActiveList)
    i.prvIsQueueEmpty                        0x00001090   Section        0  queue.o(i.prvIsQueueEmpty)
    prvIsQueueEmpty                          0x00001091   Thumb Code    26  queue.o(i.prvIsQueueEmpty)
    i.prvIsQueueFull                         0x000010aa   Section        0  queue.o(i.prvIsQueueFull)
    prvIsQueueFull                           0x000010ab   Thumb Code    30  queue.o(i.prvIsQueueFull)
    i.prvProcessExpiredTimer                 0x000010c8   Section        0  timers.o(i.prvProcessExpiredTimer)
    prvProcessExpiredTimer                   0x000010c9   Thumb Code    94  timers.o(i.prvProcessExpiredTimer)
    i.prvProcessReceivedCommands             0x0000112c   Section        0  timers.o(i.prvProcessReceivedCommands)
    prvProcessReceivedCommands               0x0000112d   Thumb Code   240  timers.o(i.prvProcessReceivedCommands)
    i.prvProcessTimerOrBlockTask             0x00001220   Section        0  timers.o(i.prvProcessTimerOrBlockTask)
    prvProcessTimerOrBlockTask               0x00001221   Thumb Code   102  timers.o(i.prvProcessTimerOrBlockTask)
    i.prvResetNextTaskUnblockTime            0x00001294   Section        0  tasks.o(i.prvResetNextTaskUnblockTime)
    prvResetNextTaskUnblockTime              0x00001295   Thumb Code    42  tasks.o(i.prvResetNextTaskUnblockTime)
    i.prvSampleTimeNow                       0x000012c8   Section        0  timers.o(i.prvSampleTimeNow)
    prvSampleTimeNow                         0x000012c9   Thumb Code    40  timers.o(i.prvSampleTimeNow)
    i.prvSwitchTimerLists                    0x000012f4   Section        0  timers.o(i.prvSwitchTimerLists)
    prvSwitchTimerLists                      0x000012f5   Thumb Code   150  timers.o(i.prvSwitchTimerLists)
    i.prvTaskExitError                       0x00001394   Section        0  port.o(i.prvTaskExitError)
    prvTaskExitError                         0x00001395   Thumb Code    60  port.o(i.prvTaskExitError)
    i.prvTimerTask                           0x000013d4   Section        0  timers.o(i.prvTimerTask)
    prvTimerTask                             0x000013d5   Thumb Code    26  timers.o(i.prvTimerTask)
    i.prvUnlockQueue                         0x000013ee   Section        0  queue.o(i.prvUnlockQueue)
    prvUnlockQueue                           0x000013ef   Thumb Code   126  queue.o(i.prvUnlockQueue)
    i.pvPortMalloc                           0x0000146c   Section        0  heap_1.o(i.pvPortMalloc)
    i.pxPortInitialiseStack                  0x000014dc   Section        0  port.o(i.pxPortInitialiseStack)
    i.uxListRemove                           0x00001508   Section        0  list.o(i.uxListRemove)
    i.vListInitialise                        0x00001530   Section        0  list.o(i.vListInitialise)
    i.vListInitialiseItem                    0x0000154a   Section        0  list.o(i.vListInitialiseItem)
    i.vListInsert                            0x00001550   Section        0  list.o(i.vListInsert)
    i.vListInsertEnd                         0x00001584   Section        0  list.o(i.vListInsertEnd)
    i.vPortEnterCritical                     0x0000159c   Section        0  port.o(i.vPortEnterCritical)
    i.vPortExitCritical                      0x000015f0   Section        0  port.o(i.vPortExitCritical)
    i.vPortFree                              0x0000162c   Section        0  heap_1.o(i.vPortFree)
    i.vPortSetupTimerInterrupt               0x00001650   Section        0  port.o(i.vPortSetupTimerInterrupt)
    i.vPortValidateInterruptPriority         0x00001678   Section        0  port.o(i.vPortValidateInterruptPriority)
    i.vQueueWaitForMessageRestricted         0x000016f0   Section        0  queue.o(i.vQueueWaitForMessageRestricted)
    i.vSwitchTask                            0x0000173c   Section        0  project.o(i.vSwitchTask)
    i.vTaskDelay                             0x000017e0   Section        0  tasks.o(i.vTaskDelay)
    i.vTaskDelayUntil                        0x0000183c   Section        0  tasks.o(i.vTaskDelayUntil)
    i.vTaskInternalSetTimeOutState           0x00001910   Section        0  tasks.o(i.vTaskInternalSetTimeOutState)
    i.vTaskMissedYield                       0x00001928   Section        0  tasks.o(i.vTaskMissedYield)
    i.vTaskPlaceOnEventList                  0x00001934   Section        0  tasks.o(i.vTaskPlaceOnEventList)
    i.vTaskPlaceOnEventListRestricted        0x0000196c   Section        0  tasks.o(i.vTaskPlaceOnEventListRestricted)
    i.vTaskStartScheduler                    0x000019ac   Section        0  tasks.o(i.vTaskStartScheduler)
    i.vTaskSuspendAll                        0x00001a40   Section        0  tasks.o(i.vTaskSuspendAll)
    i.vTaskSwitchContext                     0x00001a50   Section        0  tasks.o(i.vTaskSwitchContext)
    i.vTrackTask                             0x00001adc   Section        0  project.o(i.vTrackTask)
    i.xPortStartScheduler                    0x00001b94   Section        0  port.o(i.xPortStartScheduler)
    i.xQueueCreateCountingSemaphore          0x00001ccc   Section        0  queue.o(i.xQueueCreateCountingSemaphore)
    i.xQueueGenericCreate                    0x00001d28   Section        0  queue.o(i.xQueueGenericCreate)
    i.xQueueGenericReset                     0x00001d80   Section        0  queue.o(i.xQueueGenericReset)
    i.xQueueGenericSend                      0x00001e18   Section        0  queue.o(i.xQueueGenericSend)
    i.xQueueGenericSendFromISR               0x00001fc0   Section        0  queue.o(i.xQueueGenericSendFromISR)
    i.xQueueGiveFromISR                      0x000020b8   Section        0  queue.o(i.xQueueGiveFromISR)
    i.xQueueReceive                          0x00002198   Section        0  queue.o(i.xQueueReceive)
    i.xQueueSemaphoreTake                    0x00002300   Section        0  queue.o(i.xQueueSemaphoreTake)
    i.xTaskAbortDelay                        0x00002450   Section        0  tasks.o(i.xTaskAbortDelay)
    i.xTaskCheckForTimeOut                   0x000024f0   Section        0  tasks.o(i.xTaskCheckForTimeOut)
    i.xTaskCreate                            0x00002598   Section        0  tasks.o(i.xTaskCreate)
    i.xTaskGetSchedulerState                 0x000025f8   Section        0  tasks.o(i.xTaskGetSchedulerState)
    i.xTaskGetTickCount                      0x00002618   Section        0  tasks.o(i.xTaskGetTickCount)
    i.xTaskIncrementTick                     0x00002624   Section        0  tasks.o(i.xTaskIncrementTick)
    i.xTaskRemoveFromEventList               0x0000276c   Section        0  tasks.o(i.xTaskRemoveFromEventList)
    i.xTaskResumeAll                         0x00002804   Section        0  tasks.o(i.xTaskResumeAll)
    i.xTimerCreateTimerTask                  0x00002908   Section        0  timers.o(i.xTimerCreateTimerTask)
    i.xTimerGenericCommand                   0x0000295c   Section        0  timers.o(i.xTimerGenericCommand)
    .constdata                               0x000029e0   Section       14  project.o(.constdata)
    .constdata                               0x000029ee   Section      240  midi.o(.constdata)
    .data                                    0x20000000   Section       80  project.o(.data)
    playSemaphore_                           0x20000004   Data           4  project.o(.data)
    trackSemaphore_                          0x20000008   Data           4  project.o(.data)
    switchPressed_                           0x2000000c   Data           1  project.o(.data)
    trackParams_                             0x20000010   Data          64  project.o(.data)
    .data                                    0x20000050   Section    10852  midi-tune.o(.data)
    track1Notes_                             0x20000050   Data        3594  midi-tune.o(.data)
    track2Notes_                             0x20000e5a   Data        3738  midi-tune.o(.data)
    track3Notes_                             0x20001cf4   Data        3498  midi-tune.o(.data)
    tracks_                                  0x20002aa0   Data          12  midi-tune.o(.data)
    .data                                    0x20002ab4   Section       28  hal_gpio.o(.data)
    PortF_Callback                           0x20002acc   Data           4  hal_gpio.o(.data)
    .data                                    0x20002ad0   Section        4  hal_pll.o(.data)
    busClockFreq_                            0x20002ad0   Data           4  hal_pll.o(.data)
    .data                                    0x20002ad4   Section        8  hal_pwm.o(.data)
    .data                                    0x20002adc   Section       60  tasks.o(.data)
    pxDelayedTaskList                        0x20002ae0   Data           4  tasks.o(.data)
    pxOverflowDelayedTaskList                0x20002ae4   Data           4  tasks.o(.data)
    uxDeletedTasksWaitingCleanUp             0x20002ae8   Data           4  tasks.o(.data)
    uxCurrentNumberOfTasks                   0x20002aec   Data           4  tasks.o(.data)
    xTickCount                               0x20002af0   Data           4  tasks.o(.data)
    uxTopReadyPriority                       0x20002af4   Data           4  tasks.o(.data)
    xSchedulerRunning                        0x20002af8   Data           4  tasks.o(.data)
    uxPendedTicks                            0x20002afc   Data           4  tasks.o(.data)
    xYieldPending                            0x20002b00   Data           4  tasks.o(.data)
    xNumOfOverflows                          0x20002b04   Data           4  tasks.o(.data)
    uxTaskNumber                             0x20002b08   Data           4  tasks.o(.data)
    xNextTaskUnblockTime                     0x20002b0c   Data           4  tasks.o(.data)
    xIdleTaskHandle                          0x20002b10   Data           4  tasks.o(.data)
    uxSchedulerSuspended                     0x20002b14   Data           4  tasks.o(.data)
    .data                                    0x20002b18   Section       20  timers.o(.data)
    pxCurrentTimerList                       0x20002b18   Data           4  timers.o(.data)
    pxOverflowTimerList                      0x20002b1c   Data           4  timers.o(.data)
    xTimerQueue                              0x20002b20   Data           4  timers.o(.data)
    xTimerTaskHandle                         0x20002b24   Data           4  timers.o(.data)
    xLastTime                                0x20002b28   Data           4  timers.o(.data)
    .data                                    0x20002b2c   Section       12  port.o(.data)
    uxCriticalNesting                        0x20002b2c   Data           4  port.o(.data)
    ucMaxSysCallPriority                     0x20002b30   Data           1  port.o(.data)
    ulMaxPRIGROUPValue                       0x20002b34   Data           4  port.o(.data)
    .data                                    0x20002b38   Section        8  heap_1.o(.data)
    xNextFreeByte                            0x20002b38   Data           4  heap_1.o(.data)
    pucAlignedHeap                           0x20002b3c   Data           4  heap_1.o(.data)
    .bss                                     0x20002b40   Section      160  tasks.o(.bss)
    pxReadyTasksLists                        0x20002b40   Data          60  tasks.o(.bss)
    xDelayedTaskList1                        0x20002b7c   Data          20  tasks.o(.bss)
    xDelayedTaskList2                        0x20002b90   Data          20  tasks.o(.bss)
    xPendingReadyList                        0x20002ba4   Data          20  tasks.o(.bss)
    xTasksWaitingTermination                 0x20002bb8   Data          20  tasks.o(.bss)
    xSuspendedTaskList                       0x20002bcc   Data          20  tasks.o(.bss)
    .bss                                     0x20002be0   Section       40  timers.o(.bss)
    xActiveTimerList1                        0x20002be0   Data          20  timers.o(.bss)
    xActiveTimerList2                        0x20002bf4   Data          20  timers.o(.bss)
    .bss                                     0x20002c08   Section     8192  heap_1.o(.bss)
    ucHeap                                   0x20002c08   Data        8192  heap_1.o(.bss)
    STACK                                    0x20004c08   Section     1024  startup_rvmdk.o(STACK)
    StackMem                                 0x20004c08   Data           0  startup_rvmdk.o(STACK)

    Global Symbols

    Symbol Name                              Value     Ov Type        Size  Object(Section)

    BuildAttributes$$THM_ISAv4$E$P$D$K$B$S$7EM$VFPi3$EXTD16$VFPS$VFMA$PE$A:L22UL41UL21$X:L11$S22US41US21$IEEE1$IW$USESV6$~STKCKD$USESV7$~SHL$OSPACE$EBA8$MICROLIB$REQ8$PRES8$EABIv2 0x00000000   Number         0  anon$$obj.o ABSOLUTE
    __ARM_use_no_argv                        0x00000000   Number         0  project.o ABSOLUTE
    __Vectors                                0x00000000   Data           0  startup_rvmdk.o(RESET)
    __cpp_initialize__aeabi_                  - Undefined Weak Reference
    __cxa_finalize                            - Undefined Weak Reference
    _clock_init                               - Undefined Weak Reference
    _microlib_exit                            - Undefined Weak Reference
    Reset_Handler                            0x0000026d   Thumb Code     0  startup_rvmdk.o(RESET)
    __main                                   0x00000289   Thumb Code     0  entry.o(.ARM.Collect$$$$00000000)
    _main_stk                                0x00000289   Thumb Code     0  entry2.o(.ARM.Collect$$$$00000001)
    _main_scatterload                        0x0000028d   Thumb Code     0  entry5.o(.ARM.Collect$$$$00000004)
    __main_after_scatterload                 0x00000291   Thumb Code     0  entry5.o(.ARM.Collect$$$$00000004)
    _main_clock                              0x00000291   Thumb Code     0  entry7b.o(.ARM.Collect$$$$00000008)
    _main_cpp_init                           0x00000291   Thumb Code     0  entry8b.o(.ARM.Collect$$$$0000000A)
    _main_init                               0x00000291   Thumb Code     0  entry9a.o(.ARM.Collect$$$$0000000B)
    __rt_final_cpp                           0x00000299   Thumb Code     0  entry10a.o(.ARM.Collect$$$$0000000D)
    __rt_final_exit                          0x00000299   Thumb Code     0  entry11a.o(.ARM.Collect$$$$0000000F)
    SVC_Handler                              0x0000029d   Thumb Code    28  port.o(.emb_text)
    __asm___6_port_c_39a90d8d__prvStartFirstTask 0x000002bd   Thumb Code    36  port.o(.emb_text)
    __asm___6_port_c_39a90d8d__prvEnableVFP  0x000002e5   Thumb Code    16  port.o(.emb_text)
    PendSV_Handler                           0x000002f9   Thumb Code    88  port.o(.emb_text)
    vPortGetIPSR                             0x00000355   Thumb Code     6  port.o(.emb_text)
    __aeabi_memcpy                           0x0000035b   Thumb Code    36  memcpya.o(.text)
    __aeabi_memcpy4                          0x0000035b   Thumb Code     0  memcpya.o(.text)
    __aeabi_memcpy8                          0x0000035b   Thumb Code     0  memcpya.o(.text)
    __scatterload                            0x00000381   Thumb Code    28  init.o(.text)
    __scatterload_rt2                        0x00000381   Thumb Code     0  init.o(.text)
    __decompress                             0x000003a5   Thumb Code     0  __dclz77c.o(.text)
    __decompress2                            0x000003a5   Thumb Code    94  __dclz77c.o(.text)
    GPIO_DisarmInterrupt                     0x00000409   Thumb Code    42  hal_gpio.o(i.GPIO_DisarmInterrupt)
    GPIO_EnableAltDigital                    0x00000439   Thumb Code   100  hal_gpio.o(i.GPIO_EnableAltDigital)
    GPIO_EnableDI                            0x000004a1   Thumb Code   144  hal_gpio.o(i.GPIO_EnableDI)
    GPIO_EnableInterrupt                     0x00000539   Thumb Code   258  hal_gpio.o(i.GPIO_EnableInterrupt)
    GPIO_InitPort                            0x00000645   Thumb Code    40  hal_gpio.o(i.GPIO_InitPort)
    GPIO_PortFHandler                        0x00000675   Thumb Code    18  hal_gpio.o(i.GPIO_PortFHandler)
    GPIO_RearmInterrupt                      0x00000691   Thumb Code    42  hal_gpio.o(i.GPIO_RearmInterrupt)
    IsPlaying                                0x00000741   Thumb Code    30  project.o(i.IsPlaying)
    NVIC_EnableIRQ                           0x00000769   Thumb Code    64  hal_nvic.o(i.NVIC_EnableIRQ)
    PLL_GetBusClockFreq                      0x000007ad   Thumb Code     6  hal_pll.o(i.PLL_GetBusClockFreq)
    PLL_Init80MHz                            0x000007b9   Thumb Code   114  hal_pll.o(i.PLL_Init80MHz)
    PWM_Configure                            0x00000839   Thumb Code   254  hal_pwm.o(i.PWM_Configure)
    PWM_Disable                              0x00000941   Thumb Code    20  hal_pwm.o(i.PWM_Disable)
    PWM_Enable                               0x00000959   Thumb Code    20  hal_pwm.o(i.PWM_Enable)
    PWM_SetClockDivisor                      0x00000971   Thumb Code    92  hal_pwm.o(i.PWM_SetClockDivisor)
    SwitchHandler                            0x00000a59   Thumb Code    56  project.o(i.SwitchHandler)
    SysTick_Handler                          0x00000aa1   Thumb Code    46  port.o(i.SysTick_Handler)
    __scatterload_copy                       0x00000ad5   Thumb Code    14  handlers.o(i.__scatterload_copy)
    __scatterload_null                       0x00000ae3   Thumb Code     2  handlers.o(i.__scatterload_null)
    __scatterload_zeroinit                   0x00000ae5   Thumb Code    14  handlers.o(i.__scatterload_zeroinit)
    eTaskGetState                            0x00000af5   Thumb Code   112  tasks.o(i.eTaskGetState)
    main                                     0x00000b79   Thumb Code   146  project.o(i.main)
    pvPortMalloc                             0x0000146d   Thumb Code    98  heap_1.o(i.pvPortMalloc)
    pxPortInitialiseStack                    0x000014dd   Thumb Code    38  port.o(i.pxPortInitialiseStack)
    uxListRemove                             0x00001509   Thumb Code    40  list.o(i.uxListRemove)
    vListInitialise                          0x00001531   Thumb Code    26  list.o(i.vListInitialise)
    vListInitialiseItem                      0x0000154b   Thumb Code     6  list.o(i.vListInitialiseItem)
    vListInsert                              0x00001551   Thumb Code    52  list.o(i.vListInsert)
    vListInsertEnd                           0x00001585   Thumb Code    24  list.o(i.vListInsertEnd)
    vPortEnterCritical                       0x0000159d   Thumb Code    76  port.o(i.vPortEnterCritical)
    vPortExitCritical                        0x000015f1   Thumb Code    56  port.o(i.vPortExitCritical)
    vPortFree                                0x0000162d   Thumb Code    34  heap_1.o(i.vPortFree)
    vPortSetupTimerInterrupt                 0x00001651   Thumb Code    36  port.o(i.vPortSetupTimerInterrupt)
    vPortValidateInterruptPriority           0x00001679   Thumb Code   106  port.o(i.vPortValidateInterruptPriority)
    vQueueWaitForMessageRestricted           0x000016f1   Thumb Code    74  queue.o(i.vQueueWaitForMessageRestricted)
    vSwitchTask                              0x0000173d   Thumb Code   138  project.o(i.vSwitchTask)
    vTaskDelay                               0x000017e1   Thumb Code    82  tasks.o(i.vTaskDelay)
    vTaskDelayUntil                          0x0000183d   Thumb Code   200  tasks.o(i.vTaskDelayUntil)
    vTaskInternalSetTimeOutState             0x00001911   Thumb Code    14  tasks.o(i.vTaskInternalSetTimeOutState)
    vTaskMissedYield                         0x00001929   Thumb Code     8  tasks.o(i.vTaskMissedYield)
    vTaskPlaceOnEventList                    0x00001935   Thumb Code    52  tasks.o(i.vTaskPlaceOnEventList)
    vTaskPlaceOnEventListRestricted          0x0000196d   Thumb Code    60  tasks.o(i.vTaskPlaceOnEventListRestricted)
    vTaskStartScheduler                      0x000019ad   Thumb Code   118  tasks.o(i.vTaskStartScheduler)
    vTaskSuspendAll                          0x00001a41   Thumb Code    12  tasks.o(i.vTaskSuspendAll)
    vTaskSwitchContext                       0x00001a51   Thumb Code   118  tasks.o(i.vTaskSwitchContext)
    vTrackTask                               0x00001add   Thumb Code   178  project.o(i.vTrackTask)
    xPortStartScheduler                      0x00001b95   Thumb Code   284  port.o(i.xPortStartScheduler)
    xQueueCreateCountingSemaphore            0x00001ccd   Thumb Code    92  queue.o(i.xQueueCreateCountingSemaphore)
    xQueueGenericCreate                      0x00001d29   Thumb Code    88  queue.o(i.xQueueGenericCreate)
    xQueueGenericReset                       0x00001d81   Thumb Code   146  queue.o(i.xQueueGenericReset)
    xQueueGenericSend                        0x00001e19   Thumb Code   420  queue.o(i.xQueueGenericSend)
    xQueueGenericSendFromISR                 0x00001fc1   Thumb Code   248  queue.o(i.xQueueGenericSendFromISR)
    xQueueGiveFromISR                        0x000020b9   Thumb Code   224  queue.o(i.xQueueGiveFromISR)
    xQueueReceive                            0x00002199   Thumb Code   356  queue.o(i.xQueueReceive)
    xQueueSemaphoreTake                      0x00002301   Thumb Code   332  queue.o(i.xQueueSemaphoreTake)
    xTaskAbortDelay                          0x00002451   Thumb Code   144  tasks.o(i.xTaskAbortDelay)
    xTaskCheckForTimeOut                     0x000024f1   Thumb Code   156  tasks.o(i.xTaskCheckForTimeOut)
    xTaskCreate                              0x00002599   Thumb Code    96  tasks.o(i.xTaskCreate)
    xTaskGetSchedulerState                   0x000025f9   Thumb Code    24  tasks.o(i.xTaskGetSchedulerState)
    xTaskGetTickCount                        0x00002619   Thumb Code     6  tasks.o(i.xTaskGetTickCount)
    xTaskIncrementTick                       0x00002625   Thumb Code   282  tasks.o(i.xTaskIncrementTick)
    xTaskRemoveFromEventList                 0x0000276d   Thumb Code   128  tasks.o(i.xTaskRemoveFromEventList)
    xTaskResumeAll                           0x00002805   Thumb Code   224  tasks.o(i.xTaskResumeAll)
    xTimerCreateTimerTask                    0x00002909   Thumb Code    64  timers.o(i.xTimerCreateTimerTask)
    xTimerGenericCommand                     0x0000295d   Thumb Code   126  timers.o(i.xTimerGenericCommand)
    Midi_NotePwmPeriods                      0x000029ee   Data         240  midi.o(.constdata)
    Region$$Table$$Base                      0x00002ae0   Number         0  anon$$obj.o(Region$$Table)
    Region$$Table$$Limit                     0x00002b00   Number         0  anon$$obj.o(Region$$Table)
    SystemCoreClock                          0x20000000   Data           4  project.o(.data)
    midi_tune                                0x20002aac   Data           8  midi-tune.o(.data)
    GPIOBaseAddress                          0x20002ab4   Data          24  hal_gpio.o(.data)
    PWMBaseAddress                           0x20002ad4   Data           8  hal_pwm.o(.data)
    pxCurrentTCB                             0x20002adc   Data           4  tasks.o(.data)
    __initial_sp                             0x20005008   Data           0  startup_rvmdk.o(STACK)



==============================================================================

Memory Map of the image

  Image Entry point : 0x0000026d

  Load Region LR_IROM (Base: 0x00000000, Size: 0x00005640, Max: 0x00040000, ABSOLUTE, COMPRESSED[0x00002f04])

    Execution Region ER_IROM (Exec base: 0x00000000, Load base: 0x00000000, Size: 0x00002b00, Max: 0x00040000, ABSOLUTE)

    Exec Addr    Load Addr    Size         Type   Attr      Idx    E Section Name        Object

    0x00000000   0x00000000   0x00000288   Code   RO          140  * RESET               startup_rvmdk.o
    0x00000288   0x00000288   0x00000000   Code   RO         1126  * .ARM.Collect$$$$00000000  mc_w.l(entry.o)
    0x00000288   0x00000288   0x00000004   Code   RO         1135    .ARM.Collect$$$$00000001  mc_w.l(entry2.o)
    0x0000028c   0x0000028c   0x00000004   Code   RO         1138    .ARM.Collect$$$$00000004  mc_w.l(entry5.o)
    0x00000290   0x00000290   0x00000000   Code   RO         1140    .ARM.Collect$$$$00000008  mc_w.l(entry7b.o)
    0x00000290   0x00000290   0x00000000   Code   RO         1142    .ARM.Collect$$$$0000000A  mc_w.l(entry8b.o)
    0x00000290   0x00000290   0x00000008   Code   RO         1143    .ARM.Collect$$$$0000000B  mc_w.l(entry9a.o)
    0x00000298   0x00000298   0x00000000   Code   RO         1145    .ARM.Collect$$$$0000000D  mc_w.l(entry10a.o)
    0x00000298   0x00000298   0x00000000   Code   RO         1147    .ARM.Collect$$$$0000000F  mc_w.l(entry11a.o)
    0x00000298   0x00000298   0x00000004   Code   RO         1136    .ARM.Collect$$$$00002712  mc_w.l(entry2.o)
    0x0000029c   0x0000029c   0x000000be   Code   RO         1016    .emb_text           port.o
    0x0000035a   0x0000035a   0x00000024   Code   RO         1131    .text               mc_w.l(memcpya.o)
    0x0000037e   0x0000037e   0x00000002   PAD
    0x00000380   0x00000380   0x00000024   Code   RO         1149    .text               mc_w.l(init.o)
    0x000003a4   0x000003a4   0x0000005e   Code   RO         1159    .text               mc_w.l(__dclz77c.o)
    0x00000402   0x00000402   0x00000004   Code   RO            1    i.ErrHandler        project.o
    0x00000406   0x00000406   0x00000002   PAD
    0x00000408   0x00000408   0x00000030   Code   RO          167    i.GPIO_DisarmInterrupt  hal_gpio.o
    0x00000438   0x00000438   0x00000068   Code   RO          169    i.GPIO_EnableAltDigital  hal_gpio.o
    0x000004a0   0x000004a0   0x00000098   Code   RO          170    i.GPIO_EnableDI     hal_gpio.o
    0x00000538   0x00000538   0x0000010c   Code   RO          172    i.GPIO_EnableInterrupt  hal_gpio.o
    0x00000644   0x00000644   0x00000030   Code   RO          174    i.GPIO_InitPort     hal_gpio.o
    0x00000674   0x00000674   0x0000001c   Code   RO          175    i.GPIO_PortFHandler  hal_gpio.o
    0x00000690   0x00000690   0x00000030   Code   RO          176    i.GPIO_RearmInterrupt  hal_gpio.o
    0x000006c0   0x000006c0   0x00000026   Code   RO          178    i.HandleInterrupt   hal_gpio.o
    0x000006e6   0x000006e6   0x00000002   PAD
    0x000006e8   0x000006e8   0x00000058   Code   RO            2    i.InitHardware      project.o
    0x00000740   0x00000740   0x00000028   Code   RO            3    i.IsPlaying         project.o
    0x00000768   0x00000768   0x00000044   Code   RO          250    i.NVIC_EnableIRQ    hal_nvic.o
    0x000007ac   0x000007ac   0x0000000c   Code   RO          272    i.PLL_GetBusClockFreq  hal_pll.o
    0x000007b8   0x000007b8   0x00000080   Code   RO          273    i.PLL_Init80MHz     hal_pll.o
    0x00000838   0x00000838   0x00000108   Code   RO          292    i.PWM_Configure     hal_pwm.o
    0x00000940   0x00000940   0x00000018   Code   RO          293    i.PWM_Disable       hal_pwm.o
    0x00000958   0x00000958   0x00000018   Code   RO          294    i.PWM_Enable        hal_pwm.o
    0x00000970   0x00000970   0x00000064   Code   RO          295    i.PWM_SetClockDivisor  hal_pwm.o
    0x000009d4   0x000009d4   0x0000004c   Code   RO            4    i.PlayNote          project.o
    0x00000a20   0x00000a20   0x00000038   Code   RO          251    i.SetPriority       hal_nvic.o
    0x00000a58   0x00000a58   0x00000048   Code   RO            5    i.SwitchHandler     project.o
    0x00000aa0   0x00000aa0   0x00000034   Code   RO         1017    i.SysTick_Handler   port.o
    0x00000ad4   0x00000ad4   0x0000000e   Code   RO         1153    i.__scatterload_copy  mc_w.l(handlers.o)
    0x00000ae2   0x00000ae2   0x00000002   Code   RO         1154    i.__scatterload_null  mc_w.l(handlers.o)
    0x00000ae4   0x00000ae4   0x0000000e   Code   RO         1155    i.__scatterload_zeroinit  mc_w.l(handlers.o)
    0x00000af2   0x00000af2   0x00000002   PAD
    0x00000af4   0x00000af4   0x00000084   Code   RO          593    i.eTaskGetState     tasks.o
    0x00000b78   0x00000b78   0x000000c4   Code   RO            6    i.main              project.o
    0x00000c3c   0x00000c3c   0x000000a4   Code   RO          595    i.prvAddCurrentTaskToDelayedList  tasks.o
    0x00000ce0   0x00000ce0   0x000000b4   Code   RO          596    i.prvAddNewTaskToReadyList  tasks.o
    0x00000d94   0x00000d94   0x0000004c   Code   RO          886    i.prvCheckForValidListAndQueue  timers.o
    0x00000de0   0x00000de0   0x00000048   Code   RO          597    i.prvCheckTasksWaitingTermination  tasks.o
    0x00000e28   0x00000e28   0x0000002a   Code   RO          434    i.prvCopyDataFromQueue  queue.o
    0x00000e52   0x00000e52   0x0000006a   Code   RO          435    i.prvCopyDataToQueue  queue.o
    0x00000ebc   0x00000ebc   0x00000012   Code   RO          598    i.prvDeleteTCB      tasks.o
    0x00000ece   0x00000ece   0x00000002   PAD
    0x00000ed0   0x00000ed0   0x00000028   Code   RO          887    i.prvGetNextExpireTime  timers.o
    0x00000ef8   0x00000ef8   0x00000008   Code   RO          599    i.prvIdleTask       tasks.o
    0x00000f00   0x00000f00   0x00000026   Code   RO          436    i.prvInitialiseNewQueue  queue.o
    0x00000f26   0x00000f26   0x000000a8   Code   RO          600    i.prvInitialiseNewTask  tasks.o
    0x00000fce   0x00000fce   0x00000002   PAD
    0x00000fd0   0x00000fd0   0x00000068   Code   RO          601    i.prvInitialiseTaskLists  tasks.o
    0x00001038   0x00001038   0x00000058   Code   RO          889    i.prvInsertTimerInActiveList  timers.o
    0x00001090   0x00001090   0x0000001a   Code   RO          437    i.prvIsQueueEmpty   queue.o
    0x000010aa   0x000010aa   0x0000001e   Code   RO          438    i.prvIsQueueFull    queue.o
    0x000010c8   0x000010c8   0x00000064   Code   RO          890    i.prvProcessExpiredTimer  timers.o
    0x0000112c   0x0000112c   0x000000f4   Code   RO          891    i.prvProcessReceivedCommands  timers.o
    0x00001220   0x00001220   0x00000074   Code   RO          892    i.prvProcessTimerOrBlockTask  timers.o
    0x00001294   0x00001294   0x00000034   Code   RO          602    i.prvResetNextTaskUnblockTime  tasks.o
    0x000012c8   0x000012c8   0x0000002c   Code   RO          893    i.prvSampleTimeNow  timers.o
    0x000012f4   0x000012f4   0x000000a0   Code   RO          894    i.prvSwitchTimerLists  timers.o
    0x00001394   0x00001394   0x00000040   Code   RO         1018    i.prvTaskExitError  port.o
    0x000013d4   0x000013d4   0x0000001a   Code   RO          895    i.prvTimerTask      timers.o
    0x000013ee   0x000013ee   0x0000007e   Code   RO          439    i.prvUnlockQueue    queue.o
    0x0000146c   0x0000146c   0x00000070   Code   RO         1093    i.pvPortMalloc      heap_1.o
    0x000014dc   0x000014dc   0x0000002c   Code   RO         1019    i.pxPortInitialiseStack  port.o
    0x00001508   0x00001508   0x00000028   Code   RO          382    i.uxListRemove      list.o
    0x00001530   0x00001530   0x0000001a   Code   RO          383    i.vListInitialise   list.o
    0x0000154a   0x0000154a   0x00000006   Code   RO          384    i.vListInitialiseItem  list.o
    0x00001550   0x00001550   0x00000034   Code   RO          385    i.vListInsert       list.o
    0x00001584   0x00001584   0x00000018   Code   RO          386    i.vListInsertEnd    list.o
    0x0000159c   0x0000159c   0x00000054   Code   RO         1021    i.vPortEnterCritical  port.o
    0x000015f0   0x000015f0   0x0000003c   Code   RO         1022    i.vPortExitCritical  port.o
    0x0000162c   0x0000162c   0x00000022   Code   RO         1094    i.vPortFree         heap_1.o
    0x0000164e   0x0000164e   0x00000002   PAD
    0x00001650   0x00001650   0x00000028   Code   RO         1023    i.vPortSetupTimerInterrupt  port.o
    0x00001678   0x00001678   0x00000078   Code   RO         1024    i.vPortValidateInterruptPriority  port.o
    0x000016f0   0x000016f0   0x0000004a   Code   RO          444    i.vQueueWaitForMessageRestricted  queue.o
    0x0000173a   0x0000173a   0x00000002   PAD
    0x0000173c   0x0000173c   0x000000a4   Code   RO            7    i.vSwitchTask       project.o
    0x000017e0   0x000017e0   0x0000005c   Code   RO          609    i.vTaskDelay        tasks.o
    0x0000183c   0x0000183c   0x000000d4   Code   RO          610    i.vTaskDelayUntil   tasks.o
    0x00001910   0x00001910   0x00000018   Code   RO          613    i.vTaskInternalSetTimeOutState  tasks.o
    0x00001928   0x00001928   0x0000000c   Code   RO          614    i.vTaskMissedYield  tasks.o
    0x00001934   0x00001934   0x00000038   Code   RO          616    i.vTaskPlaceOnEventList  tasks.o
    0x0000196c   0x0000196c   0x00000040   Code   RO          617    i.vTaskPlaceOnEventListRestricted  tasks.o
    0x000019ac   0x000019ac   0x00000094   Code   RO          623    i.vTaskStartScheduler  tasks.o
    0x00001a40   0x00001a40   0x00000010   Code   RO          625    i.vTaskSuspendAll   tasks.o
    0x00001a50   0x00001a50   0x0000008c   Code   RO          626    i.vTaskSwitchContext  tasks.o
    0x00001adc   0x00001adc   0x000000b8   Code   RO            8    i.vTrackTask        project.o
    0x00001b94   0x00001b94   0x00000138   Code   RO         1025    i.xPortStartScheduler  port.o
    0x00001ccc   0x00001ccc   0x0000005c   Code   RO          445    i.xQueueCreateCountingSemaphore  queue.o
    0x00001d28   0x00001d28   0x00000058   Code   RO          446    i.xQueueGenericCreate  queue.o
    0x00001d80   0x00001d80   0x00000098   Code   RO          447    i.xQueueGenericReset  queue.o
    0x00001e18   0x00001e18   0x000001a8   Code   RO          448    i.xQueueGenericSend  queue.o
    0x00001fc0   0x00001fc0   0x000000f8   Code   RO          449    i.xQueueGenericSendFromISR  queue.o
    0x000020b8   0x000020b8   0x000000e0   Code   RO          450    i.xQueueGiveFromISR  queue.o
    0x00002198   0x00002198   0x00000168   Code   RO          455    i.xQueueReceive     queue.o
    0x00002300   0x00002300   0x00000150   Code   RO          457    i.xQueueSemaphoreTake  queue.o
    0x00002450   0x00002450   0x000000a0   Code   RO          627    i.xTaskAbortDelay   tasks.o
    0x000024f0   0x000024f0   0x000000a8   Code   RO          628    i.xTaskCheckForTimeOut  tasks.o
    0x00002598   0x00002598   0x00000060   Code   RO          629    i.xTaskCreate       tasks.o
    0x000025f8   0x000025f8   0x00000020   Code   RO          632    i.xTaskGetSchedulerState  tasks.o
    0x00002618   0x00002618   0x0000000c   Code   RO          633    i.xTaskGetTickCount  tasks.o
    0x00002624   0x00002624   0x00000148   Code   RO          635    i.xTaskIncrementTick  tasks.o
    0x0000276c   0x0000276c   0x00000098   Code   RO          638    i.xTaskRemoveFromEventList  tasks.o
    0x00002804   0x00002804   0x00000104   Code   RO          639    i.xTaskResumeAll    tasks.o
    0x00002908   0x00002908   0x00000054   Code   RO          899    i.xTimerCreateTimerTask  timers.o
    0x0000295c   0x0000295c   0x00000084   Code   RO          900    i.xTimerGenericCommand  timers.o
    0x000029e0   0x000029e0   0x0000000e   Data   RO            9    .constdata          project.o
    0x000029ee   0x000029ee   0x000000f0   Data   RO          145    .constdata          midi.o
    0x00002ade   0x00002ade   0x00000002   PAD
    0x00002ae0   0x00002ae0   0x00000020   Data   RO         1151    Region$$Table       anon$$obj.o


    Execution Region RW_IRAM (Exec base: 0x20000000, Load base: 0x00002b00, Size: 0x00005008, Max: 0x00008000, ABSOLUTE, COMPRESSED[0x00000404])

    Exec Addr    Load Addr    Size         Type   Attr      Idx    E Section Name        Object

    0x20000000   COMPRESSED   0x00000050   Data   RW           10    .data               project.o
    0x20000050   COMPRESSED   0x00002a64   Data   RW          154    .data               midi-tune.o
    0x20002ab4   COMPRESSED   0x0000001c   Data   RW          179    .data               hal_gpio.o
    0x20002ad0   COMPRESSED   0x00000004   Data   RW          274    .data               hal_pll.o
    0x20002ad4   COMPRESSED   0x00000008   Data   RW          297    .data               hal_pwm.o
    0x20002adc   COMPRESSED   0x0000003c   Data   RW          642    .data               tasks.o
    0x20002b18   COMPRESSED   0x00000014   Data   RW          906    .data               timers.o
    0x20002b2c   COMPRESSED   0x0000000c   Data   RW         1026    .data               port.o
    0x20002b38   COMPRESSED   0x00000008   Data   RW         1098    .data               heap_1.o
    0x20002b40        -       0x000000a0   Zero   RW          641    .bss                tasks.o
    0x20002be0        -       0x00000028   Zero   RW          905    .bss                timers.o
    0x20002c08        -       0x00002000   Zero   RW         1097    .bss                heap_1.o
    0x20004c08        -       0x00000400   Zero   RW          138    STACK               startup_rvmdk.o


==============================================================================

Image component sizes


      Code (inc. data)   RO Data    RW Data    ZI Data      Debug   Object Name

       734         58          0         28          0       6850   hal_gpio.o
       124         10          0          0          0       1669   hal_nvic.o
       140         20          0          4          0       1290   hal_pll.o
       412         26          0          8          0       5334   hal_pwm.o
       146         14          0          8       8192       2295   heap_1.o
       148          0          0          0          0       4926   list.o
         0          0          0      10852          0       2698   midi-tune.o
         0          0        240          0          0        590   midi.o
       966         90          0         12          0      12073   port.o
       824        124         14         80          0      31614   project.o
      2366         18          0          0          0      24457   queue.o
       648        622          0          0       1024        328   startup_rvmdk.o
      2870        384          0         60        160      23896   tasks.o
      1110        106          0         20         40      17903   timers.o

    ----------------------------------------------------------------------
     10500       1472        288      11072       9416     135923   Object Totals
         0          0         32          0          0          0   (incl. Generated)
        12          0          2          0          0          0   (incl. Padding)

    ----------------------------------------------------------------------

      Code (inc. data)   RO Data    RW Data    ZI Data      Debug   Library Member Name

        94          0          0          0          0          0   __dclz77c.o
         0          0          0          0          0          0   entry.o
         0          0          0          0          0          0   entry10a.o
         0          0          0          0          0          0   entry11a.o
         8          4          0          0          0          0   entry2.o
         4          0          0          0          0          0   entry5.o
         0          0          0          0          0          0   entry7b.o
         0          0          0          0          0          0   entry8b.o
         8          4          0          0          0          0   entry9a.o
        30          0          0          0          0          0   handlers.o
        36          8          0          0          0         68   init.o
        36          0          0          0          0         68   memcpya.o

    ----------------------------------------------------------------------
       220         16          0          0          0        136   Library Totals
         4          0          0          0          0          0   (incl. Padding)

    ----------------------------------------------------------------------

      Code (inc. data)   RO Data    RW Data    ZI Data      Debug   Library Name

       216         16          0          0          0        136   mc_w.l

    ----------------------------------------------------------------------
       220         16          0          0          0        136   Library Totals

    ----------------------------------------------------------------------

==============================================================================


      Code (inc. data)   RO Data    RW Data    ZI Data      Debug   

     10720       1488        288      11072       9416     127743   Grand Totals
     10720       1488        288       1028       9416     127743   ELF Image Totals (compressed)
     10720       1488        288       1028          0          0   ROM Totals

==============================================================================

    Total RO  Size (Code + RO Data)                11008 (  10.75kB)
    Total RW  Size (RW Data + ZI Data)             20488 (  20.01kB)
    Total ROM Size (Code + RO Data + RW Data)      12036 (  11.75kB)

==============================================================================

