<html>
<body>
<pre>
<h1>µVision Build Log</h1>
<h2>Tool Versions:</h2>
IDE-Version: µVision V5.31.0.0
Copyright (C) 2020 ARM Ltd and ARM Germany GmbH. All rights reserved.
License Information: Howard Krupsky, San Francisco State University, LIC=----
 
Tool Versions:
Toolchain:       MDK-Lite  Version: 5.31.0.0
Toolchain Path:  E:\Keil\ARM\ARMCC\Bin
C Compiler:      Armcc.exe V5.06 update 6 (build 750)
Assembler:       Armasm.exe V5.06 update 6 (build 750)
Linker/Locator:  ArmLink.exe V5.06 update 6 (build 750)
Library Manager: ArmAr.exe V5.06 update 6 (build 750)
Hex Converter:   FromElf.exe V5.06 update 6 (build 750)
CPU DLL:         SARMCM3.DLL V5.31.0.0
Dialog DLL:      DCM.DLL V1.17.3.0
Target DLL:      lmidk-agdi.dll V???
Dialog DLL:      TCM.DLL V1.46.0.0
 
<h2>Project:</h2>
E:\ti\TivaWare_C_Series-2.1.4.178\examples\boards\my_projects\Tiva-C-Embedded\Experiment16-PWM-Music\project.uvprojx
Project File Date:  10/10/2020

<h2>Output:</h2>
*** Using Compiler 'V5.06 update 6 (build 750)', folder: 'E:\Keil\ARM\ARMCC\Bin'
Rebuild target 'project'
creating preprocessor file for midi.c...
assembling startup_rvmdk.S...
compiling midi.c...
creating preprocessor file for project.c...
creating preprocessor file for midi-tune.c...
compiling project.c...
compiling midi-tune.c...
creating preprocessor file for HAL_GPIO.c...
creating preprocessor file for HAL_NVIC.c...
creating preprocessor file for HAL_PLL.c...
creating preprocessor file for HAL_PWM.c...
compiling HAL_GPIO.c...
compiling HAL_NVIC.c...
creating preprocessor file for Strings.c...
compiling Strings.c...
compiling HAL_PLL.c...
creating preprocessor file for list.c...
compiling list.c...
compiling HAL_PWM.c...
creating preprocessor file for queue.c...
creating preprocessor file for tasks.c...
creating preprocessor file for timers.c...
compiling queue.c...
creating preprocessor file for port.c...
compiling tasks.c...
compiling timers.c...
creating preprocessor file for heap_1.c...
compiling heap_1.c...
compiling port.c...
linking...
Program Size: Code=10720 RO-data=288 RW-data=11072 ZI-data=9416  
FromELF: creating hex file...
After Build - User command #1: fromelf --bin --output .\rvmdk\project.bin .\rvmdk\project.axf
".\rvmdk\project.axf" - 0 Error(s), 0 Warning(s).

<h2>Software Packages used:</h2>

Package Vendor: ARM
                http://www.keil.com/pack/ARM.CMSIS.5.7.0.pack
                ARM.CMSIS.5.7.0
                CMSIS (Cortex Microcontroller Software Interface Standard)
   * Component: CORE Version: 5.4.0

Package Vendor: Keil
                http://www.keil.com/pack/Keil.TM4C_DFP.1.1.0.pack
                Keil.TM4C_DFP.1.1.0
                Texas Instruments Tiva C Series Device Support and Examples

<h2>Collection of Component include folders:</h2>
  .\RTE\_project
  C:\Users\Howie\AppData\Local\Arm\Packs\ARM\CMSIS\5.7.0\CMSIS\Core\Include
  C:\Users\Howie\AppData\Local\Arm\Packs\Keil\TM4C_DFP\1.1.0\Device\Include\TM4C123

<h2>Collection of Component Files used:</h2>

   * Component: ARM::CMSIS:CORE:5.4.0
Build Time Elapsed:  00:00:02
</pre>
</body>
</html>
