Component: ARM Compiler 5.06 update 6 (build 750) Tool: armlink [4d35ed]

==============================================================================

Section Cross References

    final_project.o(i.I2C3_Rd) refers to final_project.o(i.I2C_wait_till_done) for I2C_wait_till_done
    final_project.o(i.I2C3_Wr) refers to final_project.o(i.I2C_wait_till_done) for I2C_wait_till_done
    final_project.o(i.InitConsole) refers to sysctl.o(i.SysCtlPeripheralEnable) for SysCtlPeripheralEnable
    final_project.o(i.InitConsole) refers to gpio.o(i.GPIOPinConfigure) for GPIOPinConfigure
    final_project.o(i.InitConsole) refers to uart.o(i.UARTClockSourceSet) for UARTClockSourceSet
    final_project.o(i.InitConsole) refers to gpio.o(i.GPIOPinTypeUART) for GPIOPinTypeUART
    final_project.o(i.InitHardware) refers to hal_pll.o(i.PLL_Init80MHz) for PLL_Init80MHz
    final_project.o(i.InitHardware) refers to hal_pll.o(i.PLL_GetBusClockFreq) for PLL_GetBusClockFreq
    final_project.o(i.InitHardware) refers to hal_gpio.o(i.GPIO_EnableDI) for GPIO_EnableDI
    final_project.o(i.InitHardware) refers to hal_gpio.o(i.GPIO_EnableInterrupt) for GPIO_EnableInterrupt
    final_project.o(i.InitHardware) refers to hal_pwm.o(i.PWM_SetClockDivisor) for PWM_SetClockDivisor
    final_project.o(i.InitHardware) refers to sysctl.o(i.SysCtlPeripheralEnable) for SysCtlPeripheralEnable
    final_project.o(i.InitHardware) refers to gpio.o(i.GPIOPinTypeGPIOOutput) for GPIOPinTypeGPIOOutput
    final_project.o(i.InitHardware) refers to final_project.o(.data) for SystemCoreClock
    final_project.o(i.InitHardware) refers to final_project.o(.constdata) for .constdata
    final_project.o(i.InitHardware) refers to final_project.o(i.SwitchHandler) for SwitchHandler
    final_project.o(i.IsPlaying) refers to final_project.o(.data) for trackParams_
    final_project.o(i.IsPlaying) refers to midi-tune.o(.data) for midi_tune
    final_project.o(i.MPU9250_Init) refers to final_project.o(i.I2C3_Wr) for I2C3_Wr
    final_project.o(i.PlayNote) refers to hal_pwm.o(i.PWM_Disable) for PWM_Disable
    final_project.o(i.PlayNote) refers to hal_pwm.o(i.PWM_Configure) for PWM_Configure
    final_project.o(i.PlayNote) refers to hal_pwm.o(i.PWM_Enable) for PWM_Enable
    final_project.o(i.PlayNote) refers to midi.o(.constdata) for Midi_NotePwmPeriods
    final_project.o(i.SwitchHandler) refers to hal_gpio.o(i.GPIO_DisarmInterrupt) for GPIO_DisarmInterrupt
    final_project.o(i.SwitchHandler) refers to gpio.o(i.GPIOPinRead) for GPIOPinRead
    final_project.o(i.SwitchHandler) refers to gpio.o(i.GPIOPinWrite) for GPIOPinWrite
    final_project.o(i.SwitchHandler) refers to queue.o(i.xQueueGiveFromISR) for xQueueGiveFromISR
    final_project.o(i.SwitchHandler) refers to final_project.o(.constdata) for .constdata
    final_project.o(i.SwitchHandler) refers to final_project.o(.data) for switchPressed_
    final_project.o(i.UART_init) refers to sysctl.o(i.SysCtlClockSet) for SysCtlClockSet
    final_project.o(i.UART_init) refers to sysctl.o(i.SysCtlPeripheralEnable) for SysCtlPeripheralEnable
    final_project.o(i.UART_init) refers to gpio.o(i.GPIOPinConfigure) for GPIOPinConfigure
    final_project.o(i.UART_init) refers to gpio.o(i.GPIOPinTypeUART) for GPIOPinTypeUART
    final_project.o(i.UART_init) refers to sysctl.o(i.SysCtlClockGet) for SysCtlClockGet
    final_project.o(i.UART_init) refers to uart.o(i.UARTConfigSetExpClk) for UARTConfigSetExpClk
    final_project.o(i.UART_init) refers to uart.o(i.UARTIntEnable) for UARTIntEnable
    final_project.o(i.init_vals) refers to gpio.o(i.GPIOPinWrite) for GPIOPinWrite
    final_project.o(i.init_vals) refers to final_project.o(i.I2C3_Rd) for I2C3_Rd
    final_project.o(i.init_vals) refers to final_project.o(i.Delay) for Delay
    final_project.o(i.init_vals) refers to final_project.o(.data) for avg_accX
    final_project.o(i.main) refers to final_project.o(i.InitHardware) for InitHardware
    final_project.o(i.main) refers to final_project.o(i.I2C3_Init) for I2C3_Init
    final_project.o(i.main) refers to final_project.o(i.MPU9250_Init) for MPU9250_Init
    final_project.o(i.main) refers to final_project.o(i.UART_init) for UART_init
    final_project.o(i.main) refers to final_project.o(i.init_vals) for init_vals
    final_project.o(i.main) refers to queue.o(i.xQueueGenericCreate) for xQueueGenericCreate
    final_project.o(i.main) refers to queue.o(i.xQueueCreateCountingSemaphore) for xQueueCreateCountingSemaphore
    final_project.o(i.main) refers to tasks.o(i.xTaskCreate) for xTaskCreate
    final_project.o(i.main) refers to tasks.o(i.vTaskStartScheduler) for vTaskStartScheduler
    final_project.o(i.main) refers to final_project.o(.data) for armSemaphore_
    final_project.o(i.main) refers to final_project.o(i.vSwitchTask) for vSwitchTask
    final_project.o(i.main) refers to final_project.o(i.vSensorTask) for vSensorTask
    final_project.o(i.main) refers to midi-tune.o(.data) for midi_tune
[...]
    printf6.o(i.__0vsprintf$6) refers to printf6.o(i._printf_core) for _printf_core
    printf6.o(i.__0vsprintf$6) refers to printf6.o(i._sputc) for _sputc
    printf6.o(i._printf_core) refers to printf6.o(i._printf_pre_padding) for _printf_pre_padding
    printf6.o(i._printf_core) refers to uidiv.o(.text) for __aeabi_uidivmod
    printf6.o(i._printf_core) refers to printf6.o(i._printf_post_padding) for _printf_post_padding
    printf7.o(i.__0fprintf$7) refers to printf7.o(i._printf_core) for _printf_core
    printf7.o(i.__0fprintf$7) refers to fputc.o(i.fputc) for fputc
    printf7.o(i.__0printf$7) refers to printf7.o(i._printf_core) for _printf_core
    printf7.o(i.__0printf$7) refers to fputc.o(i.fputc) for fputc
    printf7.o(i.__0printf$7) refers to stdout.o(.data) for __stdout
    printf7.o(i.__0snprintf$7) refers to printf7.o(i._printf_core) for _printf_core
    printf7.o(i.__0snprintf$7) refers to printf7.o(i._snputc) for _snputc
    printf7.o(i.__0sprintf$7) refers to printf7.o(i._printf_core) for _printf_core
    printf7.o(i.__0sprintf$7) refers to printf7.o(i._sputc) for _sputc
    printf7.o(i.__0vfprintf$7) refers to printf7.o(i._printf_core) for _printf_core
    printf7.o(i.__0vfprintf$7) refers to fputc.o(i.fputc) for fputc
    printf7.o(i.__0vprintf$7) refers to printf7.o(i._printf_core) for _printf_core
    printf7.o(i.__0vprintf$7) refers to fputc.o(i.fputc) for fputc
    printf7.o(i.__0vprintf$7) refers to stdout.o(.data) for __stdout
    printf7.o(i.__0vsnprintf$7) refers to printf7.o(i._printf_core) for _printf_core
    printf7.o(i.__0vsnprintf$7) refers to printf7.o(i._snputc) for _snputc
    printf7.o(i.__0vsprintf$7) refers to printf7.o(i._printf_core) for _printf_core
    printf7.o(i.__0vsprintf$7) refers to printf7.o(i._sputc) for _sputc
    printf7.o(i._printf_core) refers to printf7.o(i._printf_pre_padding) for _printf_pre_padding
    printf7.o(i._printf_core) refers to uldiv.o(.text) for __aeabi_uldivmod
    printf7.o(i._printf_core) refers to printf7.o(i._printf_post_padding) for _printf_post_padding
    printf8.o(i.__0fprintf$8) refers to printf8.o(i._printf_core) for _printf_core
    printf8.o(i.__0fprintf$8) refers to fputc.o(i.fputc) for fputc
    printf8.o(i.__0printf$8) refers to printf8.o(i._printf_core) for _printf_core
    printf8.o(i.__0printf$8) refers to fputc.o(i.fputc) for fputc
    printf8.o(i.__0printf$8) refers to stdout.o(.data) for __stdout
    printf8.o(i.__0snprintf$8) refers to printf8.o(i._printf_core) for _printf_core
    printf8.o(i.__0snprintf$8) refers to printf8.o(i._snputc) for _snputc
    printf8.o(i.__0sprintf$8) refers to printf8.o(i._printf_core) for _printf_core
    printf8.o(i.__0sprintf$8) refers to printf8.o(i._sputc) for _sputc
    printf8.o(i.__0vfprintf$8) refers to printf8.o(i._printf_core) for _printf_core
    printf8.o(i.__0vfprintf$8) refers to fputc.o(i.fputc) for fputc
    printf8.o(i.__0vprintf$8) refers to printf8.o(i._printf_core) for _printf_core
    printf8.o(i.__0vprintf$8) refers to fputc.o(i.fputc) for fputc
    printf8.o(i.__0vprintf$8) refers to stdout.o(.data) for __stdout
    printf8.o(i.__0vsnprintf$8) refers to printf8.o(i._printf_core) for _printf_core
    printf8.o(i.__0vsnprintf$8) refers to printf8.o(i._snputc) for _snputc
    printf8.o(i.__0vsprintf$8) refers to printf8.o(i._printf_core) for _printf_core
    printf8.o(i.__0vsprintf$8) refers to printf8.o(i._sputc) for _sputc
    printf8.o(i._printf_core) refers to printf8.o(i._printf_pre_padding) for _printf_pre_padding
    printf8.o(i._printf_core) refers to uldiv.o(.text) for __aeabi_uldivmod
    printf8.o(i._printf_core) refers to printf8.o(i._printf_post_padding) for _printf_post_padding
    printfa.o(i.__0fprintf) refers (Special) to iusefp.o(.text) for __I$use$fp
    printfa.o(i.__0fprintf) refers to printfa.o(i._printf_core) for _printf_core
    printfa.o(i.__0fprintf) refers to fputc.o(i.fputc) for fputc
    printfa.o(i.__0printf) refers (Special) to iusefp.o(.text) for __I$use$fp
    printfa.o(i.__0printf) refers to printfa.o(i._printf_core) for _printf_core
    printfa.o(i.__0printf) refers to fputc.o(i.fputc) for fputc
    printfa.o(i.__0printf) refers to stdout.o(.data) for __stdout
    printfa.o(i.__0snprintf) refers (Special) to iusefp.o(.text) for __I$use$fp
    printfa.o(i.__0snprintf) refers to printfa.o(i._printf_core) for _printf_core
    printfa.o(i.__0snprintf) refers to printfa.o(i._snputc) for _snputc
    printfa.o(i.__0sprintf) refers (Special) to iusefp.o(.text) for __I$use$fp
    printfa.o(i.__0sprintf) refers to printfa.o(i._printf_core) for _printf_core
    printfa.o(i.__0sprintf) refers to printfa.o(i._sputc) for _sputc
    printfa.o(i.__0vfprintf) refers (Special) to iusefp.o(.text) for __I$use$fp
    printfa.o(i.__0vfprintf) refers to printfa.o(i._printf_core) for _printf_core
    printfa.o(i.__0vfprintf) refers to fputc.o(i.fputc) for fputc
    printfa.o(i.__0vprintf) refers (Special) to iusefp.o(.text) for __I$use$fp
    printfa.o(i.__0vprintf) refers to printfa.o(i._printf_core) for _printf_core
    printfa.o(i.__0vprintf) refers to fputc.o(i.fputc) for fputc
    printfa.o(i.__0vprintf) refers to stdout.o(.data) for __stdout
    printfa.o(i.__0vsnprintf) refers (Special) to iusefp.o(.text) for __I$use$fp
    printfa.o(i.__0vsnprintf) refers to printfa.o(i._printf_core) for _printf_core
    printfa.o(i.__0vsnprintf) refers to printfa.o(i._snputc) for _snputc
    printfa.o(i.__0vsprintf) refers (Special) to iusefp.o(.text) for __I$use$fp
    printfa.o(i.__0vsprintf) refers to printfa.o(i._printf_core) for _printf_core
    printfa.o(i.__0vsprintf) refers to printfa.o(i._sputc) for _sputc
    printfa.o(i._fp_digits) refers (Special) to iusefp.o(.text) for __I$use$fp
    printfa.o(i._fp_digits) refers to dmul.o(.text) for __aeabi_dmul
    printfa.o(i._fp_digits) refers to ddiv.o(.text) for __aeabi_ddiv
    printfa.o(i._fp_digits) refers to cdrcmple.o(.text) for __aeabi_cdrcmple
    printfa.o(i._fp_digits) refers to dadd.o(.text) for __aeabi_dadd
    printfa.o(i._fp_digits) refers to dfixul.o(.text) for __aeabi_d2ulz
    printfa.o(i._fp_digits) refers to uldiv.o(.text) for __aeabi_uldivmod
    printfa.o(i._printf_core) refers (Special) to iusefp.o(.text) for __I$use$fp
    printfa.o(i._printf_core) refers to printfa.o(i._printf_pre_padding) for _printf_pre_padding
    printfa.o(i._printf_core) refers to uldiv.o(.text) for __aeabi_uldivmod
    printfa.o(i._printf_core) refers to printfa.o(i._printf_post_padding) for _printf_post_padding
    printfa.o(i._printf_core) refers to printfa.o(i._fp_digits) for _fp_digits
    printfa.o(i._printf_core) refers to uidiv.o(.text) for __aeabi_uidivmod
    printfa.o(i._printf_post_padding) refers (Special) to iusefp.o(.text) for __I$use$fp
    printfa.o(i._printf_pre_padding) refers (Special) to iusefp.o(.text) for __I$use$fp
    printfa.o(i._snputc) refers (Special) to iusefp.o(.text) for __I$use$fp
    printfa.o(i._sputc) refers (Special) to iusefp.o(.text) for __I$use$fp
    dmul.o(.text) refers (Special) to iusefp.o(.text) for __I$use$fp
    dmul.o(.text) refers to depilogue.o(.text) for _double_epilogue
    dflti.o(.text) refers (Special) to iusefp.o(.text) for __I$use$fp
    dflti.o(.text) refers to depilogue.o(.text) for _double_epilogue
    dfltui.o(.text) refers (Special) to iusefp.o(.text) for __I$use$fp
    dfltui.o(.text) refers to depilogue.o(.text) for _double_epilogue
    cdrcmple.o(.text) refers (Special) to iusefp.o(.text) for __I$use$fp
    entry2.o(.ARM.Collect$$$$00000001) refers to entry2.o(.ARM.Collect$$$$00002712) for __lit__00000000
    entry2.o(.ARM.Collect$$$$00002712) refers to startup_rvmdk.o(STACK) for __initial_sp
    entry2.o(__vectab_stack_and_reset_area) refers to startup_rvmdk.o(STACK) for __initial_sp
    entry2.o(__vectab_stack_and_reset_area) refers to entry.o(.ARM.Collect$$$$00000000) for __main
    entry5.o(.ARM.Collect$$$$00000004) refers to init.o(.text) for __scatterload
    entry9a.o(.ARM.Collect$$$$0000000B) refers to final_project.o(i.main) for main
    entry9b.o(.ARM.Collect$$$$0000000C) refers to final_project.o(i.main) for main
    fputc.o(i.fputc) refers (Special) to iusesemip.o(.text) for __I$use$semihosting$fputc
    fputc.o(i.fputc) refers (Special) to semi.o(.text) for __semihosting_library_function
    uldiv.o(.text) refers to llushr.o(.text) for __aeabi_llsr
    uldiv.o(.text) refers to llshl.o(.text) for __aeabi_llsl
    depilogue.o(.text) refers to llshl.o(.text) for __aeabi_llsl
    depilogue.o(.text) refers to llushr.o(.text) for __aeabi_llsr
    dadd.o(.text) refers to llshl.o(.text) for __aeabi_llsl
    dadd.o(.text) refers to llsshr.o(.text) for __aeabi_lasr
    dadd.o(.text) refers to depilogue.o(.text) for _double_epilogue
    ddiv.o(.text) refers to depilogue.o(.text) for _double_round
    dfixul.o(.text) refers to llushr.o(.text) for __aeabi_llsr
    dfixul.o(.text) refers to llshl.o(.text) for __aeabi_llsl
    init.o(.text) refers to entry5.o(.ARM.Collect$$$$00000004) for __main_after_scatterload


==============================================================================

Removing Unused input sections from the image.

    Removing final_project.o(i.InitConsole), (60 bytes).
    Removing final_project.o(i.IsPlaying), (40 bytes).
    Removing final_project.o(i.UART_Transmitter), (24 bytes).
    Removing final_project.o(i.print_readings), (160 bytes).
    Removing final_project.o(i.printstring), (22 bytes).
    Removing final_project.o(.bss), (20 bytes).
    Removing startup_rvmdk.o(HEAP), (0 bytes).
    Removing startup_rvmdk.o(.text), (0 bytes).
    Removing utilities.o(i.delay), (18 bytes).
    Removing utilities.o(i.delay_micro), (18 bytes).
    Removing utilities.o(i.invSqrt), (60 bytes).
    Removing utilities.o(i.q_conjugate), (70 bytes).
    Removing utilities.o(i.q_mul), (234 bytes).
    Removing utilities.o(i.q_norm), (60 bytes).
    Removing strings.o(i.atoi), (80 bytes).
    Removing strings.o(i.isdigit), (18 bytes).
    Removing strings.o(i.isspace), (34 bytes).
    Removing strings.o(i.itoa), (70 bytes).
    Removing strings.o(i.reverse), (34 bytes).
    Removing strings.o(i.strlen), (18 bytes).
    Removing strings.o(i.strncpy), (40 bytes).
    Removing queue.o(i.uxQueueMessagesWaiting), (42 bytes).
    Removing queue.o(i.uxQueueMessagesWaitingFromISR), (30 bytes).
    Removing queue.o(i.uxQueueSpacesAvailable), (48 bytes).
    Removing queue.o(i.vQueueDelete), (38 bytes).
    Removing queue.o(i.xQueueIsQueueEmptyFromISR), (38 bytes).
    Removing queue.o(i.xQueueIsQueueFullFromISR), (42 bytes).
    Removing queue.o(i.xQueuePeek), (368 bytes).
    Removing queue.o(i.xQueuePeekFromISR), (176 bytes).
    Removing queue.o(i.xQueueReceiveFromISR), (202 bytes).
    Removing tasks.o(i.pcTaskGetName), (48 bytes).
    Removing tasks.o(i.prvTaskIsTaskSuspended), (88 bytes).
    Removing tasks.o(i.ulTaskNotifyTake), (116 bytes).
    Removing tasks.o(i.uxTaskGetNumberOfTasks), (12 bytes).
    Removing tasks.o(i.uxTaskPriorityGet), (36 bytes).
    Removing tasks.o(i.uxTaskPriorityGetFromISR), (68 bytes).
    Removing tasks.o(i.uxTaskResetEventItemValue), (28 bytes).
    Removing tasks.o(i.vTaskDelete), (244 bytes).
    Removing tasks.o(i.vTaskEndScheduler), (36 bytes).
    Removing tasks.o(i.vTaskNotifyGiveFromISR), (240 bytes).
    Removing tasks.o(i.vTaskPlaceOnUnorderedEventList), (108 bytes).
    Removing tasks.o(i.vTaskPrioritySet), (268 bytes).
    Removing tasks.o(i.vTaskRemoveFromUnorderedEventList), (164 bytes).
    Removing tasks.o(i.vTaskResume), (144 bytes).
    Removing tasks.o(i.vTaskSetTimeOutState), (60 bytes).
    Removing tasks.o(i.vTaskSuspend), (244 bytes).
    Removing tasks.o(i.xTaskGenericNotify), (260 bytes).
    Removing tasks.o(i.xTaskGenericNotifyFromISR), (324 bytes).
    Removing tasks.o(i.xTaskGetTickCountFromISR), (20 bytes).
    Removing tasks.o(i.xTaskNotifyStateClear), (52 bytes).
    Removing tasks.o(i.xTaskNotifyWait), (160 bytes).
    Removing tasks.o(i.xTaskResumeFromISR), (180 bytes).
    Removing timers.o(i.pcTimerGetName), (32 bytes).
    Removing timers.o(i.prvInitialiseNewTimer), (78 bytes).
    Removing timers.o(i.pvTimerGetTimerID), (44 bytes).
    Removing timers.o(i.vTimerSetTimerID), (44 bytes).
    Removing timers.o(i.xTimerCreate), (48 bytes).
    Removing timers.o(i.xTimerGetExpiryTime), (34 bytes).
    Removing timers.o(i.xTimerGetPeriod), (32 bytes).
    Removing timers.o(i.xTimerGetTimerDaemonTaskHandle), (48 bytes).
    Removing timers.o(i.xTimerIsTimerActive), (56 bytes).
    Removing heap_1.o(i.vPortInitialiseBlocks), (12 bytes).
    Removing heap_1.o(i.xPortGetFreeHeapSize), (16 bytes).
    Removing port.o(i.vPortEndScheduler), (48 bytes).
    Removing hal_gpio.o(i.GPIO_EnableAltAnalog), (68 bytes).
    Removing hal_gpio.o(i.GPIO_EnableDO), (216 bytes).
    Removing hal_gpio.o(i.GPIO_GetBitBandIOAddress), (52 bytes).
    Removing hal_gpio.o(i.GetPinNumber), (28 bytes).
    Removing hal_nvic.o(i.NVIC_DisableIRQ), (52 bytes).
    Removing hal_pwm.o(i.PWM_SetDuty), (68 bytes).
    Removing gpio.o(i.GPIOADCTriggerDisable), (14 bytes).
    Removing gpio.o(i.GPIOADCTriggerEnable), (12 bytes).
    Removing gpio.o(i.GPIODMATriggerDisable), (14 bytes).
    Removing gpio.o(i.GPIODMATriggerEnable), (12 bytes).
    Removing gpio.o(i.GPIODirModeGet), (34 bytes).
    Removing gpio.o(i.GPIOIntClear), (6 bytes).
    Removing gpio.o(i.GPIOIntDisable), (14 bytes).
    Removing gpio.o(i.GPIOIntEnable), (12 bytes).
    Removing gpio.o(i.GPIOIntRegister), (26 bytes).
    Removing gpio.o(i.GPIOIntRegisterPin), (30 bytes).
    Removing gpio.o(i.GPIOIntStatus), (14 bytes).
    Removing gpio.o(i.GPIOIntTypeGet), (68 bytes).
    Removing gpio.o(i.GPIOIntTypeSet), (80 bytes).
    Removing gpio.o(i.GPIOIntUnregister), (22 bytes).
    Removing gpio.o(i.GPIOIntUnregisterPin), (26 bytes).
    Removing gpio.o(i.GPIOPadConfigGet), (204 bytes).
    Removing gpio.o(i.GPIOPinTypeADC), (28 bytes).
    Removing gpio.o(i.GPIOPinTypeCAN), (28 bytes).
    Removing gpio.o(i.GPIOPinTypeComparator), (28 bytes).
    Removing gpio.o(i.GPIOPinTypeComparatorOutput), (28 bytes).
    Removing gpio.o(i.GPIOPinTypeDIVSCLK), (28 bytes).
    Removing gpio.o(i.GPIOPinTypeEPI), (28 bytes).
    Removing gpio.o(i.GPIOPinTypeEthernetLED), (28 bytes).
    Removing gpio.o(i.GPIOPinTypeEthernetMII), (28 bytes).
    Removing gpio.o(i.GPIOPinTypeGPIOInput), (28 bytes).
    Removing gpio.o(i.GPIOPinTypeGPIOOutputOD), (28 bytes).
    Removing gpio.o(i.GPIOPinTypeHibernateRTCCLK), (28 bytes).
    Removing gpio.o(i.GPIOPinTypeI2C), (28 bytes).
    Removing gpio.o(i.GPIOPinTypeI2CSCL), (28 bytes).
    Removing gpio.o(i.GPIOPinTypeLCD), (28 bytes).
    Removing gpio.o(i.GPIOPinTypeOneWire), (28 bytes).
    Removing gpio.o(i.GPIOPinTypePWM), (28 bytes).
    Removing gpio.o(i.GPIOPinTypeQEI), (28 bytes).
    Removing gpio.o(i.GPIOPinTypeSSI), (28 bytes).
    Removing gpio.o(i.GPIOPinTypeTimer), (28 bytes).
    Removing gpio.o(i.GPIOPinTypeTrace), (28 bytes).
    Removing gpio.o(i.GPIOPinTypeUSBAnalog), (28 bytes).
    Removing gpio.o(i.GPIOPinTypeUSBDigital), (28 bytes).
    Removing gpio.o(i.GPIOPinTypeWakeHigh), (30 bytes).
    Removing gpio.o(i.GPIOPinTypeWakeLow), (30 bytes).
    Removing gpio.o(i.GPIOPinWakeStatus), (6 bytes).
    Removing gpio.o(i._GPIOIntNumberGet), (80 bytes).
    Removing sysctl.o(i.SysCtlAltClkConfig), (12 bytes).
    Removing sysctl.o(i.SysCtlClockFreqSet), (748 bytes).
    Removing sysctl.o(i.SysCtlClockOutConfig), (20 bytes).
    Removing sysctl.o(i.SysCtlDeepSleep), (32 bytes).
    Removing sysctl.o(i.SysCtlDeepSleepClockConfigSet), (112 bytes).
    Removing sysctl.o(i.SysCtlDeepSleepClockSet), (12 bytes).
    Removing sysctl.o(i.SysCtlDeepSleepPowerSet), (12 bytes).
    Removing sysctl.o(i.SysCtlFlashSectorSizeGet), (56 bytes).
    Removing sysctl.o(i.SysCtlFlashSizeGet), (56 bytes).
    Removing sysctl.o(i.SysCtlGPIOAHBDisable), (28 bytes).
    Removing sysctl.o(i.SysCtlGPIOAHBEnable), (24 bytes).
    Removing sysctl.o(i.SysCtlIntClear), (12 bytes).
    Removing sysctl.o(i.SysCtlIntDisable), (16 bytes).
    Removing sysctl.o(i.SysCtlIntEnable), (16 bytes).
    Removing sysctl.o(i.SysCtlIntRegister), (20 bytes).
    Removing sysctl.o(i.SysCtlIntStatus), (16 bytes).
    Removing sysctl.o(i.SysCtlIntUnregister), (18 bytes).
    Removing sysctl.o(i.SysCtlLDODeepSleepGet), (12 bytes).
    Removing sysctl.o(i.SysCtlLDODeepSleepSet), (12 bytes).
    Removing sysctl.o(i.SysCtlLDOSleepGet), (12 bytes).
    Removing sysctl.o(i.SysCtlLDOSleepSet), (12 bytes).
    Removing sysctl.o(i.SysCtlMOSCConfigSet), (12 bytes).
    Removing sysctl.o(i.SysCtlNMIClear), (16 bytes).
    Removing sysctl.o(i.SysCtlNMIStatus), (12 bytes).
    Removing sysctl.o(i.SysCtlPIOSCCalibrate), (76 bytes).
    Removing sysctl.o(i.SysCtlPWMClockGet), (24 bytes).
    Removing sysctl.o(i.SysCtlPWMClockSet), (20 bytes).
    Removing sysctl.o(i.SysCtlPeripheralClockGating), (68 bytes).
    Removing sysctl.o(i.SysCtlPeripheralDeepSleepDisable), (40 bytes).
    Removing sysctl.o(i.SysCtlPeripheralDeepSleepEnable), (40 bytes).
    Removing sysctl.o(i.SysCtlPeripheralDisable), (40 bytes).
    Removing sysctl.o(i.SysCtlPeripheralPowerOff), (40 bytes).
    Removing sysctl.o(i.SysCtlPeripheralPowerOn), (40 bytes).
    Removing sysctl.o(i.SysCtlPeripheralPresent), (44 bytes).
    Removing sysctl.o(i.SysCtlPeripheralReady), (44 bytes).
    Removing sysctl.o(i.SysCtlPeripheralReset), (60 bytes).
    Removing sysctl.o(i.SysCtlPeripheralSleepDisable), (40 bytes).
    Removing sysctl.o(i.SysCtlPeripheralSleepEnable), (40 bytes).
    Removing sysctl.o(i.SysCtlReset), (16 bytes).
    Removing sysctl.o(i.SysCtlResetBehaviorGet), (12 bytes).
    Removing sysctl.o(i.SysCtlResetBehaviorSet), (12 bytes).
    Removing sysctl.o(i.SysCtlResetCauseClear), (16 bytes).
    Removing sysctl.o(i.SysCtlResetCauseGet), (12 bytes).
    Removing sysctl.o(i.SysCtlSRAMSizeGet), (16 bytes).
    Removing sysctl.o(i.SysCtlSleep), (4 bytes).
    Removing sysctl.o(i.SysCtlSleepPowerSet), (12 bytes).
    Removing sysctl.o(i.SysCtlUSBPLLDisable), (16 bytes).
    Removing sysctl.o(i.SysCtlUSBPLLEnable), (16 bytes).
    Removing sysctl.o(i.SysCtlVCOGet), (120 bytes).
    Removing sysctl.o(i.SysCtlVoltageEventClear), (16 bytes).
    Removing sysctl.o(i.SysCtlVoltageEventConfig), (12 bytes).
    Removing sysctl.o(i.SysCtlVoltageEventStatus), (12 bytes).
    Removing uart.o(i.UART9BitAddrSend), (38 bytes).
    Removing uart.o(i.UART9BitAddrSet), (10 bytes).
    Removing uart.o(i.UART9BitDisable), (14 bytes).
    Removing uart.o(i.UART9BitEnable), (14 bytes).
    Removing uart.o(i.UARTBreakCtl), (18 bytes).
    Removing uart.o(i.UARTBusy), (8 bytes).
    Removing uart.o(i.UARTCharGet), (12 bytes).
    Removing uart.o(i.UARTCharGetNonBlocking), (16 bytes).
    Removing uart.o(i.UARTCharPut), (12 bytes).
    Removing uart.o(i.UARTCharPutNonBlocking), (16 bytes).
    Removing uart.o(i.UARTCharsAvail), (10 bytes).
    Removing uart.o(i.UARTClockSourceGet), (6 bytes).
    Removing uart.o(i.UARTClockSourceSet), (6 bytes).
    Removing uart.o(i.UARTConfigGetExpClk), (46 bytes).
    Removing uart.o(i.UARTDMADisable), (10 bytes).
    Removing uart.o(i.UARTDMAEnable), (8 bytes).
    Removing uart.o(i.UARTDisable), (30 bytes).
    Removing uart.o(i.UARTDisableSIR), (10 bytes).
    Removing uart.o(i.UARTEnable), (20 bytes).
    Removing uart.o(i.UARTEnableSIR), (18 bytes).
    Removing uart.o(i.UARTFIFODisable), (10 bytes).
    Removing uart.o(i.UARTFIFOEnable), (10 bytes).
    Removing uart.o(i.UARTFIFOLevelGet), (16 bytes).
    Removing uart.o(i.UARTFIFOLevelSet), (6 bytes).
    Removing uart.o(i.UARTFlowControlGet), (8 bytes).
    Removing uart.o(i.UARTFlowControlSet), (12 bytes).
    Removing uart.o(i.UARTIntClear), (4 bytes).
    Removing uart.o(i.UARTIntDisable), (10 bytes).
    Removing uart.o(i.UARTIntRegister), (88 bytes).
    Removing uart.o(i.UARTIntStatus), (10 bytes).
    Removing uart.o(i.UARTIntUnregister), (88 bytes).
    Removing uart.o(i.UARTLoopbackEnable), (10 bytes).
    Removing uart.o(i.UARTModemControlClear), (14 bytes).
    Removing uart.o(i.UARTModemControlGet), (8 bytes).
    Removing uart.o(i.UARTModemControlSet), (12 bytes).
    Removing uart.o(i.UARTModemStatusGet), (10 bytes).
    Removing uart.o(i.UARTParityModeGet), (8 bytes).
    Removing uart.o(i.UARTParityModeSet), (12 bytes).
    Removing uart.o(i.UARTRxErrorClear), (6 bytes).
    Removing uart.o(i.UARTRxErrorGet), (8 bytes).
    Removing uart.o(i.UARTSmartCardDisable), (10 bytes).
    Removing uart.o(i.UARTSmartCardEnable), (22 bytes).
    Removing uart.o(i.UARTSpaceAvail), (10 bytes).
    Removing uart.o(i.UARTTxIntModeGet), (8 bytes).
    Removing uart.o(i.UARTTxIntModeSet), (12 bytes).
    Removing uart.o(.constdata), (128 bytes).
    Removing cpu.o(.emb_text), (38 bytes).
    Removing interrupt.o(i.IntDisable), (100 bytes).
    Removing interrupt.o(i.IntEnable), (100 bytes).
    Removing interrupt.o(i.IntIsEnabled), (96 bytes).
    Removing interrupt.o(i.IntMasterDisable), (14 bytes).
    Removing interrupt.o(i.IntMasterEnable), (14 bytes).
    Removing interrupt.o(i.IntPendClear), (68 bytes).
    Removing interrupt.o(i.IntPendSet), (84 bytes).
    Removing interrupt.o(i.IntPriorityGet), (28 bytes).
    Removing interrupt.o(i.IntPriorityGroupingGet), (36 bytes).
    Removing interrupt.o(i.IntPriorityGroupingSet), (28 bytes).
    Removing interrupt.o(i.IntPriorityMaskGet), (4 bytes).
    Removing interrupt.o(i.IntPriorityMaskSet), (4 bytes).
    Removing interrupt.o(i.IntPrioritySet), (40 bytes).
    Removing interrupt.o(i.IntRegister), (52 bytes).
    Removing interrupt.o(i.IntTrigger), (12 bytes).
    Removing interrupt.o(i.IntUnregister), (20 bytes).
    Removing interrupt.o(i._IntDefaultHandler), (2 bytes).
    Removing interrupt.o(.constdata), (268 bytes).
    Removing interrupt.o(vtable), (620 bytes).
    Removing dadd.o(.text), (334 bytes).
    Removing ddiv.o(.text), (222 bytes).
    Removing dfixul.o(.text), (48 bytes).

233 unused section(s) (total 12590 bytes) removed from the image.

==============================================================================

Image Symbol Table

    Local Symbols

    Symbol Name                              Value     Ov Type        Size  Object(Section)

    RESET                                    0x00000000   Section      648  startup_rvmdk.o(RESET)
    ../clib/../cmprslib/lz77c.c              0x00000000   Number         0  __dclz77c.o ABSOLUTE
    ../clib/microlib/division.c              0x00000000   Number         0  uldiv.o ABSOLUTE
    ../clib/microlib/division.c              0x00000000   Number         0  uidiv.o ABSOLUTE
    ../clib/microlib/init/entry.s            0x00000000   Number         0  entry2.o ABSOLUTE
    ../clib/microlib/init/entry.s            0x00000000   Number         0  entry9b.o ABSOLUTE
    ../clib/microlib/init/entry.s            0x00000000   Number         0  entry9a.o ABSOLUTE
    ../clib/microlib/init/entry.s            0x00000000   Number         0  entry8b.o ABSOLUTE
    ../clib/microlib/init/entry.s            0x00000000   Number         0  entry8a.o ABSOLUTE
    ../clib/microlib/init/entry.s            0x00000000   Number         0  entry7a.o ABSOLUTE
    ../clib/microlib/init/entry.s            0x00000000   Number         0  entry5.o ABSOLUTE
    ../clib/microlib/init/entry.s            0x00000000   Number         0  entry7b.o ABSOLUTE
    ../clib/microlib/init/entry.s            0x00000000   Number         0  entry.o ABSOLUTE
    ../clib/microlib/init/entry.s            0x00000000   Number         0  entry10a.o ABSOLUTE
    ../clib/microlib/init/entry.s            0x00000000   Number         0  entry11b.o ABSOLUTE
    ../clib/microlib/init/entry.s            0x00000000   Number         0  entry11a.o ABSOLUTE
    ../clib/microlib/init/entry.s            0x00000000   Number         0  entry10b.o ABSOLUTE
    ../clib/microlib/longlong.c              0x00000000   Number         0  llshl.o ABSOLUTE
    ../clib/microlib/longlong.c              0x00000000   Number         0  llsshr.o ABSOLUTE
    ../clib/microlib/longlong.c              0x00000000   Number         0  llushr.o ABSOLUTE
    ../clib/microlib/printf/printf.c         0x00000000   Number         0  printf8.o ABSOLUTE
    ../clib/microlib/printf/printf.c         0x00000000   Number         0  printf6.o ABSOLUTE
    ../clib/microlib/printf/printf.c         0x00000000   Number         0  printfa.o ABSOLUTE
    ../clib/microlib/printf/printf.c         0x00000000   Number         0  printf0.o ABSOLUTE
    ../clib/microlib/printf/printf.c         0x00000000   Number         0  printf2.o ABSOLUTE
    ../clib/microlib/printf/printf.c         0x00000000   Number         0  printfb.o ABSOLUTE
    ../clib/microlib/printf/printf.c         0x00000000   Number         0  printf3.o ABSOLUTE
    ../clib/microlib/printf/printf.c         0x00000000   Number         0  printf4.o ABSOLUTE
    ../clib/microlib/printf/printf.c         0x00000000   Number         0  printf5.o ABSOLUTE
    ../clib/microlib/printf/printf.c         0x00000000   Number         0  printf1.o ABSOLUTE
    ../clib/microlib/printf/printf.c         0x00000000   Number         0  printf7.o ABSOLUTE
    ../clib/microlib/printf/stubs.s          0x00000000   Number         0  stubs.o ABSOLUTE
    ../clib/microlib/stdio/fputc.c           0x00000000   Number         0  fputc.o ABSOLUTE
    ../clib/microlib/stdio/semi.s            0x00000000   Number         0  semi.o ABSOLUTE
    ../clib/microlib/stdio/streams.c         0x00000000   Number         0  stdout.o ABSOLUTE
    ../clib/microlib/stdlib/abort.c          0x00000000   Number         0  abort.o ABSOLUTE
    ../clib/microlib/string/memcpy.c         0x00000000   Number         0  memcpyb.o ABSOLUTE
    ../clib/microlib/string/memcpy.c         0x00000000   Number         0  memcpya.o ABSOLUTE
    ../clib/microlib/stubs.s                 0x00000000   Number         0  iusesemip.o ABSOLUTE
    ../clib/microlib/stubs.s                 0x00000000   Number         0  iusefp.o ABSOLUTE
    ../fplib/microlib/fpadd.c                0x00000000   Number         0  dadd.o ABSOLUTE
    ../fplib/microlib/fpdiv.c                0x00000000   Number         0  ddiv.o ABSOLUTE
    ../fplib/microlib/fpepilogue.c           0x00000000   Number         0  depilogue.o ABSOLUTE
    ../fplib/microlib/fpfix.c                0x00000000   Number         0  dfixul.o ABSOLUTE
    ../fplib/microlib/fpflt.c                0x00000000   Number         0  dfltui.o ABSOLUTE
    ../fplib/microlib/fpflt.c                0x00000000   Number         0  dflti.o ABSOLUTE
    ../fplib/microlib/fpmul.c                0x00000000   Number         0  dmul.o ABSOLUTE
    FreeRTOS\\portable\\RVDS\\ARM_CM4F\\port.c 0x00000000   Number         0  port.o ABSOLUTE
    FreeRTOS\list.c                          0x00000000   Number         0  list.o ABSOLUTE
    FreeRTOS\portable\MemMang\heap_1.c       0x00000000   Number         0  heap_1.o ABSOLUTE
    FreeRTOS\portable\RVDS\ARM_CM4F\port.c   0x00000000   Number         0  port.o ABSOLUTE
    FreeRTOS\queue.c                         0x00000000   Number         0  queue.o ABSOLUTE
    FreeRTOS\tasks.c                         0x00000000   Number         0  tasks.o ABSOLUTE
    FreeRTOS\timers.c                        0x00000000   Number         0  timers.o ABSOLUTE
    cdrcmple.s                               0x00000000   Number         0  cdrcmple.o ABSOLUTE
    cpu.c                                    0x00000000   Number         0  cpu.o ABSOLUTE
    cpu.c                                    0x00000000   Number         0  cpu.o ABSOLUTE
    dc.s                                     0x00000000   Number         0  dc.o ABSOLUTE
    final_project.c                          0x00000000   Number         0  final_project.o ABSOLUTE
    gpio.c                                   0x00000000   Number         0  gpio.o ABSOLUTE
    hal\HAL_GPIO.c                           0x00000000   Number         0  hal_gpio.o ABSOLUTE
    hal\HAL_NVIC.c                           0x00000000   Number         0  hal_nvic.o ABSOLUTE
    hal\HAL_PLL.c                            0x00000000   Number         0  hal_pll.o ABSOLUTE
    hal\HAL_PWM.c                            0x00000000   Number         0  hal_pwm.o ABSOLUTE
    handlers.s                               0x00000000   Number         0  handlers.o ABSOLUTE
    init.s                                   0x00000000   Number         0  init.o ABSOLUTE
    interrupt.c                              0x00000000   Number         0  interrupt.o ABSOLUTE
    midi.c                                   0x00000000   Number         0  midi.o ABSOLUTE
    midifile\midi-tune.c                     0x00000000   Number         0  midi-tune.o ABSOLUTE
    startup_rvmdk.S                          0x00000000   Number         0  startup_rvmdk.o ABSOLUTE
    sysctl.c                                 0x00000000   Number         0  sysctl.o ABSOLUTE
    sysctl.c                                 0x00000000   Number         0  sysctl.o ABSOLUTE
    uart.c                                   0x00000000   Number         0  uart.o ABSOLUTE
    utilities\Strings.c                      0x00000000   Number         0  strings.o ABSOLUTE
    utilities\utilities.c                    0x00000000   Number         0  utilities.o ABSOLUTE
    $v0                                      0x0000026c   Number         0  startup_rvmdk.o(RESET)
    NmiSR                                    0x00000281   Thumb Code     0  startup_rvmdk.o(RESET)
    FaultISR                                 0x00000283   Thumb Code     0  startup_rvmdk.o(RESET)
    IntDefaultHandler                        0x00000285   Thumb Code     0  startup_rvmdk.o(RESET)
    .ARM.Collect$$$$00000000                 0x00000288   Section        0  entry.o(.ARM.Collect$$$$00000000)
    .ARM.Collect$$$$00000001                 0x00000288   Section        4  entry2.o(.ARM.Collect$$$$00000001)
    .ARM.Collect$$$$00000004                 0x0000028c   Section        4  entry5.o(.ARM.Collect$$$$00000004)
    .ARM.Collect$$$$00000008                 0x00000290   Section        0  entry7b.o(.ARM.Collect$$$$00000008)
    .ARM.Collect$$$$0000000A                 0x00000290   Section        0  entry8b.o(.ARM.Collect$$$$0000000A)
    .ARM.Collect$$$$0000000B                 0x00000290   Section        8  entry9a.o(.ARM.Collect$$$$0000000B)
    .ARM.Collect$$$$0000000D                 0x00000298   Section        0  entry10a.o(.ARM.Collect$$$$0000000D)
    .ARM.Collect$$$$0000000F                 0x00000298   Section        0  entry11a.o(.ARM.Collect$$$$0000000F)
    .ARM.Collect$$$$00002712                 0x00000298   Section        4  entry2.o(.ARM.Collect$$$$00002712)
    __lit__00000000                          0x00000298   Data           4  entry2.o(.ARM.Collect$$$$00002712)
    .emb_text                                0x0000029c   Section      190  port.o(.emb_text)
    $v0                                      0x0000029c   Number         0  port.o(.emb_text)
    .emb_text                                0x0000035c   Section        6  sysctl.o(.emb_text)
    $v0                                      0x0000035c   Number         0  sysctl.o(.emb_text)
    .text                                    0x00000362   Section        0  memcpya.o(.text)
    .text                                    0x00000386   Section        0  dmul.o(.text)
    .text                                    0x0000046a   Section        0  dflti.o(.text)
    .text                                    0x0000048c   Section        0  dfltui.o(.text)
    .text                                    0x000004a8   Section       48  cdrcmple.o(.text)
    .text                                    0x000004d8   Section        0  depilogue.o(.text)
    .text                                    0x000004d8   Section        0  iusefp.o(.text)
    .text                                    0x00000594   Section       36  init.o(.text)
    .text                                    0x000005b8   Section        0  llshl.o(.text)
    .text                                    0x000005d6   Section        0  llushr.o(.text)
    .text                                    0x000005f6   Section        0  __dclz77c.o(.text)
    i.Delay                                  0x00000654   Section        0  final_project.o(i.Delay)
    i.GPIODirModeSet                         0x0000066a   Section        0  gpio.o(i.GPIODirModeSet)
    i.GPIOPadConfigSet                       0x00000692   Section        0  gpio.o(i.GPIOPadConfigSet)
    i.GPIOPinConfigure                       0x000007cc   Section        0  gpio.o(i.GPIOPinConfigure)
    i.GPIOPinRead                            0x00000810   Section        0  gpio.o(i.GPIOPinRead)
    i.GPIOPinTypeGPIOOutput                  0x00000816   Section        0  gpio.o(i.GPIOPinTypeGPIOOutput)
    i.GPIOPinTypeUART                        0x00000832   Section        0  gpio.o(i.GPIOPinTypeUART)
    i.GPIOPinWrite                           0x0000084e   Section        0  gpio.o(i.GPIOPinWrite)
    i.GPIO_DisarmInterrupt                   0x00000854   Section        0  hal_gpio.o(i.GPIO_DisarmInterrupt)
    i.GPIO_EnableAltDigital                  0x00000884   Section        0  hal_gpio.o(i.GPIO_EnableAltDigital)
    i.GPIO_EnableDI                          0x000008ec   Section        0  hal_gpio.o(i.GPIO_EnableDI)
    i.GPIO_EnableInterrupt                   0x00000984   Section        0  hal_gpio.o(i.GPIO_EnableInterrupt)
    i.GPIO_InitPort                          0x00000a90   Section        0  hal_gpio.o(i.GPIO_InitPort)
    i.GPIO_PortFHandler                      0x00000ac0   Section        0  hal_gpio.o(i.GPIO_PortFHandler)
    i.GPIO_RearmInterrupt                    0x00000adc   Section        0  hal_gpio.o(i.GPIO_RearmInterrupt)
    i.HandleInterrupt                        0x00000b0c   Section        0  hal_gpio.o(i.HandleInterrupt)
    HandleInterrupt                          0x00000b0d   Thumb Code    38  hal_gpio.o(i.HandleInterrupt)
    i.I2C3_Init                              0x00000b34   Section        0  final_project.o(i.I2C3_Init)
    i.I2C3_Rd                                0x00000ba4   Section        0  final_project.o(i.I2C3_Rd)
    i.I2C3_Wr                                0x00000c64   Section        0  final_project.o(i.I2C3_Wr)
    i.I2C_wait_till_done                     0x00000cc0   Section        0  final_project.o(i.I2C_wait_till_done)
    I2C_wait_till_done                       0x00000cc1   Thumb Code    24  final_project.o(i.I2C_wait_till_done)
    i.InitHardware                           0x00000cdc   Section        0  final_project.o(i.InitHardware)
    InitHardware                             0x00000cdd   Thumb Code   106  final_project.o(i.InitHardware)
    i.MPU9250_Init                           0x00000d5c   Section        0  final_project.o(i.MPU9250_Init)
    i.NVIC_EnableIRQ                         0x00000d9c   Section        0  hal_nvic.o(i.NVIC_EnableIRQ)
    i.PLL_GetBusClockFreq                    0x00000de0   Section        0  hal_pll.o(i.PLL_GetBusClockFreq)
    i.PLL_Init80MHz                          0x00000dec   Section        0  hal_pll.o(i.PLL_Init80MHz)
    i.PWM_Configure                          0x00000e6c   Section        0  hal_pwm.o(i.PWM_Configure)
    i.PWM_Disable                            0x00000f74   Section        0  hal_pwm.o(i.PWM_Disable)
    i.PWM_Enable                             0x00000f8c   Section        0  hal_pwm.o(i.PWM_Enable)
    i.PWM_SetClockDivisor                    0x00000fa4   Section        0  hal_pwm.o(i.PWM_SetClockDivisor)
    i.PlayNote                               0x00001008   Section        0  final_project.o(i.PlayNote)
    PlayNote                                 0x00001009   Thumb Code    72  final_project.o(i.PlayNote)
    i.SetPriority                            0x00001054   Section        0  hal_nvic.o(i.SetPriority)
    SetPriority                              0x00001055   Thumb Code    50  hal_nvic.o(i.SetPriority)
    i.SwitchHandler                          0x0000108c   Section        0  final_project.o(i.SwitchHandler)
    i.SysCtlClockGet                         0x0000111c   Section        0  sysctl.o(i.SysCtlClockGet)
    i.SysCtlClockSet                         0x00001270   Section        0  sysctl.o(i.SysCtlClockSet)
    i.SysCtlPeripheralEnable                 0x00001390   Section        0  sysctl.o(i.SysCtlPeripheralEnable)
    i.SysTick_Handler                        0x000013b8   Section        0  port.o(i.SysTick_Handler)
    i.UARTConfigSetExpClk                    0x000013ec   Section        0  uart.o(i.UARTConfigSetExpClk)
    i.UARTIntEnable                          0x0000145a   Section        0  uart.o(i.UARTIntEnable)
    i.UART_init                              0x00001464   Section        0  final_project.o(i.UART_init)
    i.__scatterload_copy                     0x000014c0   Section       14  handlers.o(i.__scatterload_copy)
    i.__scatterload_null                     0x000014ce   Section        2  handlers.o(i.__scatterload_null)
    i.__scatterload_zeroinit                 0x000014d0   Section       14  handlers.o(i.__scatterload_zeroinit)
    i.eTaskGetState                          0x000014e0   Section        0  tasks.o(i.eTaskGetState)
    i.init_vals                              0x00001564   Section        0  final_project.o(i.init_vals)
    i.main                                   0x000015fc   Section        0  final_project.o(i.main)
    i.motion_detect                          0x00001704   Section        0  final_project.o(i.motion_detect)
    motion_detect                            0x00001705   Thumb Code   220  final_project.o(i.motion_detect)
    i.prvAddCurrentTaskToDelayedList         0x000017f4   Section        0  tasks.o(i.prvAddCurrentTaskToDelayedList)
    prvAddCurrentTaskToDelayedList           0x000017f5   Thumb Code   134  tasks.o(i.prvAddCurrentTaskToDelayedList)
    i.prvAddNewTaskToReadyList               0x00001898   Section        0  tasks.o(i.prvAddNewTaskToReadyList)
    prvAddNewTaskToReadyList                 0x00001899   Thumb Code   150  tasks.o(i.prvAddNewTaskToReadyList)
    i.prvCheckForValidListAndQueue           0x0000194c   Section        0  timers.o(i.prvCheckForValidListAndQueue)
    prvCheckForValidListAndQueue             0x0000194d   Thumb Code    56  timers.o(i.prvCheckForValidListAndQueue)
    i.prvCheckTasksWaitingTermination        0x00001998   Section        0  tasks.o(i.prvCheckTasksWaitingTermination)
    prvCheckTasksWaitingTermination          0x00001999   Thumb Code    60  tasks.o(i.prvCheckTasksWaitingTermination)
    i.prvCopyDataFromQueue                   0x000019e0   Section        0  queue.o(i.prvCopyDataFromQueue)
    prvCopyDataFromQueue                     0x000019e1   Thumb Code    42  queue.o(i.prvCopyDataFromQueue)
    i.prvCopyDataToQueue                     0x00001a0a   Section        0  queue.o(i.prvCopyDataToQueue)
    prvCopyDataToQueue                       0x00001a0b   Thumb Code   106  queue.o(i.prvCopyDataToQueue)
    i.prvDeleteTCB                           0x00001a74   Section        0  tasks.o(i.prvDeleteTCB)
    prvDeleteTCB                             0x00001a75   Thumb Code    18  tasks.o(i.prvDeleteTCB)
    i.prvGetNextExpireTime                   0x00001a88   Section        0  timers.o(i.prvGetNextExpireTime)
    prvGetNextExpireTime                     0x00001a89   Thumb Code    36  timers.o(i.prvGetNextExpireTime)
    i.prvIdleTask                            0x00001ab0   Section        0  tasks.o(i.prvIdleTask)
    prvIdleTask                              0x00001ab1   Thumb Code     8  tasks.o(i.prvIdleTask)
    i.prvInitialiseNewQueue                  0x00001ab8   Section        0  queue.o(i.prvInitialiseNewQueue)
    prvInitialiseNewQueue                    0x00001ab9   Thumb Code    38  queue.o(i.prvInitialiseNewQueue)
    i.prvInitialiseNewTask                   0x00001ade   Section        0  tasks.o(i.prvInitialiseNewTask)
    prvInitialiseNewTask                     0x00001adf   Thumb Code   168  tasks.o(i.prvInitialiseNewTask)
    i.prvInitialiseTaskLists                 0x00001b88   Section        0  tasks.o(i.prvInitialiseTaskLists)
    prvInitialiseTaskLists                   0x00001b89   Thumb Code    70  tasks.o(i.prvInitialiseTaskLists)
    i.prvInsertTimerInActiveList             0x00001bf0   Section        0  timers.o(i.prvInsertTimerInActiveList)
    prvInsertTimerInActiveList               0x00001bf1   Thumb Code    80  timers.o(i.prvInsertTimerInActiveList)
    i.prvIsQueueEmpty                        0x00001c48   Section        0  queue.o(i.prvIsQueueEmpty)
    prvIsQueueEmpty                          0x00001c49   Thumb Code    26  queue.o(i.prvIsQueueEmpty)
    i.prvIsQueueFull                         0x00001c62   Section        0  queue.o(i.prvIsQueueFull)
    prvIsQueueFull                           0x00001c63   Thumb Code    30  queue.o(i.prvIsQueueFull)
    i.prvProcessExpiredTimer                 0x00001c80   Section        0  timers.o(i.prvProcessExpiredTimer)
    prvProcessExpiredTimer                   0x00001c81   Thumb Code    94  timers.o(i.prvProcessExpiredTimer)
    i.prvProcessReceivedCommands             0x00001ce4   Section        0  timers.o(i.prvProcessReceivedCommands)
    prvProcessReceivedCommands               0x00001ce5   Thumb Code   240  timers.o(i.prvProcessReceivedCommands)
    i.prvProcessTimerOrBlockTask             0x00001dd8   Section        0  timers.o(i.prvProcessTimerOrBlockTask)
    prvProcessTimerOrBlockTask               0x00001dd9   Thumb Code   102  timers.o(i.prvProcessTimerOrBlockTask)
    i.prvResetNextTaskUnblockTime            0x00001e4c   Section        0  tasks.o(i.prvResetNextTaskUnblockTime)
    prvResetNextTaskUnblockTime              0x00001e4d   Thumb Code    42  tasks.o(i.prvResetNextTaskUnblockTime)
    i.prvSampleTimeNow                       0x00001e80   Section        0  timers.o(i.prvSampleTimeNow)
    prvSampleTimeNow                         0x00001e81   Thumb Code    40  timers.o(i.prvSampleTimeNow)
    i.prvSwitchTimerLists                    0x00001eac   Section        0  timers.o(i.prvSwitchTimerLists)
    prvSwitchTimerLists                      0x00001ead   Thumb Code   150  timers.o(i.prvSwitchTimerLists)
    i.prvTaskExitError                       0x00001f4c   Section        0  port.o(i.prvTaskExitError)
    prvTaskExitError                         0x00001f4d   Thumb Code    60  port.o(i.prvTaskExitError)
    i.prvTimerTask                           0x00001f8c   Section        0  timers.o(i.prvTimerTask)
    prvTimerTask                             0x00001f8d   Thumb Code    26  timers.o(i.prvTimerTask)
    i.prvUnlockQueue                         0x00001fa6   Section        0  queue.o(i.prvUnlockQueue)
    prvUnlockQueue                           0x00001fa7   Thumb Code   126  queue.o(i.prvUnlockQueue)
    i.pvPortMalloc                           0x00002024   Section        0  heap_1.o(i.pvPortMalloc)
    i.pxPortInitialiseStack                  0x00002094   Section        0  port.o(i.pxPortInitialiseStack)
    i.uxListRemove                           0x000020c0   Section        0  list.o(i.uxListRemove)
    i.vListInitialise                        0x000020e8   Section        0  list.o(i.vListInitialise)
    i.vListInitialiseItem                    0x00002102   Section        0  list.o(i.vListInitialiseItem)
    i.vListInsert                            0x00002108   Section        0  list.o(i.vListInsert)
    i.vListInsertEnd                         0x0000213c   Section        0  list.o(i.vListInsertEnd)
    i.vPortEnterCritical                     0x00002154   Section        0  port.o(i.vPortEnterCritical)
    i.vPortExitCritical                      0x000021a8   Section        0  port.o(i.vPortExitCritical)
    i.vPortFree                              0x000021e4   Section        0  heap_1.o(i.vPortFree)
    i.vPortSetupTimerInterrupt               0x00002208   Section        0  port.o(i.vPortSetupTimerInterrupt)
    i.vPortValidateInterruptPriority         0x00002230   Section        0  port.o(i.vPortValidateInterruptPriority)
    i.vQueueWaitForMessageRestricted         0x000022a8   Section        0  queue.o(i.vQueueWaitForMessageRestricted)
    i.vSensorTask                            0x000022f4   Section        0  final_project.o(i.vSensorTask)
    i.vSwitchTask                            0x0000234c   Section        0  final_project.o(i.vSwitchTask)
    i.vTaskDelay                             0x000023dc   Section        0  tasks.o(i.vTaskDelay)
    i.vTaskDelayUntil                        0x00002438   Section        0  tasks.o(i.vTaskDelayUntil)
    i.vTaskInternalSetTimeOutState           0x0000250c   Section        0  tasks.o(i.vTaskInternalSetTimeOutState)
    i.vTaskMissedYield                       0x00002524   Section        0  tasks.o(i.vTaskMissedYield)
    i.vTaskPlaceOnEventList                  0x00002530   Section        0  tasks.o(i.vTaskPlaceOnEventList)
    i.vTaskPlaceOnEventListRestricted        0x00002568   Section        0  tasks.o(i.vTaskPlaceOnEventListRestricted)
    i.vTaskStartScheduler                    0x000025a8   Section        0  tasks.o(i.vTaskStartScheduler)
    i.vTaskSuspendAll                        0x0000263c   Section        0  tasks.o(i.vTaskSuspendAll)
    i.vTaskSwitchContext                     0x0000264c   Section        0  tasks.o(i.vTaskSwitchContext)
    i.vTrackTask                             0x000026d8   Section        0  final_project.o(i.vTrackTask)
    i.xPortStartScheduler                    0x000027b0   Section        0  port.o(i.xPortStartScheduler)
    i.xQueueCreateCountingSemaphore          0x000028e8   Section        0  queue.o(i.xQueueCreateCountingSemaphore)
    i.xQueueGenericCreate                    0x00002944   Section        0  queue.o(i.xQueueGenericCreate)
    i.xQueueGenericReset                     0x0000299c   Section        0  queue.o(i.xQueueGenericReset)
    i.xQueueGenericSend                      0x00002a34   Section        0  queue.o(i.xQueueGenericSend)
    i.xQueueGenericSendFromISR               0x00002bdc   Section        0  queue.o(i.xQueueGenericSendFromISR)
    i.xQueueGiveFromISR                      0x00002cd4   Section        0  queue.o(i.xQueueGiveFromISR)
    i.xQueueReceive                          0x00002db4   Section        0  queue.o(i.xQueueReceive)
    i.xQueueSemaphoreTake                    0x00002f1c   Section        0  queue.o(i.xQueueSemaphoreTake)
    i.xTaskAbortDelay                        0x0000306c   Section        0  tasks.o(i.xTaskAbortDelay)
    i.xTaskCheckForTimeOut                   0x0000310c   Section        0  tasks.o(i.xTaskCheckForTimeOut)
    i.xTaskCreate                            0x000031b4   Section        0  tasks.o(i.xTaskCreate)
    i.xTaskGetSchedulerState                 0x00003214   Section        0  tasks.o(i.xTaskGetSchedulerState)
    i.xTaskGetTickCount                      0x00003234   Section        0  tasks.o(i.xTaskGetTickCount)
    i.xTaskIncrementTick                     0x00003240   Section        0  tasks.o(i.xTaskIncrementTick)
    i.xTaskRemoveFromEventList               0x00003388   Section        0  tasks.o(i.xTaskRemoveFromEventList)
    i.xTaskResumeAll                         0x00003420   Section        0  tasks.o(i.xTaskResumeAll)
    i.xTimerCreateTimerTask                  0x00003524   Section        0  timers.o(i.xTimerCreateTimerTask)
    i.xTimerGenericCommand                   0x00003578   Section        0  timers.o(i.xTimerGenericCommand)
    .constdata                               0x00003600   Section       22  final_project.o(.constdata)
    .constdata                               0x00003616   Section      240  midi.o(.constdata)
    .constdata                               0x00003708   Section      552  gpio.o(.constdata)
    g_ppui32GPIOIntMapBlizzard               0x00003708   Data         192  gpio.o(.constdata)
    g_ppui32GPIOIntMapSnowflake              0x000037c8   Data         216  gpio.o(.constdata)
    g_pui32GPIOBaseAddrs                     0x000038a0   Data         144  gpio.o(.constdata)
    .constdata                               0x00003930   Section      596  sysctl.o(.constdata)
    g_pui32VCOFrequencies                    0x00003930   Data           8  sysctl.o(.constdata)
    g_pui32Xtals                             0x00003938   Data         108  sysctl.o(.constdata)
    g_pppui32XTALtoVCO                       0x000039a4   Data         432  sysctl.o(.constdata)
    g_sXTALtoMEMTIM                          0x00003b54   Data          48  sysctl.o(.constdata)
    .data                                    0x20000000   Section       96  final_project.o(.data)
    armSemaphore_                            0x20000004   Data           4  final_project.o(.data)
    trackSemaphore_                          0x20000008   Data           4  final_project.o(.data)
    sensorSemaphore_                         0x2000000c   Data           4  final_project.o(.data)
    switchPressed_                           0x20000010   Data           1  final_project.o(.data)
    trackParams_                             0x20000020   Data          64  final_project.o(.data)
    .data                                    0x20000060   Section     4160  midi-tune.o(.data)
    track1Notes_                             0x20000060   Data        4146  midi-tune.o(.data)
    tracks_                                  0x20001094   Data           4  midi-tune.o(.data)
    .data                                    0x200010a0   Section       60  tasks.o(.data)
    pxDelayedTaskList                        0x200010a4   Data           4  tasks.o(.data)
    pxOverflowDelayedTaskList                0x200010a8   Data           4  tasks.o(.data)
    uxDeletedTasksWaitingCleanUp             0x200010ac   Data           4  tasks.o(.data)
    uxCurrentNumberOfTasks                   0x200010b0   Data           4  tasks.o(.data)
    xTickCount                               0x200010b4   Data           4  tasks.o(.data)
    uxTopReadyPriority                       0x200010b8   Data           4  tasks.o(.data)
    xSchedulerRunning                        0x200010bc   Data           4  tasks.o(.data)
    uxPendedTicks                            0x200010c0   Data           4  tasks.o(.data)
    xYieldPending                            0x200010c4   Data           4  tasks.o(.data)
    xNumOfOverflows                          0x200010c8   Data           4  tasks.o(.data)
    uxTaskNumber                             0x200010cc   Data           4  tasks.o(.data)
    xNextTaskUnblockTime                     0x200010d0   Data           4  tasks.o(.data)
    xIdleTaskHandle                          0x200010d4   Data           4  tasks.o(.data)
    uxSchedulerSuspended                     0x200010d8   Data           4  tasks.o(.data)
    .data                                    0x200010dc   Section       20  timers.o(.data)
    pxCurrentTimerList                       0x200010dc   Data           4  timers.o(.data)
    pxOverflowTimerList                      0x200010e0   Data           4  timers.o(.data)
    xTimerQueue                              0x200010e4   Data           4  timers.o(.data)
    xTimerTaskHandle                         0x200010e8   Data           4  timers.o(.data)
    xLastTime                                0x200010ec   Data           4  timers.o(.data)
    .data                                    0x200010f0   Section        8  heap_1.o(.data)
    xNextFreeByte                            0x200010f0   Data           4  heap_1.o(.data)
    pucAlignedHeap                           0x200010f4   Data           4  heap_1.o(.data)
    .data                                    0x200010f8   Section       12  port.o(.data)
    uxCriticalNesting                        0x200010f8   Data           4  port.o(.data)
    ucMaxSysCallPriority                     0x200010fc   Data           1  port.o(.data)
    ulMaxPRIGROUPValue                       0x20001100   Data           4  port.o(.data)
    .data                                    0x20001104   Section       28  hal_gpio.o(.data)
    PortF_Callback                           0x2000111c   Data           4  hal_gpio.o(.data)
    .data                                    0x20001120   Section        4  hal_pll.o(.data)
    busClockFreq_                            0x20001120   Data           4  hal_pll.o(.data)
    .data                                    0x20001124   Section        8  hal_pwm.o(.data)
    .bss                                     0x2000112c   Section      160  tasks.o(.bss)
    pxReadyTasksLists                        0x2000112c   Data          60  tasks.o(.bss)
    xDelayedTaskList1                        0x20001168   Data          20  tasks.o(.bss)
    xDelayedTaskList2                        0x2000117c   Data          20  tasks.o(.bss)
    xPendingReadyList                        0x20001190   Data          20  tasks.o(.bss)
    xTasksWaitingTermination                 0x200011a4   Data          20  tasks.o(.bss)
    xSuspendedTaskList                       0x200011b8   Data          20  tasks.o(.bss)
    .bss                                     0x200011cc   Section       40  timers.o(.bss)
    xActiveTimerList1                        0x200011cc   Data          20  timers.o(.bss)
    xActiveTimerList2                        0x200011e0   Data          20  timers.o(.bss)
    .bss                                     0x200011f4   Section     8192  heap_1.o(.bss)
    ucHeap                                   0x200011f4   Data        8192  heap_1.o(.bss)
    STACK                                    0x200031f8   Section      256  startup_rvmdk.o(STACK)
    StackMem                                 0x200031f8   Data           0  startup_rvmdk.o(STACK)

    Global Symbols

    Symbol Name                              Value     Ov Type        Size  Object(Section)

    BuildAttributes$$THM_ISAv4$E$P$D$K$B$S$7EM$VFPi3$EXTD16$VFPS$VFMA$PE$A:L22UL41UL21$X:L11$S22US41US21$IEEE1$IW$USESV6$~STKCKD$USESV7$~SHL$OTIME$ROPI$EBA8$MICROLIB$REQ8$PRES8$EABIv2 0x00000000   Number         0  anon$$obj.o ABSOLUTE
    __ARM_use_no_argv                        0x00000000   Number         0  final_project.o ABSOLUTE
    __Vectors                                0x00000000   Data           0  startup_rvmdk.o(RESET)
    _printf_a                                0x00000000   Number         0  stubs.o ABSOLUTE
    _printf_c                                0x00000000   Number         0  stubs.o ABSOLUTE
    _printf_charcount                        0x00000000   Number         0  stubs.o ABSOLUTE
    _printf_d                                0x00000000   Number         0  stubs.o ABSOLUTE
    _printf_e                                0x00000000   Number         0  stubs.o ABSOLUTE
    _printf_f                                0x00000000   Number         0  stubs.o ABSOLUTE
    _printf_flags                            0x00000000   Number         0  stubs.o ABSOLUTE
    _printf_fp_dec                           0x00000000   Number         0  stubs.o ABSOLUTE
    _printf_fp_hex                           0x00000000   Number         0  stubs.o ABSOLUTE
    _printf_g                                0x00000000   Number         0  stubs.o ABSOLUTE
    _printf_i                                0x00000000   Number         0  stubs.o ABSOLUTE
    _printf_int_dec                          0x00000000   Number         0  stubs.o ABSOLUTE
    _printf_l                                0x00000000   Number         0  stubs.o ABSOLUTE
    _printf_lc                               0x00000000   Number         0  stubs.o ABSOLUTE
    _printf_ll                               0x00000000   Number         0  stubs.o ABSOLUTE
    _printf_lld                              0x00000000   Number         0  stubs.o ABSOLUTE
    _printf_lli                              0x00000000   Number         0  stubs.o ABSOLUTE
    _printf_llo                              0x00000000   Number         0  stubs.o ABSOLUTE
    _printf_llu                              0x00000000   Number         0  stubs.o ABSOLUTE
    _printf_llx                              0x00000000   Number         0  stubs.o ABSOLUTE
    _printf_longlong_dec                     0x00000000   Number         0  stubs.o ABSOLUTE
    _printf_longlong_hex                     0x00000000   Number         0  stubs.o ABSOLUTE
    _printf_longlong_oct                     0x00000000   Number         0  stubs.o ABSOLUTE
    _printf_ls                               0x00000000   Number         0  stubs.o ABSOLUTE
    _printf_mbtowc                           0x00000000   Number         0  stubs.o ABSOLUTE
    _printf_n                                0x00000000   Number         0  stubs.o ABSOLUTE
    _printf_o                                0x00000000   Number         0  stubs.o ABSOLUTE
    _printf_p                                0x00000000   Number         0  stubs.o ABSOLUTE
    _printf_percent                          0x00000000   Number         0  stubs.o ABSOLUTE
    _printf_pre_padding                      0x00000000   Number         0  stubs.o ABSOLUTE
    _printf_return_value                     0x00000000   Number         0  stubs.o ABSOLUTE
    _printf_s                                0x00000000   Number         0  stubs.o ABSOLUTE
    _printf_sizespec                         0x00000000   Number         0  stubs.o ABSOLUTE
    _printf_str                              0x00000000   Number         0  stubs.o ABSOLUTE
    _printf_truncate_signed                  0x00000000   Number         0  stubs.o ABSOLUTE
    _printf_truncate_unsigned                0x00000000   Number         0  stubs.o ABSOLUTE
    _printf_u                                0x00000000   Number         0  stubs.o ABSOLUTE
    _printf_wc                               0x00000000   Number         0  stubs.o ABSOLUTE
    _printf_wctomb                           0x00000000   Number         0  stubs.o ABSOLUTE
    _printf_widthprec                        0x00000000   Number         0  stubs.o ABSOLUTE
    _printf_x                                0x00000000   Number         0  stubs.o ABSOLUTE
    __cpp_initialize__aeabi_                  - Undefined Weak Reference
    __cxa_finalize                            - Undefined Weak Reference
    _clock_init                               - Undefined Weak Reference
    _microlib_exit                            - Undefined Weak Reference
    Reset_Handler                            0x0000026d   Thumb Code     0  startup_rvmdk.o(RESET)
    __main                                   0x00000289   Thumb Code     0  entry.o(.ARM.Collect$$$$00000000)
    _main_stk                                0x00000289   Thumb Code     0  entry2.o(.ARM.Collect$$$$00000001)
    _main_scatterload                        0x0000028d   Thumb Code     0  entry5.o(.ARM.Collect$$$$00000004)
    __main_after_scatterload                 0x00000291   Thumb Code     0  entry5.o(.ARM.Collect$$$$00000004)
    _main_clock                              0x00000291   Thumb Code     0  entry7b.o(.ARM.Collect$$$$00000008)
    _main_cpp_init                           0x00000291   Thumb Code     0  entry8b.o(.ARM.Collect$$$$0000000A)
    _main_init                               0x00000291   Thumb Code     0  entry9a.o(.ARM.Collect$$$$0000000B)
    __rt_final_cpp                           0x00000299   Thumb Code     0  entry10a.o(.ARM.Collect$$$$0000000D)
    __rt_final_exit                          0x00000299   Thumb Code     0  entry11a.o(.ARM.Collect$$$$0000000F)
    SVC_Handler                              0x0000029d   Thumb Code    28  port.o(.emb_text)
    __asm___6_port_c_39a90d8d__prvStartFirstTask 0x000002bd   Thumb Code    36  port.o(.emb_text)
    __asm___6_port_c_39a90d8d__prvEnableVFP  0x000002e5   Thumb Code    16  port.o(.emb_text)
    PendSV_Handler                           0x000002f9   Thumb Code    88  port.o(.emb_text)
    vPortGetIPSR                             0x00000355   Thumb Code     6  port.o(.emb_text)
    SysCtlDelay                              0x0000035d   Thumb Code     6  sysctl.o(.emb_text)
    __aeabi_memcpy                           0x00000363   Thumb Code    36  memcpya.o(.text)
    __aeabi_memcpy4                          0x00000363   Thumb Code     0  memcpya.o(.text)
    __aeabi_memcpy8                          0x00000363   Thumb Code     0  memcpya.o(.text)
    __aeabi_dmul                             0x00000387   Thumb Code   228  dmul.o(.text)
    __aeabi_i2d                              0x0000046b   Thumb Code    34  dflti.o(.text)
    __aeabi_ui2d                             0x0000048d   Thumb Code    26  dfltui.o(.text)
    __aeabi_cdrcmple                         0x000004a9   Thumb Code    48  cdrcmple.o(.text)
    __I$use$fp                               0x000004d9   Thumb Code     0  iusefp.o(.text)
    _double_round                            0x000004d9   Thumb Code    30  depilogue.o(.text)
    _double_epilogue                         0x000004f7   Thumb Code   156  depilogue.o(.text)
    __scatterload                            0x00000595   Thumb Code    28  init.o(.text)
    __scatterload_rt2                        0x00000595   Thumb Code     0  init.o(.text)
    __aeabi_llsl                             0x000005b9   Thumb Code    30  llshl.o(.text)
    _ll_shift_l                              0x000005b9   Thumb Code     0  llshl.o(.text)
    __aeabi_llsr                             0x000005d7   Thumb Code    32  llushr.o(.text)
    _ll_ushift_r                             0x000005d7   Thumb Code     0  llushr.o(.text)
    __decompress                             0x000005f7   Thumb Code     0  __dclz77c.o(.text)
    __decompress2                            0x000005f7   Thumb Code    94  __dclz77c.o(.text)
    Delay                                    0x00000655   Thumb Code    22  final_project.o(i.Delay)
    GPIODirModeSet                           0x0000066b   Thumb Code    40  gpio.o(i.GPIODirModeSet)
    GPIOPadConfigSet                         0x00000693   Thumb Code   312  gpio.o(i.GPIOPadConfigSet)
    GPIOPinConfigure                         0x000007cd   Thumb Code    60  gpio.o(i.GPIOPinConfigure)
    GPIOPinRead                              0x00000811   Thumb Code     6  gpio.o(i.GPIOPinRead)
    GPIOPinTypeGPIOOutput                    0x00000817   Thumb Code    28  gpio.o(i.GPIOPinTypeGPIOOutput)
    GPIOPinTypeUART                          0x00000833   Thumb Code    28  gpio.o(i.GPIOPinTypeUART)
    GPIOPinWrite                             0x0000084f   Thumb Code     6  gpio.o(i.GPIOPinWrite)
    GPIO_DisarmInterrupt                     0x00000855   Thumb Code    42  hal_gpio.o(i.GPIO_DisarmInterrupt)
    GPIO_EnableAltDigital                    0x00000885   Thumb Code   100  hal_gpio.o(i.GPIO_EnableAltDigital)
    GPIO_EnableDI                            0x000008ed   Thumb Code   144  hal_gpio.o(i.GPIO_EnableDI)
    GPIO_EnableInterrupt                     0x00000985   Thumb Code   258  hal_gpio.o(i.GPIO_EnableInterrupt)
    GPIO_InitPort                            0x00000a91   Thumb Code    40  hal_gpio.o(i.GPIO_InitPort)
    GPIO_PortFHandler                        0x00000ac1   Thumb Code    18  hal_gpio.o(i.GPIO_PortFHandler)
    GPIO_RearmInterrupt                      0x00000add   Thumb Code    42  hal_gpio.o(i.GPIO_RearmInterrupt)
    I2C3_Init                                0x00000b35   Thumb Code   100  final_project.o(i.I2C3_Init)
    I2C3_Rd                                  0x00000ba5   Thumb Code   188  final_project.o(i.I2C3_Rd)
    I2C3_Wr                                  0x00000c65   Thumb Code    86  final_project.o(i.I2C3_Wr)
    MPU9250_Init                             0x00000d5d   Thumb Code    64  final_project.o(i.MPU9250_Init)
    NVIC_EnableIRQ                           0x00000d9d   Thumb Code    64  hal_nvic.o(i.NVIC_EnableIRQ)
    PLL_GetBusClockFreq                      0x00000de1   Thumb Code     6  hal_pll.o(i.PLL_GetBusClockFreq)
    PLL_Init80MHz                            0x00000ded   Thumb Code   114  hal_pll.o(i.PLL_Init80MHz)
    PWM_Configure                            0x00000e6d   Thumb Code   254  hal_pwm.o(i.PWM_Configure)
    PWM_Disable                              0x00000f75   Thumb Code    20  hal_pwm.o(i.PWM_Disable)
    PWM_Enable                               0x00000f8d   Thumb Code    20  hal_pwm.o(i.PWM_Enable)
    PWM_SetClockDivisor                      0x00000fa5   Thumb Code    92  hal_pwm.o(i.PWM_SetClockDivisor)
    SwitchHandler                            0x0000108d   Thumb Code   122  final_project.o(i.SwitchHandler)
    SysCtlClockGet                           0x0000111d   Thumb Code   304  sysctl.o(i.SysCtlClockGet)
    SysCtlClockSet                           0x00001271   Thumb Code   270  sysctl.o(i.SysCtlClockSet)
    SysCtlPeripheralEnable                   0x00001391   Thumb Code    36  sysctl.o(i.SysCtlPeripheralEnable)
    SysTick_Handler                          0x000013b9   Thumb Code    46  port.o(i.SysTick_Handler)
    UARTConfigSetExpClk                      0x000013ed   Thumb Code   110  uart.o(i.UARTConfigSetExpClk)
    UARTIntEnable                            0x0000145b   Thumb Code     8  uart.o(i.UARTIntEnable)
    UART_init                                0x00001465   Thumb Code    74  final_project.o(i.UART_init)
    __scatterload_copy                       0x000014c1   Thumb Code    14  handlers.o(i.__scatterload_copy)
    __scatterload_null                       0x000014cf   Thumb Code     2  handlers.o(i.__scatterload_null)
    __scatterload_zeroinit                   0x000014d1   Thumb Code    14  handlers.o(i.__scatterload_zeroinit)
    eTaskGetState                            0x000014e1   Thumb Code   112  tasks.o(i.eTaskGetState)
    init_vals                                0x00001565   Thumb Code   134  final_project.o(i.init_vals)
    main                                     0x000015fd   Thumb Code   196  final_project.o(i.main)
    pvPortMalloc                             0x00002025   Thumb Code    98  heap_1.o(i.pvPortMalloc)
    pxPortInitialiseStack                    0x00002095   Thumb Code    38  port.o(i.pxPortInitialiseStack)
    uxListRemove                             0x000020c1   Thumb Code    40  list.o(i.uxListRemove)
    vListInitialise                          0x000020e9   Thumb Code    26  list.o(i.vListInitialise)
    vListInitialiseItem                      0x00002103   Thumb Code     6  list.o(i.vListInitialiseItem)
    vListInsert                              0x00002109   Thumb Code    52  list.o(i.vListInsert)
    vListInsertEnd                           0x0000213d   Thumb Code    24  list.o(i.vListInsertEnd)
    vPortEnterCritical                       0x00002155   Thumb Code    76  port.o(i.vPortEnterCritical)
    vPortExitCritical                        0x000021a9   Thumb Code    56  port.o(i.vPortExitCritical)
    vPortFree                                0x000021e5   Thumb Code    34  heap_1.o(i.vPortFree)
    vPortSetupTimerInterrupt                 0x00002209   Thumb Code    36  port.o(i.vPortSetupTimerInterrupt)
    vPortValidateInterruptPriority           0x00002231   Thumb Code   106  port.o(i.vPortValidateInterruptPriority)
    vQueueWaitForMessageRestricted           0x000022a9   Thumb Code    74  queue.o(i.vQueueWaitForMessageRestricted)
    vSensorTask                              0x000022f5   Thumb Code    70  final_project.o(i.vSensorTask)
    vSwitchTask                              0x0000234d   Thumb Code   118  final_project.o(i.vSwitchTask)
    vTaskDelay                               0x000023dd   Thumb Code    82  tasks.o(i.vTaskDelay)
    vTaskDelayUntil                          0x00002439   Thumb Code   200  tasks.o(i.vTaskDelayUntil)
    vTaskInternalSetTimeOutState             0x0000250d   Thumb Code    14  tasks.o(i.vTaskInternalSetTimeOutState)
    vTaskMissedYield                         0x00002525   Thumb Code     8  tasks.o(i.vTaskMissedYield)
    vTaskPlaceOnEventList                    0x00002531   Thumb Code    52  tasks.o(i.vTaskPlaceOnEventList)
    vTaskPlaceOnEventListRestricted          0x00002569   Thumb Code    60  tasks.o(i.vTaskPlaceOnEventListRestricted)
    vTaskStartScheduler                      0x000025a9   Thumb Code   118  tasks.o(i.vTaskStartScheduler)
    vTaskSuspendAll                          0x0000263d   Thumb Code    12  tasks.o(i.vTaskSuspendAll)
    vTaskSwitchContext                       0x0000264d   Thumb Code   118  tasks.o(i.vTaskSwitchContext)
    vTrackTask                               0x000026d9   Thumb Code   196  final_project.o(i.vTrackTask)
    xPortStartScheduler                      0x000027b1   Thumb Code   284  port.o(i.xPortStartScheduler)
    xQueueCreateCountingSemaphore            0x000028e9   Thumb Code    92  queue.o(i.xQueueCreateCountingSemaphore)
    xQueueGenericCreate                      0x00002945   Thumb Code    88  queue.o(i.xQueueGenericCreate)
    xQueueGenericReset                       0x0000299d   Thumb Code   146  queue.o(i.xQueueGenericReset)
    xQueueGenericSend                        0x00002a35   Thumb Code   420  queue.o(i.xQueueGenericSend)
    xQueueGenericSendFromISR                 0x00002bdd   Thumb Code   248  queue.o(i.xQueueGenericSendFromISR)
    xQueueGiveFromISR                        0x00002cd5   Thumb Code   224  queue.o(i.xQueueGiveFromISR)
    xQueueReceive                            0x00002db5   Thumb Code   356  queue.o(i.xQueueReceive)
    xQueueSemaphoreTake                      0x00002f1d   Thumb Code   332  queue.o(i.xQueueSemaphoreTake)
    xTaskAbortDelay                          0x0000306d   Thumb Code   144  tasks.o(i.xTaskAbortDelay)
    xTaskCheckForTimeOut                     0x0000310d   Thumb Code   156  tasks.o(i.xTaskCheckForTimeOut)
    xTaskCreate                              0x000031b5   Thumb Code    96  tasks.o(i.xTaskCreate)
    xTaskGetSchedulerState                   0x00003215   Thumb Code    24  tasks.o(i.xTaskGetSchedulerState)
    xTaskGetTickCount                        0x00003235   Thumb Code     6  tasks.o(i.xTaskGetTickCount)
    xTaskIncrementTick                       0x00003241   Thumb Code   282  tasks.o(i.xTaskIncrementTick)
    xTaskRemoveFromEventList                 0x00003389   Thumb Code   128  tasks.o(i.xTaskRemoveFromEventList)
    xTaskResumeAll                           0x00003421   Thumb Code   224  tasks.o(i.xTaskResumeAll)
    xTimerCreateTimerTask                    0x00003525   Thumb Code    64  timers.o(i.xTimerCreateTimerTask)
    xTimerGenericCommand                     0x00003579   Thumb Code   126  timers.o(i.xTimerGenericCommand)
    threshold                                0x00003600   Data           8  final_project.o(.constdata)
    Midi_NotePwmPeriods                      0x00003616   Data         240  midi.o(.constdata)
    Region$$Table$$Base                      0x00003b84   Number         0  anon$$obj.o(Region$$Table)
    Region$$Table$$Limit                     0x00003ba4   Number         0  anon$$obj.o(Region$$Table)
    SystemCoreClock                          0x20000000   Data           4  final_project.o(.data)
    avg_accX                                 0x20000014   Data           4  final_project.o(.data)
    avg_accY                                 0x20000018   Data           4  final_project.o(.data)
    avg_accZ                                 0x2000001c   Data           4  final_project.o(.data)
    midi_tune                                0x20001098   Data           8  midi-tune.o(.data)
    pxCurrentTCB                             0x200010a0   Data           4  tasks.o(.data)
    GPIOBaseAddress                          0x20001104   Data          24  hal_gpio.o(.data)
    PWMBaseAddress                           0x20001124   Data           8  hal_pwm.o(.data)
    __initial_sp                             0x200032f8   Data           0  startup_rvmdk.o(STACK)



==============================================================================

Memory Map of the image

  Image Entry point : 0x0000026d

  Load Region LR_1 (Base: 0x00000000, Size: 0x00004cd0, Max: 0xffffffff, ABSOLUTE, COMPRESSED[0x00004078])

    Execution Region ER_RO (Exec base: 0x00000000, Load base: 0x00000000, Size: 0x00003ba4, Max: 0xffffffff, ABSOLUTE)

    Exec Addr    Load Addr    Size         Type   Attr      Idx    E Section Name        Object

    0x00000000   0x00000000   0x00000288   Code   RO          268  * RESET               startup_rvmdk.o
    0x00000288   0x00000288   0x00000000   Code   RO         2384  * .ARM.Collect$$$$00000000  mc_w.l(entry.o)
    0x00000288   0x00000288   0x00000004   Code   RO         2662    .ARM.Collect$$$$00000001  mc_w.l(entry2.o)
    0x0000028c   0x0000028c   0x00000004   Code   RO         2665    .ARM.Collect$$$$00000004  mc_w.l(entry5.o)
    0x00000290   0x00000290   0x00000000   Code   RO         2667    .ARM.Collect$$$$00000008  mc_w.l(entry7b.o)
    0x00000290   0x00000290   0x00000000   Code   RO         2669    .ARM.Collect$$$$0000000A  mc_w.l(entry8b.o)
    0x00000290   0x00000290   0x00000008   Code   RO         2670    .ARM.Collect$$$$0000000B  mc_w.l(entry9a.o)
    0x00000298   0x00000298   0x00000000   Code   RO         2672    .ARM.Collect$$$$0000000D  mc_w.l(entry10a.o)
    0x00000298   0x00000298   0x00000000   Code   RO         2674    .ARM.Collect$$$$0000000F  mc_w.l(entry11a.o)
    0x00000298   0x00000298   0x00000004   Code   RO         2663    .ARM.Collect$$$$00002712  mc_w.l(entry2.o)
    0x0000029c   0x0000029c   0x000000be   Code   RO         1043    .emb_text           port.o
    0x0000035a   0x0000035a   0x00000002   PAD
    0x0000035c   0x0000035c   0x00000006   Code   RO         1615    .emb_text           driverlib.lib(sysctl.o)
    0x00000362   0x00000362   0x00000024   Code   RO         2389    .text               mc_w.l(memcpya.o)
    0x00000386   0x00000386   0x000000e4   Code   RO         2654    .text               mf_w.l(dmul.o)
    0x0000046a   0x0000046a   0x00000022   Code   RO         2656    .text               mf_w.l(dflti.o)
    0x0000048c   0x0000048c   0x0000001a   Code   RO         2658    .text               mf_w.l(dfltui.o)
    0x000004a6   0x000004a6   0x00000002   PAD
    0x000004a8   0x000004a8   0x00000030   Code   RO         2660    .text               mf_w.l(cdrcmple.o)
    0x000004d8   0x000004d8   0x00000000   Code   RO         2683    .text               mc_w.l(iusefp.o)
    0x000004d8   0x000004d8   0x000000ba   Code   RO         2684    .text               mf_w.l(depilogue.o)
    0x00000592   0x00000592   0x00000002   PAD
    0x00000594   0x00000594   0x00000024   Code   RO         2692    .text               mc_w.l(init.o)
    0x000005b8   0x000005b8   0x0000001e   Code   RO         2695    .text               mc_w.l(llshl.o)
    0x000005d6   0x000005d6   0x00000020   Code   RO         2697    .text               mc_w.l(llushr.o)
    0x000005f6   0x000005f6   0x0000005e   Code   RO         2710    .text               mc_w.l(__dclz77c.o)
    0x00000654   0x00000654   0x00000016   Code   RO            1    i.Delay             final_project.o
    0x0000066a   0x0000066a   0x00000028   Code   RO         1295    i.GPIODirModeSet    driverlib.lib(gpio.o)
    0x00000692   0x00000692   0x00000138   Code   RO         1307    i.GPIOPadConfigSet  driverlib.lib(gpio.o)
    0x000007ca   0x000007ca   0x00000002   PAD
    0x000007cc   0x000007cc   0x00000044   Code   RO         1308    i.GPIOPinConfigure  driverlib.lib(gpio.o)
    0x00000810   0x00000810   0x00000006   Code   RO         1309    i.GPIOPinRead       driverlib.lib(gpio.o)
    0x00000816   0x00000816   0x0000001c   Code   RO         1319    i.GPIOPinTypeGPIOOutput  driverlib.lib(gpio.o)
    0x00000832   0x00000832   0x0000001c   Code   RO         1331    i.GPIOPinTypeUART   driverlib.lib(gpio.o)
    0x0000084e   0x0000084e   0x00000006   Code   RO         1337    i.GPIOPinWrite      driverlib.lib(gpio.o)
    0x00000854   0x00000854   0x00000030   Code   RO         1126    i.GPIO_DisarmInterrupt  hal_gpio.o
    0x00000884   0x00000884   0x00000068   Code   RO         1128    i.GPIO_EnableAltDigital  hal_gpio.o
    0x000008ec   0x000008ec   0x00000098   Code   RO         1129    i.GPIO_EnableDI     hal_gpio.o
    0x00000984   0x00000984   0x0000010c   Code   RO         1131    i.GPIO_EnableInterrupt  hal_gpio.o
    0x00000a90   0x00000a90   0x00000030   Code   RO         1133    i.GPIO_InitPort     hal_gpio.o
    0x00000ac0   0x00000ac0   0x0000001c   Code   RO         1134    i.GPIO_PortFHandler  hal_gpio.o
    0x00000adc   0x00000adc   0x00000030   Code   RO         1135    i.GPIO_RearmInterrupt  hal_gpio.o
    0x00000b0c   0x00000b0c   0x00000026   Code   RO         1137    i.HandleInterrupt   hal_gpio.o
    0x00000b32   0x00000b32   0x00000002   PAD
    0x00000b34   0x00000b34   0x00000070   Code   RO            2    i.I2C3_Init         final_project.o
    0x00000ba4   0x00000ba4   0x000000c0   Code   RO            3    i.I2C3_Rd           final_project.o
    0x00000c64   0x00000c64   0x0000005c   Code   RO            4    i.I2C3_Wr           final_project.o
    0x00000cc0   0x00000cc0   0x0000001c   Code   RO            5    i.I2C_wait_till_done  final_project.o
    0x00000cdc   0x00000cdc   0x00000080   Code   RO            7    i.InitHardware      final_project.o
    0x00000d5c   0x00000d5c   0x00000040   Code   RO            9    i.MPU9250_Init      final_project.o
    0x00000d9c   0x00000d9c   0x00000044   Code   RO         1206    i.NVIC_EnableIRQ    hal_nvic.o
    0x00000de0   0x00000de0   0x0000000c   Code   RO         1228    i.PLL_GetBusClockFreq  hal_pll.o
    0x00000dec   0x00000dec   0x00000080   Code   RO         1229    i.PLL_Init80MHz     hal_pll.o
    0x00000e6c   0x00000e6c   0x00000108   Code   RO         1248    i.PWM_Configure     hal_pwm.o
    0x00000f74   0x00000f74   0x00000018   Code   RO         1249    i.PWM_Disable       hal_pwm.o
    0x00000f8c   0x00000f8c   0x00000018   Code   RO         1250    i.PWM_Enable        hal_pwm.o
    0x00000fa4   0x00000fa4   0x00000064   Code   RO         1251    i.PWM_SetClockDivisor  hal_pwm.o
    0x00001008   0x00001008   0x0000004c   Code   RO           10    i.PlayNote          final_project.o
    0x00001054   0x00001054   0x00000038   Code   RO         1207    i.SetPriority       hal_nvic.o
    0x0000108c   0x0000108c   0x00000090   Code   RO           11    i.SwitchHandler     final_project.o
    0x0000111c   0x0000111c   0x00000154   Code   RO         1618    i.SysCtlClockGet    driverlib.lib(sysctl.o)
    0x00001270   0x00001270   0x00000120   Code   RO         1620    i.SysCtlClockSet    driverlib.lib(sysctl.o)
    0x00001390   0x00001390   0x00000028   Code   RO         1649    i.SysCtlPeripheralEnable  driverlib.lib(sysctl.o)
    0x000013b8   0x000013b8   0x00000034   Code   RO         1044    i.SysTick_Handler   port.o
    0x000013ec   0x000013ec   0x0000006e   Code   RO         1983    i.UARTConfigSetExpClk  driverlib.lib(uart.o)
    0x0000145a   0x0000145a   0x00000008   Code   RO         1998    i.UARTIntEnable     driverlib.lib(uart.o)
    0x00001462   0x00001462   0x00000002   PAD
    0x00001464   0x00001464   0x0000005c   Code   RO           13    i.UART_init         final_project.o
    0x000014c0   0x000014c0   0x0000000e   Code   RO         2704    i.__scatterload_copy  mc_w.l(handlers.o)
    0x000014ce   0x000014ce   0x00000002   Code   RO         2705    i.__scatterload_null  mc_w.l(handlers.o)
    0x000014d0   0x000014d0   0x0000000e   Code   RO         2706    i.__scatterload_zeroinit  mc_w.l(handlers.o)
    0x000014de   0x000014de   0x00000002   PAD
    0x000014e0   0x000014e0   0x00000084   Code   RO          587    i.eTaskGetState     tasks.o
    0x00001564   0x00001564   0x00000098   Code   RO           14    i.init_vals         final_project.o
    0x000015fc   0x000015fc   0x00000108   Code   RO           15    i.main              final_project.o
    0x00001704   0x00001704   0x000000f0   Code   RO           16    i.motion_detect     final_project.o
    0x000017f4   0x000017f4   0x000000a4   Code   RO          589    i.prvAddCurrentTaskToDelayedList  tasks.o
    0x00001898   0x00001898   0x000000b4   Code   RO          590    i.prvAddNewTaskToReadyList  tasks.o
    0x0000194c   0x0000194c   0x0000004c   Code   RO          880    i.prvCheckForValidListAndQueue  timers.o
    0x00001998   0x00001998   0x00000048   Code   RO          591    i.prvCheckTasksWaitingTermination  tasks.o
    0x000019e0   0x000019e0   0x0000002a   Code   RO          428    i.prvCopyDataFromQueue  queue.o
    0x00001a0a   0x00001a0a   0x0000006a   Code   RO          429    i.prvCopyDataToQueue  queue.o
    0x00001a74   0x00001a74   0x00000012   Code   RO          592    i.prvDeleteTCB      tasks.o
    0x00001a86   0x00001a86   0x00000002   PAD
    0x00001a88   0x00001a88   0x00000028   Code   RO          881    i.prvGetNextExpireTime  timers.o
    0x00001ab0   0x00001ab0   0x00000008   Code   RO          593    i.prvIdleTask       tasks.o
    0x00001ab8   0x00001ab8   0x00000026   Code   RO          430    i.prvInitialiseNewQueue  queue.o
    0x00001ade   0x00001ade   0x000000a8   Code   RO          594    i.prvInitialiseNewTask  tasks.o
    0x00001b86   0x00001b86   0x00000002   PAD
    0x00001b88   0x00001b88   0x00000068   Code   RO          595    i.prvInitialiseTaskLists  tasks.o
    0x00001bf0   0x00001bf0   0x00000058   Code   RO          883    i.prvInsertTimerInActiveList  timers.o
    0x00001c48   0x00001c48   0x0000001a   Code   RO          431    i.prvIsQueueEmpty   queue.o
    0x00001c62   0x00001c62   0x0000001e   Code   RO          432    i.prvIsQueueFull    queue.o
    0x00001c80   0x00001c80   0x00000064   Code   RO          884    i.prvProcessExpiredTimer  timers.o
    0x00001ce4   0x00001ce4   0x000000f4   Code   RO          885    i.prvProcessReceivedCommands  timers.o
    0x00001dd8   0x00001dd8   0x00000074   Code   RO          886    i.prvProcessTimerOrBlockTask  timers.o
    0x00001e4c   0x00001e4c   0x00000034   Code   RO          596    i.prvResetNextTaskUnblockTime  tasks.o
    0x00001e80   0x00001e80   0x0000002c   Code   RO          887    i.prvSampleTimeNow  timers.o
    0x00001eac   0x00001eac   0x000000a0   Code   RO          888    i.prvSwitchTimerLists  timers.o
    0x00001f4c   0x00001f4c   0x00000040   Code   RO         1045    i.prvTaskExitError  port.o
    0x00001f8c   0x00001f8c   0x0000001a   Code   RO          889    i.prvTimerTask      timers.o
    0x00001fa6   0x00001fa6   0x0000007e   Code   RO          433    i.prvUnlockQueue    queue.o
    0x00002024   0x00002024   0x00000070   Code   RO         1010    i.pvPortMalloc      heap_1.o
    0x00002094   0x00002094   0x0000002c   Code   RO         1046    i.pxPortInitialiseStack  port.o
    0x000020c0   0x000020c0   0x00000028   Code   RO          388    i.uxListRemove      list.o
    0x000020e8   0x000020e8   0x0000001a   Code   RO          389    i.vListInitialise   list.o
    0x00002102   0x00002102   0x00000006   Code   RO          390    i.vListInitialiseItem  list.o
    0x00002108   0x00002108   0x00000034   Code   RO          391    i.vListInsert       list.o
    0x0000213c   0x0000213c   0x00000018   Code   RO          392    i.vListInsertEnd    list.o
    0x00002154   0x00002154   0x00000054   Code   RO         1048    i.vPortEnterCritical  port.o
    0x000021a8   0x000021a8   0x0000003c   Code   RO         1049    i.vPortExitCritical  port.o
    0x000021e4   0x000021e4   0x00000022   Code   RO         1011    i.vPortFree         heap_1.o
    0x00002206   0x00002206   0x00000002   PAD
    0x00002208   0x00002208   0x00000028   Code   RO         1050    i.vPortSetupTimerInterrupt  port.o
    0x00002230   0x00002230   0x00000078   Code   RO         1051    i.vPortValidateInterruptPriority  port.o
    0x000022a8   0x000022a8   0x0000004a   Code   RO          438    i.vQueueWaitForMessageRestricted  queue.o
    0x000022f2   0x000022f2   0x00000002   PAD
    0x000022f4   0x000022f4   0x00000058   Code   RO           19    i.vSensorTask       final_project.o
    0x0000234c   0x0000234c   0x00000090   Code   RO           20    i.vSwitchTask       final_project.o
    0x000023dc   0x000023dc   0x0000005c   Code   RO          603    i.vTaskDelay        tasks.o
    0x00002438   0x00002438   0x000000d4   Code   RO          604    i.vTaskDelayUntil   tasks.o
    0x0000250c   0x0000250c   0x00000018   Code   RO          607    i.vTaskInternalSetTimeOutState  tasks.o
    0x00002524   0x00002524   0x0000000c   Code   RO          608    i.vTaskMissedYield  tasks.o
    0x00002530   0x00002530   0x00000038   Code   RO          610    i.vTaskPlaceOnEventList  tasks.o
    0x00002568   0x00002568   0x00000040   Code   RO          611    i.vTaskPlaceOnEventListRestricted  tasks.o
    0x000025a8   0x000025a8   0x00000094   Code   RO          617    i.vTaskStartScheduler  tasks.o
    0x0000263c   0x0000263c   0x00000010   Code   RO          619    i.vTaskSuspendAll   tasks.o
    0x0000264c   0x0000264c   0x0000008c   Code   RO          620    i.vTaskSwitchContext  tasks.o
    0x000026d8   0x000026d8   0x000000d8   Code   RO           21    i.vTrackTask        final_project.o
    0x000027b0   0x000027b0   0x00000138   Code   RO         1052    i.xPortStartScheduler  port.o
    0x000028e8   0x000028e8   0x0000005c   Code   RO          439    i.xQueueCreateCountingSemaphore  queue.o
    0x00002944   0x00002944   0x00000058   Code   RO          440    i.xQueueGenericCreate  queue.o
    0x0000299c   0x0000299c   0x00000098   Code   RO          441    i.xQueueGenericReset  queue.o
    0x00002a34   0x00002a34   0x000001a8   Code   RO          442    i.xQueueGenericSend  queue.o
    0x00002bdc   0x00002bdc   0x000000f8   Code   RO          443    i.xQueueGenericSendFromISR  queue.o
    0x00002cd4   0x00002cd4   0x000000e0   Code   RO          444    i.xQueueGiveFromISR  queue.o
    0x00002db4   0x00002db4   0x00000168   Code   RO          449    i.xQueueReceive     queue.o
    0x00002f1c   0x00002f1c   0x00000150   Code   RO          451    i.xQueueSemaphoreTake  queue.o
    0x0000306c   0x0000306c   0x000000a0   Code   RO          621    i.xTaskAbortDelay   tasks.o
    0x0000310c   0x0000310c   0x000000a8   Code   RO          622    i.xTaskCheckForTimeOut  tasks.o
    0x000031b4   0x000031b4   0x00000060   Code   RO          623    i.xTaskCreate       tasks.o
    0x00003214   0x00003214   0x00000020   Code   RO          626    i.xTaskGetSchedulerState  tasks.o
    0x00003234   0x00003234   0x0000000c   Code   RO          627    i.xTaskGetTickCount  tasks.o
    0x00003240   0x00003240   0x00000148   Code   RO          629    i.xTaskIncrementTick  tasks.o
    0x00003388   0x00003388   0x00000098   Code   RO          632    i.xTaskRemoveFromEventList  tasks.o
    0x00003420   0x00003420   0x00000104   Code   RO          633    i.xTaskResumeAll    tasks.o
    0x00003524   0x00003524   0x00000054   Code   RO          893    i.xTimerCreateTimerTask  timers.o
    0x00003578   0x00003578   0x00000084   Code   RO          894    i.xTimerGenericCommand  timers.o
    0x000035fc   0x000035fc   0x00000004   PAD
    0x00003600   0x00003600   0x00000016   Data   RO           23    .constdata          final_project.o
    0x00003616   0x00003616   0x000000f0   Data   RO          273    .constdata          midi.o
    0x00003706   0x00003706   0x00000002   PAD
    0x00003708   0x00003708   0x00000228   Data   RO         1339    .constdata          driverlib.lib(gpio.o)
    0x00003930   0x00003930   0x00000254   Data   RO         1671    .constdata          driverlib.lib(sysctl.o)
    0x00003b84   0x00003b84   0x00000020   Data   RO         2702    Region$$Table       anon$$obj.o


    Execution Region ER_RW (Exec base: 0x20000000, Load base: 0x00003ba4, Size: 0x0000112c, Max: 0xffffffff, ABSOLUTE, COMPRESSED[0x000004d4])

    Exec Addr    Load Addr    Size         Type   Attr      Idx    E Section Name        Object

    0x20000000   COMPRESSED   0x00000060   Data   RW           24    .data               final_project.o
    0x20000060   COMPRESSED   0x00001040   Data   RW          282    .data               midi-tune.o
    0x200010a0   COMPRESSED   0x0000003c   Data   RW          636    .data               tasks.o
    0x200010dc   COMPRESSED   0x00000014   Data   RW          900    .data               timers.o
    0x200010f0   COMPRESSED   0x00000008   Data   RW         1015    .data               heap_1.o
    0x200010f8   COMPRESSED   0x0000000c   Data   RW         1053    .data               port.o
    0x20001104   COMPRESSED   0x0000001c   Data   RW         1138    .data               hal_gpio.o
    0x20001120   COMPRESSED   0x00000004   Data   RW         1230    .data               hal_pll.o
    0x20001124   COMPRESSED   0x00000008   Data   RW         1253    .data               hal_pwm.o


    Execution Region ER_ZI (Exec base: 0x2000112c, Load base: 0x00004078, Size: 0x000021cc, Max: 0xffffffff, ABSOLUTE)

    Exec Addr    Load Addr    Size         Type   Attr      Idx    E Section Name        Object

    0x2000112c        -       0x000000a0   Zero   RW          635    .bss                tasks.o
    0x200011cc        -       0x00000028   Zero   RW          899    .bss                timers.o
    0x200011f4        -       0x00002000   Zero   RW         1014    .bss                heap_1.o
    0x200031f4   0x00004078   0x00000004   PAD
    0x200031f8        -       0x00000100   Zero   RW          266    STACK               startup_rvmdk.o


==============================================================================

Image component sizes


      Code (inc. data)   RO Data    RW Data    ZI Data      Debug   Object Name

      2054        262         22         96          0      38960   final_project.o
       734         58          0         28          0       6682   hal_gpio.o
       124         10          0          0          0       1613   hal_nvic.o
       140         20          0          4          0       1242   hal_pll.o
       412         26          0          8          0       5234   hal_pwm.o
       146         14          0          8       8192       2231   heap_1.o
       148          0          0          0          0       3350   list.o
         0          0          0       4160          0       2514   midi-tune.o
         0          0        240          0          0        558   midi.o
       966         90          0         12          0      11861   port.o
      2366         18          0          0          0      24129   queue.o
       648        622          0          0        256        312   startup_rvmdk.o
      2870        384          0         60        160      23420   tasks.o
      1110        106          0         20         40      17635   timers.o

    ----------------------------------------------------------------------
     11734       1614        296       4396       8652     139741   Object Totals
         0          0         32          0          0          0   (incl. Generated)
        16          4          2          0          4          0   (incl. Padding)

    ----------------------------------------------------------------------

      Code (inc. data)   RO Data    RW Data    ZI Data      Debug   Library Member Name

       488          8        552          0          0       5398   gpio.o
       674         58        596          0          0       4567   sysctl.o
       118          0          0          0          0       2131   uart.o
        94          0          0          0          0          0   __dclz77c.o
         0          0          0          0          0          0   entry.o
         0          0          0          0          0          0   entry10a.o
         0          0          0          0          0          0   entry11a.o
         8          4          0          0          0          0   entry2.o
         4          0          0          0          0          0   entry5.o
         0          0          0          0          0          0   entry7b.o
         0          0          0          0          0          0   entry8b.o
         8          4          0          0          0          0   entry9a.o
        30          0          0          0          0          0   handlers.o
        36          8          0          0          0         68   init.o
         0          0          0          0          0          0   iusefp.o
        30          0          0          0          0         68   llshl.o
        32          0          0          0          0         68   llushr.o
        36          0          0          0          0         68   memcpya.o
        48          0          0          0          0         68   cdrcmple.o
       186          0          0          0          0        176   depilogue.o
        34          0          0          0          0         76   dflti.o
        26          0          0          0          0         76   dfltui.o
       228          0          0          0          0         96   dmul.o

    ----------------------------------------------------------------------
      2090         82       1148          0          0      12860   Library Totals
        10          0          0          0          0          0   (incl. Padding)

    ----------------------------------------------------------------------

      Code (inc. data)   RO Data    RW Data    ZI Data      Debug   Library Name

      1280         66       1148          0          0      12096   driverlib.lib
       278         16          0          0          0        272   mc_w.l
       522          0          0          0          0        492   mf_w.l

    ----------------------------------------------------------------------
      2090         82       1148          0          0      12860   Library Totals

    ----------------------------------------------------------------------

==============================================================================


      Code (inc. data)   RO Data    RW Data    ZI Data      Debug   

     13824       1696       1444       4396       8652     142121   Grand Totals
     13824       1696       1444       1236       8652     142121   ELF Image Totals (compressed)
     13824       1696       1444       1236          0          0   ROM Totals

==============================================================================

    Total RO  Size (Code + RO Data)                15268 (  14.91kB)
    Total RW  Size (RW Data + ZI Data)             13048 (  12.74kB)
    Total ROM Size (Code + RO Data + RW Data)      16504 (  16.12kB)

==============================================================================

